server/debug_bulkCreateProductsWithAccounting.ts(1066,5): error TS1131: Property or signature expected.
server/debug_bulkCreateProductsWithAccounting.ts(1067,3): error TS1128: Declaration or statement expected.
server/debug_bulkCreateProductsWithAccounting.ts(1069,3): error TS1434: Unexpected keyword or identifier.
server/debug_bulkCreateProductsWithAccounting.ts(1069,30): error TS1005: ',' expected.
server/debug_bulkCreateProductsWithAccounting.ts(1069,39): error TS1005: ';' expected.
server/debug_bulkCreateProductsWithAccounting.ts(1069,53): error TS1109: Expression expected.
server/debug_bulkCreateProductsWithAccounting.ts(1070,11): error TS1005: ':' expected.
server/debug_bulkCreateProductsWithAccounting.ts(1074,3): error TS1434: Unexpected keyword or identifier.
server/debug_bulkCreateProductsWithAccounting.ts(1074,19): error TS1005: ';' expected.
server/debug_bulkCreateProductsWithAccounting.ts(1074,34): error TS1011: An element access expression should take an argument.
server/debug_bulkCreateProductsWithAccounting.ts(1075,12): error TS1005: ':' expected.
server/debug_bulkCreateProductsWithAccounting.ts(1075,14): error TS1005: ',' expected.
server/debug_bulkCreateProductsWithAccounting.ts(1078,3): error TS1434: Unexpected keyword or identifier.
server/debug_bulkCreateProductsWithAccounting.ts(1078,24): error TS1005: ',' expected.
server/debug_bulkCreateProductsWithAccounting.ts(1079,12): error TS1005: ':' expected.
server/debug_bulkCreateProductsWithAccounting.ts(1079,21): error TS1005: ',' expected.
server/debug_bulkCreateProductsWithAccounting.ts(1082,3): error TS1005: ',' expected.
server/debug_bulkCreateProductsWithAccounting.ts(1082,9): error TS1005: ',' expected.
server/debug_bulkCreateProductsWithAccounting.ts(1082,22): error TS1005: ',' expected.
server/debug_bulkCreateProductsWithAccounting.ts(1082,36): error TS1005: ',' expected.
server/debug_bulkCreateProductsWithAccounting.ts(1083,12): error TS1005: ':' expected.
server/debug_bulkCreateProductsWithAccounting.ts(1083,21): error TS1005: ',' expected.
server/debug_bulkCreateProductsWithAccounting.ts(1086,3): error TS1005: ',' expected.
server/debug_bulkCreateProductsWithAccounting.ts(1086,9): error TS1005: ',' expected.
server/debug_bulkCreateProductsWithAccounting.ts(1086,22): error TS1005: ',' expected.
server/debug_bulkCreateProductsWithAccounting.ts(1086,31): error TS1005: ',' expected.
server/debug_bulkCreateProductsWithAccounting.ts(1086,45): error TS1109: Expression expected.
server/debug_bulkCreateProductsWithAccounting.ts(1087,11): error TS1005: ':' expected.
server/debug_bulkCreateProductsWithAccounting.ts(1091,3): error TS1005: ',' expected.
server/debug_bulkCreateProductsWithAccounting.ts(1091,9): error TS1005: ',' expected.
server/debug_bulkCreateProductsWithAccounting.ts(1091,28): error TS1109: Expression expected.
server/debug_bulkCreateProductsWithAccounting.ts(1092,12): error TS1005: ':' expected.
server/debug_bulkCreateProductsWithAccounting.ts(1092,14): error TS1005: ',' expected.
server/debug_bulkCreateProductsWithAccounting.ts(1095,3): error TS1005: ',' expected.
server/debug_bulkCreateProductsWithAccounting.ts(1095,9): error TS1005: ',' expected.
server/debug_bulkCreateProductsWithAccounting.ts(1095,23): error TS1005: ',' expected.
server/debug_bulkCreateProductsWithAccounting.ts(1095,32): error TS1005: ',' expected.
server/debug_bulkCreateProductsWithAccounting.ts(1096,12): error TS1005: ':' expected.
server/debug_bulkCreateProductsWithAccounting.ts(1096,21): error TS1005: ',' expected.
server/debug_bulkCreateProductsWithAccounting.ts(1099,3): error TS1005: ',' expected.
server/debug_bulkCreateProductsWithAccounting.ts(1099,9): error TS1005: ',' expected.
server/debug_bulkCreateProductsWithAccounting.ts(1099,28): error TS1005: ',' expected.
server/debug_bulkCreateProductsWithAccounting.ts(1099,45): error TS1005: ',' expected.
server/debug_bulkCreateProductsWithAccounting.ts(1100,12): error TS1005: ':' expected.
server/debug_bulkCreateProductsWithAccounting.ts(1100,21): error TS1005: ',' expected.
server/debug_bulkCreateProductsWithAccounting.ts(1103,3): error TS1005: ',' expected.
server/debug_bulkCreateProductsWithAccounting.ts(1103,9): error TS1005: ',' expected.
server/debug_bulkCreateProductsWithAccounting.ts(1103,26): error TS1005: ',' expected.
server/debug_bulkCreateProductsWithAccounting.ts(1103,40): error TS1005: ',' expected.
server/debug_bulkCreateProductsWithAccounting.ts(1103,66): error TS1005: ',' expected.
server/debug_bulkCreateProductsWithAccounting.ts(1104,12): error TS1005: ':' expected.
server/debug_bulkCreateProductsWithAccounting.ts(1104,21): error TS1005: ',' expected.
server/debug_bulkCreateProductsWithAccounting.ts(1107,3): error TS1005: ',' expected.
server/debug_bulkCreateProductsWithAccounting.ts(1107,9): error TS1005: ',' expected.
server/debug_bulkCreateProductsWithAccounting.ts(1107,26): error TS1005: ',' expected.
server/debug_bulkCreateProductsWithAccounting.ts(1107,35): error TS1005: ',' expected.
server/debug_bulkCreateProductsWithAccounting.ts(1107,49): error TS1109: Expression expected.
server/debug_bulkCreateProductsWithAccounting.ts(1108,11): error TS1005: ':' expected.
server/debug_bulkCreateProductsWithAccounting.ts(1112,3): error TS1005: ',' expected.
server/debug_bulkCreateProductsWithAccounting.ts(1112,9): error TS1005: ',' expected.
server/debug_bulkCreateProductsWithAccounting.ts(1113,11): error TS1109: Expression expected.
server/debug_bulkCreateProductsWithAccounting.ts(1114,12): error TS1005: ':' expected.
server/debug_bulkCreateProductsWithAccounting.ts(1114,38): error TS1005: ',' expected.
server/debug_bulkCreateProductsWithAccounting.ts(1117,3): error TS1005: ',' expected.
server/debug_bulkCreateProductsWithAccounting.ts(1117,9): error TS1005: ',' expected.
server/debug_bulkCreateProductsWithAccounting.ts(1117,32): error TS1005: ',' expected.
server/debug_bulkCreateProductsWithAccounting.ts(1118,12): error TS1005: ':' expected.
server/debug_bulkCreateProductsWithAccounting.ts(1118,14): error TS1005: ',' expected.
server/debug_bulkCreateProductsWithAccounting.ts(1121,3): error TS1005: ',' expected.
server/debug_bulkCreateProductsWithAccounting.ts(1121,9): error TS1005: ',' expected.
server/debug_bulkCreateProductsWithAccounting.ts(1121,22): error TS1005: ',' expected.
server/debug_bulkCreateProductsWithAccounting.ts(1121,31): error TS1005: ',' expected.
server/debug_bulkCreateProductsWithAccounting.ts(1122,12): error TS1005: ':' expected.
server/debug_bulkCreateProductsWithAccounting.ts(1122,21): error TS1005: ',' expected.
server/debug_bulkCreateProductsWithAccounting.ts(1125,3): error TS1005: ',' expected.
server/debug_bulkCreateProductsWithAccounting.ts(1125,9): error TS1005: ',' expected.
server/debug_bulkCreateProductsWithAccounting.ts(1125,27): error TS1005: ',' expected.
server/debug_bulkCreateProductsWithAccounting.ts(1125,43): error TS1005: ',' expected.
server/debug_bulkCreateProductsWithAccounting.ts(1126,12): error TS1005: ':' expected.
server/debug_bulkCreateProductsWithAccounting.ts(1126,21): error TS1005: ',' expected.
server/debug_bulkCreateProductsWithAccounting.ts(1129,3): error TS1005: ',' expected.
server/debug_bulkCreateProductsWithAccounting.ts(1129,9): error TS1005: ',' expected.
server/debug_bulkCreateProductsWithAccounting.ts(1129,41): error TS1005: ',' expected.
server/debug_bulkCreateProductsWithAccounting.ts(1129,72): error TS1109: Expression expected.
server/debug_bulkCreateProductsWithAccounting.ts(1129,88): error TS1005: ',' expected.
server/debug_bulkCreateProductsWithAccounting.ts(1130,12): error TS1005: ':' expected.
server/debug_bulkCreateProductsWithAccounting.ts(1130,21): error TS1005: ',' expected.
server/debug_bulkCreateProductsWithAccounting.ts(1133,3): error TS1005: ',' expected.
server/debug_bulkCreateProductsWithAccounting.ts(1133,9): error TS1005: ',' expected.
server/debug_bulkCreateProductsWithAccounting.ts(1133,25): error TS1005: ',' expected.
server/debug_bulkCreateProductsWithAccounting.ts(1133,39): error TS1005: ',' expected.
server/debug_bulkCreateProductsWithAccounting.ts(1133,64): error TS1005: ',' expected.
server/debug_bulkCreateProductsWithAccounting.ts(1134,12): error TS1005: ':' expected.
server/debug_bulkCreateProductsWithAccounting.ts(1134,21): error TS1005: ',' expected.
server/debug_bulkCreateProductsWithAccounting.ts(1137,3): error TS1005: ',' expected.
server/debug_bulkCreateProductsWithAccounting.ts(1137,9): error TS1005: ',' expected.
server/debug_bulkCreateProductsWithAccounting.ts(1137,43): error TS1005: ',' expected.
server/debug_bulkCreateProductsWithAccounting.ts(1137,68): error TS1005: ',' expected.
server/debug_bulkCreateProductsWithAccounting.ts(1137,83): error TS1005: ',' expected.
server/debug_bulkCreateProductsWithAccounting.ts(1137,120): error TS1005: ',' expected.
server/debug_bulkCreateProductsWithAccounting.ts(1137,129): error TS1005: ',' expected.
server/debug_bulkCreateProductsWithAccounting.ts(1138,12): error TS1005: ':' expected.
server/debug_bulkCreateProductsWithAccounting.ts(1138,21): error TS1005: ',' expected.
server/debug_bulkCreateProductsWithAccounting.ts(1141,3): error TS1005: ',' expected.
server/debug_bulkCreateProductsWithAccounting.ts(1141,9): error TS1005: ',' expected.
server/debug_bulkCreateProductsWithAccounting.ts(1141,56): error TS1005: ',' expected.
server/debug_bulkCreateProductsWithAccounting.ts(1141,81): error TS1005: ',' expected.
server/debug_bulkCreateProductsWithAccounting.ts(1141,96): error TS1005: ',' expected.
server/debug_bulkCreateProductsWithAccounting.ts(1141,133): error TS1005: ',' expected.
server/debug_bulkCreateProductsWithAccounting.ts(1141,156): error TS1005: ',' expected.
server/debug_bulkCreateProductsWithAccounting.ts(1141,165): error TS1005: ',' expected.
server/debug_bulkCreateProductsWithAccounting.ts(1142,12): error TS1005: ':' expected.
server/debug_bulkCreateProductsWithAccounting.ts(1142,21): error TS1005: ',' expected.
server/debug_bulkCreateProductsWithAccounting.ts(1145,3): error TS1005: ',' expected.
server/debug_bulkCreateProductsWithAccounting.ts(1145,9): error TS1005: ',' expected.
server/debug_bulkCreateProductsWithAccounting.ts(1145,25): error TS1005: ',' expected.
server/debug_bulkCreateProductsWithAccounting.ts(1145,34): error TS1005: ',' expected.
server/debug_bulkCreateProductsWithAccounting.ts(1145,48): error TS1109: Expression expected.
server/debug_bulkCreateProductsWithAccounting.ts(1146,11): error TS1005: ':' expected.
server/debug_bulkCreateProductsWithAccounting.ts(1149,3): error TS1005: ',' expected.
server/debug_bulkCreateProductsWithAccounting.ts(1149,9): error TS1005: ',' expected.
server/debug_bulkCreateProductsWithAccounting.ts(1150,17): error TS1005: ',' expected.
server/debug_bulkCreateProductsWithAccounting.ts(1151,12): error TS1005: ':' expected.
server/debug_bulkCreateProductsWithAccounting.ts(1151,21): error TS1005: ',' expected.
server/debug_bulkCreateProductsWithAccounting.ts(1155,3): error TS1005: ',' expected.
server/debug_bulkCreateProductsWithAccounting.ts(1155,9): error TS1005: ',' expected.
server/debug_bulkCreateProductsWithAccounting.ts(1155,34): error TS1109: Expression expected.
server/debug_bulkCreateProductsWithAccounting.ts(1155,43): error TS1005: ',' expected.
server/debug_bulkCreateProductsWithAccounting.ts(1155,63): error TS1011: An element access expression should take an argument.
server/debug_bulkCreateProductsWithAccounting.ts(1159,5): error TS1005: ',' expected.
server/debug_bulkCreateProductsWithAccounting.ts(1159,12): error TS1005: ':' expected.
server/debug_bulkCreateProductsWithAccounting.ts(1159,39): error TS1005: ',' expected.
server/debug_bulkCreateProductsWithAccounting.ts(1162,3): error TS1005: ',' expected.
server/debug_bulkCreateProductsWithAccounting.ts(1162,9): error TS1005: ',' expected.
server/debug_bulkCreateProductsWithAccounting.ts(1162,44): error TS1005: ',' expected.
server/debug_bulkCreateProductsWithAccounting.ts(1162,53): error TS1005: ',' expected.
server/debug_bulkCreateProductsWithAccounting.ts(1162,67): error TS1011: An element access expression should take an argument.
server/debug_bulkCreateProductsWithAccounting.ts(1163,9): error TS1005: ':' expected.
server/debug_bulkCreateProductsWithAccounting.ts(1164,14): error TS1005: ',' expected.
server/debug_bulkCreateProductsWithAccounting.ts(1164,77): error TS1005: ',' expected.
server/debug_bulkCreateProductsWithAccounting.ts(1165,13): error TS1005: ':' expected.
server/debug_bulkCreateProductsWithAccounting.ts(1165,109): error TS1005: ',' expected.
server/debug_bulkCreateProductsWithAccounting.ts(1166,14): error TS1005: ',' expected.
server/debug_bulkCreateProductsWithAccounting.ts(1166,84): error TS1005: ',' expected.
server/debug_bulkCreateProductsWithAccounting.ts(1168,13): error TS1005: ':' expected.
server/debug_bulkCreateProductsWithAccounting.ts(1171,10): error TS1005: ',' expected.
server/debug_bulkCreateProductsWithAccounting.ts(1173,13): error TS1005: ':' expected.
server/debug_bulkCreateProductsWithAccounting.ts(1173,79): error TS1005: ',' expected.
server/debug_bulkCreateProductsWithAccounting.ts(1174,14): error TS1005: ',' expected.
server/debug_bulkCreateProductsWithAccounting.ts(1174,86): error TS1005: ',' expected.
server/debug_bulkCreateProductsWithAccounting.ts(1175,14): error TS1005: ':' expected.
server/debug_bulkCreateProductsWithAccounting.ts(1175,27): error TS1005: ',' expected.
server/debug_bulkCreateProductsWithAccounting.ts(1176,7): error TS1005: ',' expected.
server/debug_bulkCreateProductsWithAccounting.ts(1182,3): error TS1005: ',' expected.
server/debug_bulkCreateProductsWithAccounting.ts(1182,9): error TS1005: ',' expected.
server/debug_bulkCreateProductsWithAccounting.ts(1182,29): error TS1005: ',' expected.
server/debug_bulkCreateProductsWithAccounting.ts(1182,47): error TS1005: ',' expected.
server/debug_bulkCreateProductsWithAccounting.ts(1183,11): error TS1005: ':' expected.
server/debug_bulkCreateProductsWithAccounting.ts(1183,70): error TS1005: ',' expected.
server/debug_bulkCreateProductsWithAccounting.ts(1184,12): error TS1005: ':' expected.
server/debug_bulkCreateProductsWithAccounting.ts(1184,15): error TS1005: ',' expected.
server/debug_bulkCreateProductsWithAccounting.ts(1187,3): error TS1005: ',' expected.
server/debug_bulkCreateProductsWithAccounting.ts(1187,9): error TS1005: ',' expected.
server/debug_bulkCreateProductsWithAccounting.ts(1187,27): error TS1005: ',' expected.
server/debug_bulkCreateProductsWithAccounting.ts(1187,41): error TS1005: ',' expected.
server/debug_bulkCreateProductsWithAccounting.ts(1187,68): error TS1005: ',' expected.
server/debug_bulkCreateProductsWithAccounting.ts(1188,11): error TS1005: ':' expected.
server/debug_bulkCreateProductsWithAccounting.ts(1188,95): error TS1005: ',' expected.
server/debug_bulkCreateProductsWithAccounting.ts(1189,12): error TS1005: ':' expected.
server/debug_bulkCreateProductsWithAccounting.ts(1189,28): error TS1005: ',' expected.
server/debug_bulkCreateProductsWithAccounting.ts(1192,3): error TS1005: ',' expected.
server/debug_bulkCreateProductsWithAccounting.ts(1192,9): error TS1005: ',' expected.
server/debug_bulkCreateProductsWithAccounting.ts(1192,29): error TS1005: ',' expected.
server/debug_bulkCreateProductsWithAccounting.ts(1192,50): error TS1005: ',' expected.
server/debug_bulkCreateProductsWithAccounting.ts(1192,71): error TS1005: ',' expected.
server/debug_bulkCreateProductsWithAccounting.ts(1192,95): error TS1005: ',' expected.
server/debug_bulkCreateProductsWithAccounting.ts(1192,114): error TS1005: ',' expected.
server/debug_bulkCreateProductsWithAccounting.ts(1192,130): error TS1005: ',' expected.
server/debug_bulkCreateProductsWithAccounting.ts(1192,167): error TS1005: ',' expected.
server/debug_bulkCreateProductsWithAccounting.ts(1193,11): error TS1005: ':' expected.
server/debug_bulkCreateProductsWithAccounting.ts(1193,61): error TS1005: ',' expected.
server/debug_bulkCreateProductsWithAccounting.ts(1195,12): error TS1005: ':' expected.
server/debug_bulkCreateProductsWithAccounting.ts(1265,7): error TS1005: ',' expected.
server/debug_bulkCreateProductsWithAccounting.ts(1269,3): error TS1005: ',' expected.
server/debug_bulkCreateProductsWithAccounting.ts(1269,9): error TS1005: ',' expected.
server/debug_bulkCreateProductsWithAccounting.ts(1269,28): error TS1109: Expression expected.
server/debug_bulkCreateProductsWithAccounting.ts(1269,57): error TS1005: ',' expected.
server/debug_bulkCreateProductsWithAccounting.ts(1269,81): error TS1005: ',' expected.
server/debug_bulkCreateProductsWithAccounting.ts(1269,117): error TS1005: ',' expected.
server/debug_bulkCreateProductsWithAccounting.ts(1269,136): error TS1011: An element access expression should take an argument.
server/debug_bulkCreateProductsWithAccounting.ts(1270,11): error TS1005: ':' expected.
server/debug_bulkCreateProductsWithAccounting.ts(1270,26): error TS1005: ',' expected.
server/debug_bulkCreateProductsWithAccounting.ts(1273,15): error TS1005: ',' expected.
server/debug_bulkCreateProductsWithAccounting.ts(1273,53): error TS1005: ',' expected.
server/debug_bulkCreateProductsWithAccounting.ts(1274,14): error TS1005: ':' expected.
server/debug_bulkCreateProductsWithAccounting.ts(1274,16): error TS1005: ',' expected.
server/debug_bulkCreateProductsWithAccounting.ts(1278,5): error TS1005: ',' expected.
server/debug_bulkCreateProductsWithAccounting.ts(1298,3): error TS1128: Declaration or statement expected.
server/debug_bulkCreateProductsWithAccounting.ts(1300,3): error TS1434: Unexpected keyword or identifier.
server/debug_bulkCreateProductsWithAccounting.ts(1300,23): error TS1005: ',' expected.
server/debug_bulkCreateProductsWithAccounting.ts(1300,32): error TS1005: ';' expected.
server/debug_bulkCreateProductsWithAccounting.ts(1301,11): error TS1005: ':' expected.
server/debug_bulkCreateProductsWithAccounting.ts(1301,85): error TS1005: ',' expected.
server/debug_bulkCreateProductsWithAccounting.ts(1302,12): error TS1005: ':' expected.
server/debug_bulkCreateProductsWithAccounting.ts(1302,33): error TS1005: ',' expected.
server/debug_bulkCreateProductsWithAccounting.ts(1305,3): error TS1434: Unexpected keyword or identifier.
server/debug_bulkCreateProductsWithAccounting.ts(1305,28): error TS1005: ',' expected.
server/debug_bulkCreateProductsWithAccounting.ts(1305,45): error TS1005: ';' expected.
server/debug_bulkCreateProductsWithAccounting.ts(1307,13): error TS1005: ',' expected.
server/debug_bulkCreateProductsWithAccounting.ts(1307,19): error TS1005: ',' expected.
server/debug_bulkCreateProductsWithAccounting.ts(1307,21): error TS1136: Property assignment expected.
server/debug_bulkCreateProductsWithAccounting.ts(1325,3): error TS1128: Declaration or statement expected.
server/debug_bulkCreateProductsWithAccounting.ts(1327,3): error TS1434: Unexpected keyword or identifier.
server/debug_bulkCreateProductsWithAccounting.ts(1327,26): error TS1005: ',' expected.
server/debug_bulkCreateProductsWithAccounting.ts(1327,40): error TS1005: ',' expected.
server/debug_bulkCreateProductsWithAccounting.ts(1327,66): error TS1005: ';' expected.
server/debug_bulkCreateProductsWithAccounting.ts(1328,11): error TS1005: ':' expected.
server/debug_bulkCreateProductsWithAccounting.ts(1328,100): error TS1005: ',' expected.
server/debug_bulkCreateProductsWithAccounting.ts(1329,12): error TS1005: ':' expected.
server/debug_bulkCreateProductsWithAccounting.ts(1329,33): error TS1005: ',' expected.
server/debug_bulkCreateProductsWithAccounting.ts(1332,3): error TS1434: Unexpected keyword or identifier.
server/debug_bulkCreateProductsWithAccounting.ts(1332,26): error TS1005: ',' expected.
server/debug_bulkCreateProductsWithAccounting.ts(1332,35): error TS1005: ';' expected.
server/debug_bulkCreateProductsWithAccounting.ts(1332,49): error TS1109: Expression expected.
server/debug_bulkCreateProductsWithAccounting.ts(1333,11): error TS1005: ',' expected.
server/debug_bulkCreateProductsWithAccounting.ts(1333,13): error TS1005: ',' expected.
server/debug_bulkCreateProductsWithAccounting.ts(1333,59): error TS1005: ',' expected.
server/debug_bulkCreateProductsWithAccounting.ts(1336,3): error TS1434: Unexpected keyword or identifier.
server/debug_bulkCreateProductsWithAccounting.ts(1336,31): error TS1005: ',' expected.
server/debug_bulkCreateProductsWithAccounting.ts(1336,47): error TS1005: ',' expected.
server/debug_bulkCreateProductsWithAccounting.ts(1336,70): error TS1005: ',' expected.
server/debug_bulkCreateProductsWithAccounting.ts(1336,93): error TS1005: ',' expected.
server/debug_bulkCreateProductsWithAccounting.ts(1336,109): error TS1109: Expression expected.
server/debug_bulkCreateProductsWithAccounting.ts(1336,125): error TS1109: Expression expected.
server/debug_bulkCreateProductsWithAccounting.ts(1336,144): error TS1005: ',' expected.
server/debug_bulkCreateProductsWithAccounting.ts(1336,166): error TS1005: ';' expected.
server/debug_bulkCreateProductsWithAccounting.ts(1337,12): error TS1005: ':' expected.
server/debug_bulkCreateProductsWithAccounting.ts(1442,7): error TS1005: ',' expected.
server/debug_bulkCreateProductsWithAccounting.ts(1445,3): error TS1434: Unexpected keyword or identifier.
server/debug_bulkCreateProductsWithAccounting.ts(1445,32): error TS1005: ',' expected.
server/debug_bulkCreateProductsWithAccounting.ts(1445,48): error TS1005: ',' expected.
server/debug_bulkCreateProductsWithAccounting.ts(1445,71): error TS1005: ',' expected.
server/debug_bulkCreateProductsWithAccounting.ts(1445,94): error TS1005: ',' expected.
server/debug_bulkCreateProductsWithAccounting.ts(1445,110): error TS1109: Expression expected.
server/debug_bulkCreateProductsWithAccounting.ts(1445,119): error TS1005: ';' expected.
server/debug_bulkCreateProductsWithAccounting.ts(1447,11): error TS1005: ',' expected.
server/debug_bulkCreateProductsWithAccounting.ts(1447,15): error TS1005: ':' expected.
server/debug_bulkCreateProductsWithAccounting.ts(1447,79): error TS1005: ',' expected.
server/debug_bulkCreateProductsWithAccounting.ts(1449,12): error TS1005: ':' expected.
server/debug_bulkCreateProductsWithAccounting.ts(1502,7): error TS1005: ',' expected.
server/debug_bulkCreateProductsWithAccounting.ts(1506,3): error TS1434: Unexpected keyword or identifier.
server/debug_bulkCreateProductsWithAccounting.ts(1507,15): error TS1005: ',' expected.
server/debug_bulkCreateProductsWithAccounting.ts(1508,11): error TS1005: ',' expected.
server/debug_bulkCreateProductsWithAccounting.ts(1509,18): error TS1005: ',' expected.
server/debug_bulkCreateProductsWithAccounting.ts(1510,18): error TS1005: ',' expected.
server/debug_bulkCreateProductsWithAccounting.ts(1511,11): error TS1109: Expression expected.
server/debug_bulkCreateProductsWithAccounting.ts(1512,11): error TS1109: Expression expected.
server/debug_bulkCreateProductsWithAccounting.ts(1512,30): error TS1005: ',' expected.
server/debug_bulkCreateProductsWithAccounting.ts(1513,4): error TS1005: ';' expected.
server/debug_bulkCreateProductsWithAccounting.ts(1514,16): error TS1005: ',' expected.
server/debug_bulkCreateProductsWithAccounting.ts(1514,20): error TS1005: ';' expected.
server/debug_bulkCreateProductsWithAccounting.ts(1603,3): error TS1128: Declaration or statement expected.
server/debug_bulkCreateProductsWithAccounting.ts(1605,3): error TS1434: Unexpected keyword or identifier.
server/debug_bulkCreateProductsWithAccounting.ts(1605,31): error TS1005: ',' expected.
server/debug_bulkCreateProductsWithAccounting.ts(1605,47): error TS1005: ',' expected.
server/debug_bulkCreateProductsWithAccounting.ts(1605,70): error TS1005: ',' expected.
server/debug_bulkCreateProductsWithAccounting.ts(1605,94): error TS1109: Expression expected.
server/debug_bulkCreateProductsWithAccounting.ts(1605,117): error TS1109: Expression expected.
server/debug_bulkCreateProductsWithAccounting.ts(1605,126): error TS1005: ';' expected.
server/debug_bulkCreateProductsWithAccounting.ts(1606,12): error TS1005: ':' expected.
server/debug_bulkCreateProductsWithAccounting.ts(1606,14): error TS1005: ',' expected.
server/debug_bulkCreateProductsWithAccounting.ts(1610,3): error TS1434: Unexpected keyword or identifier.
server/debug_bulkCreateProductsWithAccounting.ts(1611,15): error TS1005: ',' expected.
server/debug_bulkCreateProductsWithAccounting.ts(1612,11): error TS1005: ',' expected.
server/debug_bulkCreateProductsWithAccounting.ts(1613,18): error TS1005: ',' expected.
server/debug_bulkCreateProductsWithAccounting.ts(1614,18): error TS1005: ',' expected.
server/debug_bulkCreateProductsWithAccounting.ts(1615,11): error TS1109: Expression expected.
server/debug_bulkCreateProductsWithAccounting.ts(1616,11): error TS1109: Expression expected.
server/debug_bulkCreateProductsWithAccounting.ts(1617,11): error TS1005: ':' expected.
server/debug_bulkCreateProductsWithAccounting.ts(1621,3): error TS1005: ',' expected.
server/debug_bulkCreateProductsWithAccounting.ts(1621,9): error TS1005: ',' expected.
server/debug_bulkCreateProductsWithAccounting.ts(1621,28): error TS1005: ',' expected.
server/debug_bulkCreateProductsWithAccounting.ts(1621,52): error TS1011: An element access expression should take an argument.
server/debug_bulkCreateProductsWithAccounting.ts(1622,12): error TS1005: ':' expected.
server/debug_bulkCreateProductsWithAccounting.ts(1622,84): error TS1005: ',' expected.
server/debug_bulkCreateProductsWithAccounting.ts(1625,3): error TS1005: ',' expected.
server/debug_bulkCreateProductsWithAccounting.ts(1625,9): error TS1005: ',' expected.
server/debug_bulkCreateProductsWithAccounting.ts(1625,28): error TS1005: ',' expected.
server/debug_bulkCreateProductsWithAccounting.ts(1625,37): error TS1005: ',' expected.
server/debug_bulkCreateProductsWithAccounting.ts(1626,11): error TS1005: ':' expected.
server/debug_bulkCreateProductsWithAccounting.ts(1626,92): error TS1005: ',' expected.
server/debug_bulkCreateProductsWithAccounting.ts(1627,12): error TS1005: ':' expected.
server/debug_bulkCreateProductsWithAccounting.ts(1627,30): error TS1005: ',' expected.
server/debug_bulkCreateProductsWithAccounting.ts(1630,3): error TS1005: ',' expected.
server/debug_bulkCreateProductsWithAccounting.ts(1630,9): error TS1005: ',' expected.
server/debug_bulkCreateProductsWithAccounting.ts(1630,37): error TS1005: ',' expected.
server/debug_bulkCreateProductsWithAccounting.ts(1630,46): error TS1005: ',' expected.
server/debug_bulkCreateProductsWithAccounting.ts(1630,78): error TS1005: ',' expected.
server/debug_bulkCreateProductsWithAccounting.ts(1630,105): error TS1011: An element access expression should take an argument.
server/debug_bulkCreateProductsWithAccounting.ts(1631,11): error TS1005: ':' expected.
server/debug_bulkCreateProductsWithAccounting.ts(1631,92): error TS1005: ',' expected.
server/debug_bulkCreateProductsWithAccounting.ts(1632,9): error TS1003: Identifier expected.
server/debug_bulkCreateProductsWithAccounting.ts(1632,17): error TS1005: '{' expected.
server/debug_bulkCreateProductsWithAccounting.ts(1632,24): error TS1005: ':' expected.
server/debug_bulkCreateProductsWithAccounting.ts(1632,33): error TS1005: ',' expected.
server/debug_bulkCreateProductsWithAccounting.ts(1634,11): error TS1005: ':' expected.
server/debug_bulkCreateProductsWithAccounting.ts(1634,111): error TS1005: ',' expected.
server/debug_bulkCreateProductsWithAccounting.ts(1635,12): error TS1005: ':' expected.
server/debug_bulkCreateProductsWithAccounting.ts(1635,28): error TS1005: ',' expected.
server/debug_bulkCreateProductsWithAccounting.ts(1638,3): error TS1005: ',' expected.
server/debug_bulkCreateProductsWithAccounting.ts(1638,9): error TS1005: ',' expected.
server/debug_bulkCreateProductsWithAccounting.ts(1638,33): error TS1005: ',' expected.
server/debug_bulkCreateProductsWithAccounting.ts(1638,45): error TS1005: ',' expected.
server/debug_bulkCreateProductsWithAccounting.ts(1638,51): error TS1011: An element access expression should take an argument.
server/debug_bulkCreateProductsWithAccounting.ts(1638,53): error TS1005: ',' expected.
server/debug_bulkCreateProductsWithAccounting.ts(1639,11): error TS1005: ':' expected.
server/debug_bulkCreateProductsWithAccounting.ts(1639,55): error TS1005: ',' expected.
server/debug_bulkCreateProductsWithAccounting.ts(1641,12): error TS1005: ':' expected.
server/debug_bulkCreateProductsWithAccounting.ts(1679,7): error TS1005: ',' expected.
server/debug_bulkCreateProductsWithAccounting.ts(1682,3): error TS1005: ',' expected.
server/debug_bulkCreateProductsWithAccounting.ts(1682,9): error TS1005: ',' expected.
server/debug_bulkCreateProductsWithAccounting.ts(1682,37): error TS1005: ',' expected.
server/debug_bulkCreateProductsWithAccounting.ts(1682,53): error TS1005: ',' expected.
server/debug_bulkCreateProductsWithAccounting.ts(1682,62): error TS1005: ',' expected.
server/debug_bulkCreateProductsWithAccounting.ts(1683,11): error TS1005: ':' expected.
server/debug_bulkCreateProductsWithAccounting.ts(1683,113): error TS1005: ',' expected.
server/debug_bulkCreateProductsWithAccounting.ts(1684,12): error TS1005: ':' expected.
server/debug_bulkCreateProductsWithAccounting.ts(1684,30): error TS1005: ',' expected.
server/debug_bulkCreateProductsWithAccounting.ts(1688,3): error TS1005: ',' expected.
server/debug_bulkCreateProductsWithAccounting.ts(1688,9): error TS1005: ',' expected.
server/debug_bulkCreateProductsWithAccounting.ts(1688,28): error TS1109: Expression expected.
server/debug_bulkCreateProductsWithAccounting.ts(1688,57): error TS1005: ',' expected.
server/debug_bulkCreateProductsWithAccounting.ts(1688,81): error TS1005: ',' expected.
server/debug_bulkCreateProductsWithAccounting.ts(1688,117): error TS1005: ',' expected.
server/debug_bulkCreateProductsWithAccounting.ts(1688,136): error TS1011: An element access expression should take an argument.
server/debug_bulkCreateProductsWithAccounting.ts(1689,11): error TS1005: ':' expected.
server/debug_bulkCreateProductsWithAccounting.ts(1689,26): error TS1005: ',' expected.
server/debug_bulkCreateProductsWithAccounting.ts(1692,15): error TS1005: ',' expected.
server/debug_bulkCreateProductsWithAccounting.ts(1692,53): error TS1005: ';' expected.
server/debug_bulkCreateProductsWithAccounting.ts(1715,3): error TS1128: Declaration or statement expected.
server/debug_bulkCreateProductsWithAccounting.ts(1717,3): error TS1434: Unexpected keyword or identifier.
server/debug_bulkCreateProductsWithAccounting.ts(1717,23): error TS1005: ',' expected.
server/debug_bulkCreateProductsWithAccounting.ts(1717,32): error TS1005: ';' expected.
server/debug_bulkCreateProductsWithAccounting.ts(1718,11): error TS1005: ':' expected.
server/debug_bulkCreateProductsWithAccounting.ts(1718,85): error TS1005: ',' expected.
server/debug_bulkCreateProductsWithAccounting.ts(1719,12): error TS1005: ':' expected.
server/debug_bulkCreateProductsWithAccounting.ts(1719,33): error TS1005: ',' expected.
server/debug_bulkCreateProductsWithAccounting.ts(1722,3): error TS1434: Unexpected keyword or identifier.
server/debug_bulkCreateProductsWithAccounting.ts(1722,32): error TS1005: ',' expected.
server/debug_bulkCreateProductsWithAccounting.ts(1722,41): error TS1005: ';' expected.
server/debug_bulkCreateProductsWithAccounting.ts(1722,71): error TS1005: ',' expected.
server/debug_bulkCreateProductsWithAccounting.ts(1722,84): error TS1011: An element access expression should take an argument.
server/debug_bulkCreateProductsWithAccounting.ts(1723,11): error TS1005: ':' expected.
server/debug_bulkCreateProductsWithAccounting.ts(1723,85): error TS1005: ',' expected.
server/debug_bulkCreateProductsWithAccounting.ts(1724,9): error TS1003: Identifier expected.
server/debug_bulkCreateProductsWithAccounting.ts(1724,20): error TS1005: '{' expected.
server/debug_bulkCreateProductsWithAccounting.ts(1724,27): error TS1005: ':' expected.
server/debug_bulkCreateProductsWithAccounting.ts(1724,36): error TS1005: ',' expected.
server/debug_bulkCreateProductsWithAccounting.ts(1727,11): error TS1005: ':' expected.
server/debug_bulkCreateProductsWithAccounting.ts(1742,47): error TS1005: ',' expected.
server/debug_bulkCreateProductsWithAccounting.ts(1743,12): error TS1005: ':' expected.
server/debug_bulkCreateProductsWithAccounting.ts(1743,31): error TS1005: ',' expected.
server/debug_bulkCreateProductsWithAccounting.ts(1747,3): error TS1434: Unexpected keyword or identifier.
server/debug_bulkCreateProductsWithAccounting.ts(1747,26): error TS1005: ',' expected.
server/debug_bulkCreateProductsWithAccounting.ts(1747,35): error TS1005: ';' expected.
server/debug_bulkCreateProductsWithAccounting.ts(1747,49): error TS1109: Expression expected.
server/debug_bulkCreateProductsWithAccounting.ts(1748,11): error TS1005: ',' expected.
server/debug_bulkCreateProductsWithAccounting.ts(1748,13): error TS1005: ',' expected.
server/debug_bulkCreateProductsWithAccounting.ts(1855,7): error TS1005: ',' expected.
server/debug_bulkCreateProductsWithAccounting.ts(1859,3): error TS1434: Unexpected keyword or identifier.
server/debug_bulkCreateProductsWithAccounting.ts(1859,28): error TS1005: ',' expected.
server/debug_bulkCreateProductsWithAccounting.ts(1859,40): error TS1005: ',' expected.
server/debug_bulkCreateProductsWithAccounting.ts(1859,46): error TS1011: An element access expression should take an argument.
server/debug_bulkCreateProductsWithAccounting.ts(1859,48): error TS1005: ';' expected.
server/debug_bulkCreateProductsWithAccounting.ts(1860,11): error TS1005: ':' expected.
server/debug_bulkCreateProductsWithAccounting.ts(1860,58): error TS1005: ',' expected.
server/debug_bulkCreateProductsWithAccounting.ts(1861,11): error TS1005: ':' expected.
server/debug_bulkCreateProductsWithAccounting.ts(1861,58): error TS1005: ',' expected.
server/debug_bulkCreateProductsWithAccounting.ts(1862,11): error TS1005: ':' expected.
server/debug_bulkCreateProductsWithAccounting.ts(1862,64): error TS1005: ',' expected.
server/debug_bulkCreateProductsWithAccounting.ts(1866,23): error TS1005: ',' expected.
server/debug_bulkCreateProductsWithAccounting.ts(1866,68): error TS1005: ';' expected.
server/debug_bulkCreateProductsWithAccounting.ts(2139,3): error TS1128: Declaration or statement expected.
server/debug_bulkCreateProductsWithAccounting.ts(2141,3): error TS1434: Unexpected keyword or identifier.
server/debug_bulkCreateProductsWithAccounting.ts(2141,39): error TS1005: ',' expected.
server/debug_bulkCreateProductsWithAccounting.ts(2141,48): error TS1005: ';' expected.
server/debug_bulkCreateProductsWithAccounting.ts(2141,62): error TS1011: An element access expression should take an argument.
server/debug_bulkCreateProductsWithAccounting.ts(2142,12): error TS1005: ':' expected.
server/debug_bulkCreateProductsWithAccounting.ts(2142,136): error TS1005: ',' expected.
server/debug_bulkCreateProductsWithAccounting.ts(2145,3): error TS1434: Unexpected keyword or identifier.
server/debug_bulkCreateProductsWithAccounting.ts(2145,35): error TS1005: ',' expected.
server/debug_bulkCreateProductsWithAccounting.ts(2145,57): error TS1005: ',' expected.
server/debug_bulkCreateProductsWithAccounting.ts(2145,73): error TS1005: ',' expected.
server/debug_bulkCreateProductsWithAccounting.ts(2145,96): error TS1005: ',' expected.
server/debug_bulkCreateProductsWithAccounting.ts(2145,119): error TS1005: ',' expected.
server/debug_bulkCreateProductsWithAccounting.ts(2145,138): error TS1005: ';' expected.
server/debug_bulkCreateProductsWithAccounting.ts(2146,11): error TS1005: ':' expected.
server/debug_bulkCreateProductsWithAccounting.ts(2146,38): error TS1005: ',' expected.
server/debug_bulkCreateProductsWithAccounting.ts(2148,9): error TS1003: Identifier expected.
server/debug_bulkCreateProductsWithAccounting.ts(2148,14): error TS1005: ',' expected.
server/debug_bulkCreateProductsWithAccounting.ts(2148,28): error TS1005: ',' expected.
server/debug_bulkCreateProductsWithAccounting.ts(2148,30): error TS1136: Property assignment expected.
server/debug_bulkCreateProductsWithAccounting.ts(2253,3): error TS1128: Declaration or statement expected.
server/debug_bulkCreateProductsWithAccounting.ts(2256,3): error TS1434: Unexpected keyword or identifier.
server/debug_bulkCreateProductsWithAccounting.ts(2256,24): error TS1109: Expression expected.
server/debug_bulkCreateProductsWithAccounting.ts(2256,53): error TS1005: ',' expected.
server/debug_bulkCreateProductsWithAccounting.ts(2256,77): error TS1005: ',' expected.
server/debug_bulkCreateProductsWithAccounting.ts(2256,113): error TS1005: ';' expected.
server/debug_bulkCreateProductsWithAccounting.ts(2256,128): error TS1011: An element access expression should take an argument.
server/debug_bulkCreateProductsWithAccounting.ts(2257,11): error TS1005: ':' expected.
server/debug_bulkCreateProductsWithAccounting.ts(2257,26): error TS1005: ',' expected.
server/debug_bulkCreateProductsWithAccounting.ts(2260,15): error TS1005: ',' expected.
server/debug_bulkCreateProductsWithAccounting.ts(2260,51): error TS1005: ';' expected.
server/debug_bulkCreateProductsWithAccounting.ts(2283,3): error TS1128: Declaration or statement expected.
server/debug_bulkCreateProductsWithAccounting.ts(2285,3): error TS1434: Unexpected keyword or identifier.
server/debug_bulkCreateProductsWithAccounting.ts(2285,19): error TS1005: ',' expected.
server/debug_bulkCreateProductsWithAccounting.ts(2285,28): error TS1005: ';' expected.
server/debug_bulkCreateProductsWithAccounting.ts(2286,11): error TS1005: ':' expected.
server/debug_bulkCreateProductsWithAccounting.ts(2286,73): error TS1005: ',' expected.
server/debug_bulkCreateProductsWithAccounting.ts(2287,12): error TS1005: ':' expected.
server/debug_bulkCreateProductsWithAccounting.ts(2287,29): error TS1005: ',' expected.
server/debug_bulkCreateProductsWithAccounting.ts(2291,3): error TS1434: Unexpected keyword or identifier.
server/debug_bulkCreateProductsWithAccounting.ts(2291,30): error TS1005: ',' expected.
server/debug_bulkCreateProductsWithAccounting.ts(2291,44): error TS1005: ',' expected.
server/debug_bulkCreateProductsWithAccounting.ts(2291,66): error TS1005: ',' expected.
server/debug_bulkCreateProductsWithAccounting.ts(2291,90): error TS1005: ',' expected.
server/debug_bulkCreateProductsWithAccounting.ts(2291,109): error TS1005: ';' expected.
server/debug_bulkCreateProductsWithAccounting.ts(2292,11): error TS1005: ':' expected.
server/debug_bulkCreateProductsWithAccounting.ts(2292,21): error TS1005: ',' expected.
server/debug_bulkCreateProductsWithAccounting.ts(2292,31): error TS1005: ',' expected.
server/debug_bulkCreateProductsWithAccounting.ts(2293,13): error TS1005: ',' expected.
server/debug_bulkCreateProductsWithAccounting.ts(2293,37): error TS1005: ',' expected.
server/debug_bulkCreateProductsWithAccounting.ts(2293,49): error TS1005: ',' expected.
server/debug_bulkCreateProductsWithAccounting.ts(2293,76): error TS1005: ',' expected.
server/debug_bulkCreateProductsWithAccounting.ts(2294,13): error TS1005: ',' expected.
server/debug_bulkCreateProductsWithAccounting.ts(2294,41): error TS1005: ',' expected.
server/debug_bulkCreateProductsWithAccounting.ts(2294,53): error TS1005: ',' expected.
server/debug_bulkCreateProductsWithAccounting.ts(2294,88): error TS1005: ',' expected.
server/debug_bulkCreateProductsWithAccounting.ts(2295,13): error TS1005: ',' expected.
server/debug_bulkCreateProductsWithAccounting.ts(2295,33): error TS1005: ',' expected.
server/debug_bulkCreateProductsWithAccounting.ts(2295,45): error TS1005: ',' expected.
server/debug_bulkCreateProductsWithAccounting.ts(2295,64): error TS1005: ',' expected.
server/debug_bulkCreateProductsWithAccounting.ts(2297,11): error TS1005: ':' expected.
server/debug_bulkCreateProductsWithAccounting.ts(2300,19): error TS1005: ',' expected.
server/debug_bulkCreateProductsWithAccounting.ts(2301,12): error TS1005: ':' expected.
server/debug_bulkCreateProductsWithAccounting.ts(2301,19): error TS1005: ',' expected.
server/debug_bulkCreateProductsWithAccounting.ts(2304,3): error TS1434: Unexpected keyword or identifier.
server/debug_bulkCreateProductsWithAccounting.ts(2304,22): error TS1005: ',' expected.
server/debug_bulkCreateProductsWithAccounting.ts(2304,31): error TS1005: ';' expected.
server/debug_bulkCreateProductsWithAccounting.ts(2304,45): error TS1109: Expression expected.
server/debug_bulkCreateProductsWithAccounting.ts(2305,11): error TS1005: ',' expected.
server/debug_bulkCreateProductsWithAccounting.ts(2305,13): error TS1005: ',' expected.
server/debug_bulkCreateProductsWithAccounting.ts(2429,7): error TS1005: ',' expected.
server/debug_bulkCreateProductsWithAccounting.ts(2433,3): error TS1434: Unexpected keyword or identifier.
server/debug_bulkCreateProductsWithAccounting.ts(2433,24): error TS1005: ',' expected.
server/debug_bulkCreateProductsWithAccounting.ts(2433,36): error TS1005: ',' expected.
server/debug_bulkCreateProductsWithAccounting.ts(2433,42): error TS1011: An element access expression should take an argument.
server/debug_bulkCreateProductsWithAccounting.ts(2433,44): error TS1005: ';' expected.
server/debug_bulkCreateProductsWithAccounting.ts(2434,11): error TS1005: ':' expected.
server/debug_bulkCreateProductsWithAccounting.ts(2434,54): error TS1005: ',' expected.
server/debug_bulkCreateProductsWithAccounting.ts(2435,11): error TS1005: ':' expected.
server/debug_bulkCreateProductsWithAccounting.ts(2435,58): error TS1005: ',' expected.
server/debug_bulkCreateProductsWithAccounting.ts(2436,11): error TS1005: ':' expected.
server/debug_bulkCreateProductsWithAccounting.ts(2436,58): error TS1005: ',' expected.
server/debug_bulkCreateProductsWithAccounting.ts(2437,11): error TS1005: ':' expected.
server/debug_bulkCreateProductsWithAccounting.ts(2437,52): error TS1005: ',' expected.
server/debug_bulkCreateProductsWithAccounting.ts(2440,25): error TS1005: ',' expected.
server/debug_bulkCreateProductsWithAccounting.ts(2440,51): error TS1005: ';' expected.
server/debug_bulkCreateProductsWithAccounting.ts(2650,3): error TS1128: Declaration or statement expected.
server/debug_bulkCreateProductsWithAccounting.ts(2653,3): error TS1434: Unexpected keyword or identifier.
server/debug_bulkCreateProductsWithAccounting.ts(2653,28): error TS1005: ',' expected.
server/debug_bulkCreateProductsWithAccounting.ts(2653,37): error TS1005: ';' expected.
server/debug_bulkCreateProductsWithAccounting.ts(2653,51): error TS1011: An element access expression should take an argument.
server/debug_bulkCreateProductsWithAccounting.ts(2654,11): error TS1005: ':' expected.
server/debug_bulkCreateProductsWithAccounting.ts(2669,43): error TS1005: ',' expected.
server/debug_bulkCreateProductsWithAccounting.ts(2671,12): error TS1005: ':' expected.
server/debug_bulkCreateProductsWithAccounting.ts(2671,17): error TS1005: ',' expected.
server/debug_bulkCreateProductsWithAccounting.ts(2675,3): error TS1434: Unexpected keyword or identifier.
server/debug_bulkCreateProductsWithAccounting.ts(2675,50): error TS1005: ',' expected.
server/debug_bulkCreateProductsWithAccounting.ts(2675,59): error TS1005: ';' expected.
server/debug_bulkCreateProductsWithAccounting.ts(2675,89): error TS1011: An element access expression should take an argument.
server/debug_bulkCreateProductsWithAccounting.ts(2675,116): error TS1011: An element access expression should take an argument.
server/debug_bulkCreateProductsWithAccounting.ts(2677,11): error TS1005: ':' expected.
server/debug_bulkCreateProductsWithAccounting.ts(2692,43): error TS1005: ',' expected.
server/debug_bulkCreateProductsWithAccounting.ts(2695,11): error TS1005: ':' expected.
server/debug_bulkCreateProductsWithAccounting.ts(2695,109): error TS1005: ',' expected.
server/debug_bulkCreateProductsWithAccounting.ts(2698,11): error TS1005: ':' expected.
server/debug_bulkCreateProductsWithAccounting.ts(2713,7): error TS1005: ',' expected.
server/debug_bulkCreateProductsWithAccounting.ts(2716,11): error TS1005: ':' expected.
server/debug_bulkCreateProductsWithAccounting.ts(2734,6): error TS1005: ',' expected.
server/debug_bulkCreateProductsWithAccounting.ts(2736,12): error TS1005: ':' expected.
server/debug_bulkCreateProductsWithAccounting.ts(2736,48): error TS1005: ',' expected.
server/debug_bulkCreateProductsWithAccounting.ts(2740,3): error TS1434: Unexpected keyword or identifier.
server/debug_bulkCreateProductsWithAccounting.ts(2740,43): error TS1005: ',' expected.
server/debug_bulkCreateProductsWithAccounting.ts(2740,52): error TS1005: ';' expected.
server/debug_bulkCreateProductsWithAccounting.ts(2740,66): error TS1011: An element access expression should take an argument.
server/debug_bulkCreateProductsWithAccounting.ts(2741,11): error TS1005: ':' expected.
server/debug_bulkCreateProductsWithAccounting.ts(2741,113): error TS1005: ',' expected.
server/debug_bulkCreateProductsWithAccounting.ts(2744,11): error TS1005: ':' expected.
server/debug_bulkCreateProductsWithAccounting.ts(2754,6): error TS1005: ',' expected.
server/debug_bulkCreateProductsWithAccounting.ts(2756,12): error TS1005: ':' expected.
server/debug_bulkCreateProductsWithAccounting.ts(2756,32): error TS1005: ',' expected.
server/debug_bulkCreateProductsWithAccounting.ts(2760,3): error TS1434: Unexpected keyword or identifier.
server/debug_bulkCreateProductsWithAccounting.ts(2760,45): error TS1005: ',' expected.
server/debug_bulkCreateProductsWithAccounting.ts(2760,54): error TS1005: ';' expected.
server/debug_bulkCreateProductsWithAccounting.ts(2760,68): error TS1011: An element access expression should take an argument.
server/debug_bulkCreateProductsWithAccounting.ts(2761,11): error TS1005: ':' expected.
server/debug_bulkCreateProductsWithAccounting.ts(2763,37): error TS1005: ',' expected.
server/debug_bulkCreateProductsWithAccounting.ts(2765,11): error TS1005: ':' expected.
server/debug_bulkCreateProductsWithAccounting.ts(2800,6): error TS1005: ',' expected.
server/debug_bulkCreateProductsWithAccounting.ts(2802,12): error TS1005: ':' expected.
server/debug_bulkCreateProductsWithAccounting.ts(2802,26): error TS1005: ',' expected.
server/debug_bulkCreateProductsWithAccounting.ts(2806,3): error TS1434: Unexpected keyword or identifier.
server/debug_bulkCreateProductsWithAccounting.ts(2806,25): error TS1005: ';' expected.
server/debug_bulkCreateProductsWithAccounting.ts(2806,39): error TS1011: An element access expression should take an argument.
server/debug_bulkCreateProductsWithAccounting.ts(2807,12): error TS1005: ':' expected.
server/debug_bulkCreateProductsWithAccounting.ts(2807,79): error TS1005: ',' expected.
server/debug_bulkCreateProductsWithAccounting.ts(2810,3): error TS1434: Unexpected keyword or identifier.
server/debug_bulkCreateProductsWithAccounting.ts(2810,36): error TS1005: ',' expected.
server/debug_bulkCreateProductsWithAccounting.ts(2810,45): error TS1005: ';' expected.
server/debug_bulkCreateProductsWithAccounting.ts(2810,59): error TS1011: An element access expression should take an argument.
server/debug_bulkCreateProductsWithAccounting.ts(2811,12): error TS1005: ':' expected.
server/debug_bulkCreateProductsWithAccounting.ts(2811,91): error TS1005: ',' expected.
server/debug_bulkCreateProductsWithAccounting.ts(2814,3): error TS1434: Unexpected keyword or identifier.
server/debug_bulkCreateProductsWithAccounting.ts(2814,30): error TS1005: ',' expected.
server/debug_bulkCreateProductsWithAccounting.ts(2814,42): error TS1005: ',' expected.
server/debug_bulkCreateProductsWithAccounting.ts(2814,48): error TS1011: An element access expression should take an argument.
server/debug_bulkCreateProductsWithAccounting.ts(2814,50): error TS1005: ';' expected.
server/debug_bulkCreateProductsWithAccounting.ts(2815,11): error TS1005: ':' expected.
server/debug_bulkCreateProductsWithAccounting.ts(2815,57): error TS1005: ',' expected.
server/debug_bulkCreateProductsWithAccounting.ts(2816,11): error TS1005: ':' expected.
server/debug_bulkCreateProductsWithAccounting.ts(2816,62): error TS1005: ',' expected.
server/debug_bulkCreateProductsWithAccounting.ts(2817,11): error TS1005: ':' expected.
server/debug_bulkCreateProductsWithAccounting.ts(2817,62): error TS1005: ',' expected.
server/debug_bulkCreateProductsWithAccounting.ts(2824,22): error TS1005: ',' expected.
server/debug_bulkCreateProductsWithAccounting.ts(2824,47): error TS1005: ';' expected.
server/debug_bulkCreateProductsWithAccounting.ts(2826,7): error TS1128: Declaration or statement expected.
server/debug_bulkCreateProductsWithAccounting.ts(3117,3): error TS1128: Declaration or statement expected.
server/debug_bulkCreateProductsWithAccounting.ts(3120,3): error TS1434: Unexpected keyword or identifier.
server/debug_bulkCreateProductsWithAccounting.ts(3120,30): error TS1005: ';' expected.
server/debug_bulkCreateProductsWithAccounting.ts(3120,44): error TS1011: An element access expression should take an argument.
server/debug_bulkCreateProductsWithAccounting.ts(3121,12): error TS1005: ':' expected.
server/debug_bulkCreateProductsWithAccounting.ts(3121,94): error TS1005: ',' expected.
server/debug_bulkCreateProductsWithAccounting.ts(3124,3): error TS1434: Unexpected keyword or identifier.
server/debug_bulkCreateProductsWithAccounting.ts(3124,35): error TS1005: ',' expected.
server/debug_bulkCreateProductsWithAccounting.ts(3124,41): error TS1005: ';' expected.
server/debug_bulkCreateProductsWithAccounting.ts(3125,11): error TS1005: ':' expected.
server/debug_bulkCreateProductsWithAccounting.ts(3125,62): error TS1005: ',' expected.
server/debug_bulkCreateProductsWithAccounting.ts(3127,12): error TS1005: ':' expected.
server/debug_bulkCreateProductsWithAccounting.ts(3189,7): error TS1005: ',' expected.
server/debug_bulkCreateProductsWithAccounting.ts(3192,3): error TS1434: Unexpected keyword or identifier.
server/debug_bulkCreateProductsWithAccounting.ts(3192,29): error TS1005: ',' expected.
server/debug_bulkCreateProductsWithAccounting.ts(3193,19): error TS1005: ',' expected.
server/debug_bulkCreateProductsWithAccounting.ts(3194,23): error TS1005: ',' expected.
server/debug_bulkCreateProductsWithAccounting.ts(3195,35): error TS1005: ',' expected.
server/debug_bulkCreateProductsWithAccounting.ts(3196,33): error TS1005: ',' expected.
server/debug_bulkCreateProductsWithAccounting.ts(3197,38): error TS1005: ',' expected.
server/debug_bulkCreateProductsWithAccounting.ts(3198,27): error TS1005: ',' expected.
server/debug_bulkCreateProductsWithAccounting.ts(3199,27): error TS1005: ',' expected.
server/debug_bulkCreateProductsWithAccounting.ts(3200,20): error TS1005: ',' expected.
server/debug_bulkCreateProductsWithAccounting.ts(3201,20): error TS1005: ',' expected.
server/debug_bulkCreateProductsWithAccounting.ts(3202,22): error TS1005: ',' expected.
server/debug_bulkCreateProductsWithAccounting.ts(3203,5): error TS1005: ';' expected.
server/debug_bulkCreateProductsWithAccounting.ts(3204,11): error TS1005: ':' expected.
server/debug_bulkCreateProductsWithAccounting.ts(3204,62): error TS1005: ',' expected.
server/debug_bulkCreateProductsWithAccounting.ts(3206,12): error TS1005: ':' expected.
server/debug_bulkCreateProductsWithAccounting.ts(3529,7): error TS1005: ',' expected.
server/debug_bulkCreateProductsWithAccounting.ts(3533,3): error TS1434: Unexpected keyword or identifier.
server/debug_bulkCreateProductsWithAccounting.ts(3533,32): error TS1109: Expression expected.
server/debug_bulkCreateProductsWithAccounting.ts(3533,41): error TS1005: ';' expected.
server/debug_bulkCreateProductsWithAccounting.ts(3533,55): error TS1011: An element access expression should take an argument.
server/debug_bulkCreateProductsWithAccounting.ts(3539,5): error TS1005: ',' expected.
server/debug_bulkCreateProductsWithAccounting.ts(3539,12): error TS1005: ':' expected.
server/debug_bulkCreateProductsWithAccounting.ts(3539,82): error TS1005: ',' expected.
server/debug_bulkCreateProductsWithAccounting.ts(3542,3): error TS1434: Unexpected keyword or identifier.
server/debug_bulkCreateProductsWithAccounting.ts(3542,31): error TS1005: ',' expected.
server/debug_bulkCreateProductsWithAccounting.ts(3542,37): error TS1005: ';' expected.
server/debug_bulkCreateProductsWithAccounting.ts(3543,11): error TS1005: ':' expected.
server/debug_bulkCreateProductsWithAccounting.ts(3543,62): error TS1005: ',' expected.
server/debug_bulkCreateProductsWithAccounting.ts(3545,16): error TS1005: ',' expected.
server/debug_bulkCreateProductsWithAccounting.ts(3545,20): error TS1005: ';' expected.
server/debug_bulkCreateProductsWithAccounting.ts(3656,3): error TS1128: Declaration or statement expected.
server/debug_bulkCreateProductsWithAccounting.ts(3658,3): error TS1434: Unexpected keyword or identifier.
server/debug_bulkCreateProductsWithAccounting.ts(3658,37): error TS1005: ',' expected.
server/debug_bulkCreateProductsWithAccounting.ts(3658,46): error TS1005: ';' expected.
server/debug_bulkCreateProductsWithAccounting.ts(3660,11): error TS1005: ':' expected.
server/debug_bulkCreateProductsWithAccounting.ts(3660,77): error TS1005: ',' expected.
server/debug_bulkCreateProductsWithAccounting.ts(3661,9): error TS1003: Identifier expected.
server/debug_bulkCreateProductsWithAccounting.ts(3661,16): error TS1005: '{' expected.
server/debug_bulkCreateProductsWithAccounting.ts(3661,23): error TS1005: ':' expected.
server/debug_bulkCreateProductsWithAccounting.ts(3661,27): error TS1005: ',' expected.
server/debug_bulkCreateProductsWithAccounting.ts(3664,11): error TS1005: ':' expected.
server/debug_bulkCreateProductsWithAccounting.ts(3664,88): error TS1005: ',' expected.
server/debug_bulkCreateProductsWithAccounting.ts(3667,11): error TS1005: ':' expected.
server/debug_bulkCreateProductsWithAccounting.ts(3667,94): error TS1005: ',' expected.
server/debug_bulkCreateProductsWithAccounting.ts(3668,11): error TS1005: ':' expected.
server/debug_bulkCreateProductsWithAccounting.ts(3668,45): error TS1005: ',' expected.
server/debug_bulkCreateProductsWithAccounting.ts(3669,9): error TS1005: ',' expected.
server/debug_bulkCreateProductsWithAccounting.ts(3669,26): error TS1011: An element access expression should take an argument.
server/debug_bulkCreateProductsWithAccounting.ts(3669,32): error TS1005: ',' expected.
server/debug_bulkCreateProductsWithAccounting.ts(3670,10): error TS1359: Identifier expected. 'const' is a reserved word that cannot be used here.
server/debug_bulkCreateProductsWithAccounting.ts(3670,16): error TS1005: ',' expected.
server/debug_bulkCreateProductsWithAccounting.ts(3670,25): error TS1005: ',' expected.
server/debug_bulkCreateProductsWithAccounting.ts(3670,28): error TS1005: ',' expected.
server/debug_bulkCreateProductsWithAccounting.ts(3676,5): error TS1005: ',' expected.
server/debug_bulkCreateProductsWithAccounting.ts(3676,11): error TS1005: ':' expected.
server/debug_bulkCreateProductsWithAccounting.ts(3676,109): error TS1005: ',' expected.
server/debug_bulkCreateProductsWithAccounting.ts(3679,11): error TS1005: ':' expected.
server/debug_bulkCreateProductsWithAccounting.ts(3681,47): error TS1005: ',' expected.
server/debug_bulkCreateProductsWithAccounting.ts(3684,11): error TS1005: ':' expected.
server/debug_bulkCreateProductsWithAccounting.ts(3684,54): error TS1005: ',' expected.
server/debug_bulkCreateProductsWithAccounting.ts(3685,11): error TS1005: ':' expected.
server/debug_bulkCreateProductsWithAccounting.ts(3685,50): error TS1005: ',' expected.
server/debug_bulkCreateProductsWithAccounting.ts(3686,11): error TS1005: ':' expected.
server/debug_bulkCreateProductsWithAccounting.ts(3686,54): error TS1005: ',' expected.
server/debug_bulkCreateProductsWithAccounting.ts(3687,11): error TS1005: ':' expected.
server/debug_bulkCreateProductsWithAccounting.ts(3687,52): error TS1005: ',' expected.
server/debug_bulkCreateProductsWithAccounting.ts(3690,11): error TS1005: ':' expected.
server/debug_bulkCreateProductsWithAccounting.ts(3690,96): error TS1005: ',' expected.
server/debug_bulkCreateProductsWithAccounting.ts(3691,11): error TS1005: ':' expected.
server/debug_bulkCreateProductsWithAccounting.ts(3691,103): error TS1005: ',' expected.
server/debug_bulkCreateProductsWithAccounting.ts(3692,11): error TS1005: ':' expected.
server/debug_bulkCreateProductsWithAccounting.ts(3692,60): error TS1005: ',' expected.
server/debug_bulkCreateProductsWithAccounting.ts(3693,11): error TS1005: ':' expected.
server/debug_bulkCreateProductsWithAccounting.ts(3693,114): error TS1005: ',' expected.
server/debug_bulkCreateProductsWithAccounting.ts(3694,11): error TS1005: ':' expected.
server/debug_bulkCreateProductsWithAccounting.ts(3694,92): error TS1005: ',' expected.
server/debug_bulkCreateProductsWithAccounting.ts(3697,11): error TS1005: ':' expected.
server/debug_bulkCreateProductsWithAccounting.ts(3697,76): error TS1005: ',' expected.
server/debug_bulkCreateProductsWithAccounting.ts(3702,11): error TS1005: ':' expected.
server/debug_bulkCreateProductsWithAccounting.ts(3702,55): error TS1005: ',' expected.
server/debug_bulkCreateProductsWithAccounting.ts(3705,9): error TS1005: ',' expected.
server/debug_bulkCreateProductsWithAccounting.ts(3705,27): error TS1005: ',' expected.
server/debug_bulkCreateProductsWithAccounting.ts(3706,26): error TS1005: ',' expected.
server/debug_bulkCreateProductsWithAccounting.ts(3706,30): error TS1005: ';' expected.
server/debug_bulkCreateProductsWithAccounting.ts(3708,7): error TS1128: Declaration or statement expected.
server/debug_bulkCreateProductsWithAccounting.ts(3737,3): error TS1128: Declaration or statement expected.
server/debug_bulkCreateProductsWithAccounting.ts(3740,3): error TS1434: Unexpected keyword or identifier.
server/debug_bulkCreateProductsWithAccounting.ts(3740,31): error TS1109: Expression expected.
server/debug_bulkCreateProductsWithAccounting.ts(3740,57): error TS1005: ',' expected.
server/debug_bulkCreateProductsWithAccounting.ts(3740,93): error TS1005: ';' expected.
server/debug_bulkCreateProductsWithAccounting.ts(3740,115): error TS1011: An element access expression should take an argument.
server/debug_bulkCreateProductsWithAccounting.ts(3741,11): error TS1005: ':' expected.
server/debug_bulkCreateProductsWithAccounting.ts(3741,21): error TS1005: ',' expected.
server/debug_bulkCreateProductsWithAccounting.ts(3741,26): error TS1005: ',' expected.
server/debug_bulkCreateProductsWithAccounting.ts(3741,27): error TS1109: Expression expected.
server/debug_bulkCreateProductsWithAccounting.ts(3741,29): error TS1005: ':' expected.
server/debug_bulkCreateProductsWithAccounting.ts(3741,33): error TS1005: ',' expected.
server/debug_bulkCreateProductsWithAccounting.ts(3742,14): error TS1005: ',' expected.
server/debug_bulkCreateProductsWithAccounting.ts(3745,5): error TS1005: ',' expected.
server/debug_bulkCreateProductsWithAccounting.ts(3745,14): error TS1005: ',' expected.
server/debug_bulkCreateProductsWithAccounting.ts(3748,5): error TS1005: ',' expected.
server/debug_bulkCreateProductsWithAccounting.ts(3748,19): error TS1005: ',' expected.
server/debug_bulkCreateProductsWithAccounting.ts(3748,30): error TS1005: ',' expected.
server/debug_bulkCreateProductsWithAccounting.ts(3748,32): error TS1136: Property assignment expected.
server/debug_bulkCreateProductsWithAccounting.ts(3752,3): error TS1128: Declaration or statement expected.
server/debug_bulkCreateProductsWithAccounting.ts(3754,3): error TS1434: Unexpected keyword or identifier.
server/debug_bulkCreateProductsWithAccounting.ts(3754,26): error TS1005: ',' expected.
server/debug_bulkCreateProductsWithAccounting.ts(3754,35): error TS1005: ';' expected.
server/debug_bulkCreateProductsWithAccounting.ts(3755,11): error TS1005: ':' expected.
server/debug_bulkCreateProductsWithAccounting.ts(3755,90): error TS1005: ',' expected.
server/debug_bulkCreateProductsWithAccounting.ts(3756,12): error TS1005: ':' expected.
server/debug_bulkCreateProductsWithAccounting.ts(3756,32): error TS1005: ',' expected.
server/debug_bulkCreateProductsWithAccounting.ts(3759,3): error TS1434: Unexpected keyword or identifier.
server/debug_bulkCreateProductsWithAccounting.ts(3759,31): error TS1005: ',' expected.
server/debug_bulkCreateProductsWithAccounting.ts(3759,51): error TS1005: ';' expected.
server/debug_bulkCreateProductsWithAccounting.ts(3760,11): error TS1005: ':' expected.
server/debug_bulkCreateProductsWithAccounting.ts(3763,6): error TS1005: ',' expected.
server/debug_bulkCreateProductsWithAccounting.ts(3764,11): error TS1005: ':' expected.
server/debug_bulkCreateProductsWithAccounting.ts(3764,84): error TS1005: ',' expected.
server/debug_bulkCreateProductsWithAccounting.ts(3765,12): error TS1005: ':' expected.
server/debug_bulkCreateProductsWithAccounting.ts(3765,19): error TS1005: ',' expected.
server/debug_bulkCreateProductsWithAccounting.ts(3768,3): error TS1434: Unexpected keyword or identifier.
server/debug_bulkCreateProductsWithAccounting.ts(3768,29): error TS1005: ',' expected.
server/debug_bulkCreateProductsWithAccounting.ts(3768,43): error TS1005: ',' expected.
server/debug_bulkCreateProductsWithAccounting.ts(3768,72): error TS1005: ';' expected.
server/debug_bulkCreateProductsWithAccounting.ts(3769,11): error TS1005: ':' expected.
server/debug_bulkCreateProductsWithAccounting.ts(3769,105): error TS1005: ',' expected.
server/debug_bulkCreateProductsWithAccounting.ts(3770,12): error TS1005: ':' expected.
server/debug_bulkCreateProductsWithAccounting.ts(3770,32): error TS1005: ',' expected.
server/debug_bulkCreateProductsWithAccounting.ts(3773,3): error TS1434: Unexpected keyword or identifier.
server/debug_bulkCreateProductsWithAccounting.ts(3773,29): error TS1005: ',' expected.
server/debug_bulkCreateProductsWithAccounting.ts(3773,38): error TS1005: ';' expected.
server/debug_bulkCreateProductsWithAccounting.ts(3773,52): error TS1109: Expression expected.
server/debug_bulkCreateProductsWithAccounting.ts(3774,11): error TS1005: ',' expected.
server/debug_bulkCreateProductsWithAccounting.ts(3774,13): error TS1005: ',' expected.
server/debug_bulkCreateProductsWithAccounting.ts(3774,65): error TS1005: ',' expected.
server/debug_bulkCreateProductsWithAccounting.ts(3778,3): error TS1434: Unexpected keyword or identifier.
server/debug_bulkCreateProductsWithAccounting.ts(3778,39): error TS1109: Expression expected.
server/debug_bulkCreateProductsWithAccounting.ts(3778,55): error TS1109: Expression expected.
server/debug_bulkCreateProductsWithAccounting.ts(3778,81): error TS1005: ',' expected.
server/debug_bulkCreateProductsWithAccounting.ts(3778,117): error TS1005: ';' expected.
server/debug_bulkCreateProductsWithAccounting.ts(3778,143): error TS1011: An element access expression should take an argument.
server/debug_bulkCreateProductsWithAccounting.ts(3779,11): error TS1005: ':' expected.
server/debug_bulkCreateProductsWithAccounting.ts(3779,26): error TS1005: ',' expected.
server/debug_bulkCreateProductsWithAccounting.ts(3783,5): error TS1005: ',' expected.
server/debug_bulkCreateProductsWithAccounting.ts(3783,14): error TS1005: ',' expected.
server/debug_bulkCreateProductsWithAccounting.ts(3786,5): error TS1005: ',' expected.
server/debug_bulkCreateProductsWithAccounting.ts(3786,14): error TS1005: ',' expected.
server/debug_bulkCreateProductsWithAccounting.ts(3789,5): error TS1005: ',' expected.
server/debug_bulkCreateProductsWithAccounting.ts(3789,19): error TS1005: ',' expected.
server/debug_bulkCreateProductsWithAccounting.ts(3789,30): error TS1005: ',' expected.
server/debug_bulkCreateProductsWithAccounting.ts(3789,32): error TS1136: Property assignment expected.
server/debug_bulkCreateProductsWithAccounting.ts(3793,3): error TS1128: Declaration or statement expected.
server/debug_bulkCreateProductsWithAccounting.ts(3795,3): error TS1434: Unexpected keyword or identifier.
server/debug_bulkCreateProductsWithAccounting.ts(3795,35): error TS1005: ',' expected.
server/debug_bulkCreateProductsWithAccounting.ts(3795,59): error TS1005: ';' expected.
server/debug_bulkCreateProductsWithAccounting.ts(3796,11): error TS1005: ':' expected.
server/debug_bulkCreateProductsWithAccounting.ts(3796,62): error TS1005: ',' expected.
server/debug_bulkCreateProductsWithAccounting.ts(3799,13): error TS1005: ',' expected.
server/debug_bulkCreateProductsWithAccounting.ts(3799,49): error TS1005: ',' expected.
server/debug_bulkCreateProductsWithAccounting.ts(3799,51): error TS1136: Property assignment expected.
server/debug_bulkCreateProductsWithAccounting.ts(3851,3): error TS1128: Declaration or statement expected.
server/debug_bulkCreateProductsWithAccounting.ts(3854,3): error TS1434: Unexpected keyword or identifier.
server/debug_bulkCreateProductsWithAccounting.ts(3854,36): error TS1109: Expression expected.
server/debug_bulkCreateProductsWithAccounting.ts(3854,62): error TS1005: ',' expected.
server/debug_bulkCreateProductsWithAccounting.ts(3854,98): error TS1005: ';' expected.
server/debug_bulkCreateProductsWithAccounting.ts(3854,118): error TS1011: An element access expression should take an argument.
server/debug_bulkCreateProductsWithAccounting.ts(3855,11): error TS1005: ':' expected.
server/debug_bulkCreateProductsWithAccounting.ts(3855,26): error TS1005: ',' expected.
server/debug_bulkCreateProductsWithAccounting.ts(3856,14): error TS1005: ',' expected.
server/debug_bulkCreateProductsWithAccounting.ts(3859,5): error TS1005: ',' expected.
server/debug_bulkCreateProductsWithAccounting.ts(3859,14): error TS1005: ',' expected.
server/debug_bulkCreateProductsWithAccounting.ts(3862,5): error TS1005: ',' expected.
server/debug_bulkCreateProductsWithAccounting.ts(3862,19): error TS1005: ',' expected.
server/debug_bulkCreateProductsWithAccounting.ts(3862,30): error TS1005: ',' expected.
server/debug_bulkCreateProductsWithAccounting.ts(3862,32): error TS1136: Property assignment expected.
server/debug_bulkCreateProductsWithAccounting.ts(3866,3): error TS1128: Declaration or statement expected.
server/debug_bulkCreateProductsWithAccounting.ts(3868,3): error TS1434: Unexpected keyword or identifier.
server/debug_bulkCreateProductsWithAccounting.ts(3868,29): error TS1005: ',' expected.
server/debug_bulkCreateProductsWithAccounting.ts(3868,47): error TS1005: ';' expected.
server/debug_bulkCreateProductsWithAccounting.ts(3869,11): error TS1005: ':' expected.
server/debug_bulkCreateProductsWithAccounting.ts(3872,6): error TS1005: ',' expected.
server/debug_bulkCreateProductsWithAccounting.ts(3873,11): error TS1005: ':' expected.
server/debug_bulkCreateProductsWithAccounting.ts(3873,71): error TS1005: ',' expected.
server/debug_bulkCreateProductsWithAccounting.ts(3874,12): error TS1005: ':' expected.
server/debug_bulkCreateProductsWithAccounting.ts(3874,14): error TS1005: ',' expected.
server/debug_bulkCreateProductsWithAccounting.ts(3877,3): error TS1434: Unexpected keyword or identifier.
server/debug_bulkCreateProductsWithAccounting.ts(3877,40): error TS1109: Expression expected.
server/debug_bulkCreateProductsWithAccounting.ts(3877,66): error TS1005: ',' expected.
server/debug_bulkCreateProductsWithAccounting.ts(3877,102): error TS1005: ';' expected.
server/debug_bulkCreateProductsWithAccounting.ts(3877,116): error TS1011: An element access expression should take an argument.
server/debug_bulkCreateProductsWithAccounting.ts(3880,14): error TS1005: ',' expected.
server/debug_bulkCreateProductsWithAccounting.ts(3880,23): error TS1005: ',' expected.
server/debug_bulkCreateProductsWithAccounting.ts(3880,41): error TS1005: ';' expected.
server/debug_bulkCreateProductsWithAccounting.ts(3903,3): error TS1128: Declaration or statement expected.
server/debug_bulkCreateProductsWithAccounting.ts(3906,3): error TS1434: Unexpected keyword or identifier.
server/debug_bulkCreateProductsWithAccounting.ts(3906,38): error TS1005: ',' expected.
server/debug_bulkCreateProductsWithAccounting.ts(3906,47): error TS1005: ';' expected.
server/debug_bulkCreateProductsWithAccounting.ts(3906,61): error TS1109: Expression expected.
server/debug_bulkCreateProductsWithAccounting.ts(3907,9): error TS1005: ':' expected.
server/debug_bulkCreateProductsWithAccounting.ts(3908,13): error TS1005: ',' expected.
server/debug_bulkCreateProductsWithAccounting.ts(3908,15): error TS1005: ',' expected.
server/debug_bulkCreateProductsWithAccounting.ts(3965,9): error TS1005: ',' expected.
server/debug_bulkCreateProductsWithAccounting.ts(3966,7): error TS1005: ',' expected.
server/debug_bulkCreateProductsWithAccounting.ts(3972,3): error TS1434: Unexpected keyword or identifier.
server/debug_bulkCreateProductsWithAccounting.ts(3972,40): error TS1005: ',' expected.
server/debug_bulkCreateProductsWithAccounting.ts(3972,46): error TS1005: ';' expected.
server/debug_bulkCreateProductsWithAccounting.ts(3973,11): error TS1005: ':' expected.
server/debug_bulkCreateProductsWithAccounting.ts(3973,62): error TS1005: ',' expected.
server/debug_bulkCreateProductsWithAccounting.ts(3976,13): error TS1005: ',' expected.
server/debug_bulkCreateProductsWithAccounting.ts(3976,46): error TS1005: ',' expected.
server/debug_bulkCreateProductsWithAccounting.ts(3976,48): error TS1136: Property assignment expected.
server/debug_bulkCreateProductsWithAccounting.ts(4109,3): error TS1128: Declaration or statement expected.
server/debug_bulkCreateProductsWithAccounting.ts(4111,3): error TS1128: Declaration or statement expected.
server/debug_bulkCreateProductsWithAccounting.ts(4111,44): error TS1109: Expression expected.
server/debug_bulkCreateProductsWithAccounting.ts(4111,53): error TS1005: ';' expected.
server/debug_bulkCreateProductsWithAccounting.ts(4111,55): error TS1434: Unexpected keyword or identifier.
server/debug_bulkCreateProductsWithAccounting.ts(4126,3): error TS1434: Unexpected keyword or identifier.
server/debug_bulkCreateProductsWithAccounting.ts(4126,33): error TS1109: Expression expected.
server/debug_bulkCreateProductsWithAccounting.ts(4126,59): error TS1005: ',' expected.
server/debug_bulkCreateProductsWithAccounting.ts(4126,95): error TS1005: ';' expected.
server/debug_bulkCreateProductsWithAccounting.ts(4126,113): error TS1011: An element access expression should take an argument.
server/debug_bulkCreateProductsWithAccounting.ts(4127,11): error TS1005: ':' expected.
server/debug_bulkCreateProductsWithAccounting.ts(4127,26): error TS1005: ',' expected.
server/debug_bulkCreateProductsWithAccounting.ts(4128,14): error TS1005: ',' expected.
server/debug_bulkCreateProductsWithAccounting.ts(4131,5): error TS1005: ',' expected.
server/debug_bulkCreateProductsWithAccounting.ts(4131,14): error TS1005: ',' expected.
server/debug_bulkCreateProductsWithAccounting.ts(4134,5): error TS1005: ',' expected.
server/debug_bulkCreateProductsWithAccounting.ts(4134,19): error TS1005: ',' expected.
server/debug_bulkCreateProductsWithAccounting.ts(4134,30): error TS1005: ',' expected.
server/debug_bulkCreateProductsWithAccounting.ts(4134,32): error TS1136: Property assignment expected.
server/debug_bulkCreateProductsWithAccounting.ts(4138,3): error TS1128: Declaration or statement expected.
server/debug_bulkCreateProductsWithAccounting.ts(4140,3): error TS1434: Unexpected keyword or identifier.
server/debug_bulkCreateProductsWithAccounting.ts(4140,27): error TS1005: ',' expected.
server/debug_bulkCreateProductsWithAccounting.ts(4140,43): error TS1005: ';' expected.
server/debug_bulkCreateProductsWithAccounting.ts(4141,11): error TS1005: ':' expected.
server/debug_bulkCreateProductsWithAccounting.ts(4141,62): error TS1005: ',' expected.
server/debug_bulkCreateProductsWithAccounting.ts(4142,11): error TS1005: ':' expected.
server/debug_bulkCreateProductsWithAccounting.ts(4142,146): error TS1005: ',' expected.
server/debug_bulkCreateProductsWithAccounting.ts(4145,9): error TS1003: Identifier expected.
server/debug_bulkCreateProductsWithAccounting.ts(4145,23): error TS1005: ',' expected.
server/debug_bulkCreateProductsWithAccounting.ts(4145,58): error TS1005: ';' expected.
server/debug_bulkCreateProductsWithAccounting.ts(4222,3): error TS1128: Declaration or statement expected.
server/debug_bulkCreateProductsWithAccounting.ts(4225,3): error TS1434: Unexpected keyword or identifier.
server/debug_bulkCreateProductsWithAccounting.ts(4225,28): error TS1109: Expression expected.
server/debug_bulkCreateProductsWithAccounting.ts(4225,54): error TS1005: ',' expected.
server/debug_bulkCreateProductsWithAccounting.ts(4225,90): error TS1005: ';' expected.
server/debug_bulkCreateProductsWithAccounting.ts(4225,109): error TS1011: An element access expression should take an argument.
server/debug_bulkCreateProductsWithAccounting.ts(4226,11): error TS1005: ':' expected.
server/debug_bulkCreateProductsWithAccounting.ts(4226,26): error TS1005: ',' expected.
server/debug_bulkCreateProductsWithAccounting.ts(4227,14): error TS1005: ',' expected.
server/debug_bulkCreateProductsWithAccounting.ts(4230,5): error TS1005: ',' expected.
server/debug_bulkCreateProductsWithAccounting.ts(4230,14): error TS1005: ',' expected.
server/debug_bulkCreateProductsWithAccounting.ts(4233,5): error TS1005: ',' expected.
server/debug_bulkCreateProductsWithAccounting.ts(4233,19): error TS1005: ',' expected.
server/debug_bulkCreateProductsWithAccounting.ts(4233,30): error TS1005: ',' expected.
server/debug_bulkCreateProductsWithAccounting.ts(4233,32): error TS1136: Property assignment expected.
server/debug_bulkCreateProductsWithAccounting.ts(4237,3): error TS1128: Declaration or statement expected.
server/debug_bulkCreateProductsWithAccounting.ts(4239,3): error TS1434: Unexpected keyword or identifier.
server/debug_bulkCreateProductsWithAccounting.ts(4239,23): error TS1005: ',' expected.
server/debug_bulkCreateProductsWithAccounting.ts(4239,32): error TS1005: ';' expected.
server/debug_bulkCreateProductsWithAccounting.ts(4240,11): error TS1005: ':' expected.
server/debug_bulkCreateProductsWithAccounting.ts(4240,85): error TS1005: ',' expected.
server/debug_bulkCreateProductsWithAccounting.ts(4241,12): error TS1005: ':' expected.
server/debug_bulkCreateProductsWithAccounting.ts(4241,33): error TS1005: ',' expected.
server/debug_bulkCreateProductsWithAccounting.ts(4244,3): error TS1434: Unexpected keyword or identifier.
server/debug_bulkCreateProductsWithAccounting.ts(4244,28): error TS1005: ',' expected.
server/debug_bulkCreateProductsWithAccounting.ts(4244,45): error TS1005: ';' expected.
server/debug_bulkCreateProductsWithAccounting.ts(4245,11): error TS1005: ':' expected.
server/debug_bulkCreateProductsWithAccounting.ts(4245,75): error TS1005: ',' expected.
server/debug_bulkCreateProductsWithAccounting.ts(4246,12): error TS1005: ':' expected.
server/debug_bulkCreateProductsWithAccounting.ts(4246,20): error TS1005: ',' expected.
server/debug_bulkCreateProductsWithAccounting.ts(4249,3): error TS1434: Unexpected keyword or identifier.
server/debug_bulkCreateProductsWithAccounting.ts(4249,26): error TS1005: ',' expected.
server/debug_bulkCreateProductsWithAccounting.ts(4249,40): error TS1005: ',' expected.
server/debug_bulkCreateProductsWithAccounting.ts(4249,66): error TS1005: ';' expected.
server/debug_bulkCreateProductsWithAccounting.ts(4250,11): error TS1005: ':' expected.
server/debug_bulkCreateProductsWithAccounting.ts(4250,100): error TS1005: ',' expected.
server/debug_bulkCreateProductsWithAccounting.ts(4251,12): error TS1005: ':' expected.
server/debug_bulkCreateProductsWithAccounting.ts(4251,33): error TS1005: ',' expected.
server/debug_bulkCreateProductsWithAccounting.ts(4254,3): error TS1434: Unexpected keyword or identifier.
server/debug_bulkCreateProductsWithAccounting.ts(4254,26): error TS1005: ',' expected.
server/debug_bulkCreateProductsWithAccounting.ts(4254,35): error TS1005: ';' expected.
server/debug_bulkCreateProductsWithAccounting.ts(4254,49): error TS1109: Expression expected.
server/debug_bulkCreateProductsWithAccounting.ts(4255,11): error TS1005: ',' expected.
server/debug_bulkCreateProductsWithAccounting.ts(4255,13): error TS1005: ',' expected.
server/debug_bulkCreateProductsWithAccounting.ts(4255,59): error TS1005: ',' expected.
server/debug_bulkCreateProductsWithAccounting.ts(4259,3): error TS1434: Unexpected keyword or identifier.
server/debug_bulkCreateProductsWithAccounting.ts(4259,38): error TS1109: Expression expected.
server/debug_bulkCreateProductsWithAccounting.ts(4259,54): error TS1109: Expression expected.
server/debug_bulkCreateProductsWithAccounting.ts(4259,80): error TS1005: ',' expected.
server/debug_bulkCreateProductsWithAccounting.ts(4259,116): error TS1005: ';' expected.
server/debug_bulkCreateProductsWithAccounting.ts(4259,140): error TS1011: An element access expression should take an argument.
server/debug_bulkCreateProductsWithAccounting.ts(4260,11): error TS1005: ':' expected.
server/debug_bulkCreateProductsWithAccounting.ts(4260,26): error TS1005: ',' expected.
server/debug_bulkCreateProductsWithAccounting.ts(4264,5): error TS1005: ',' expected.
server/debug_bulkCreateProductsWithAccounting.ts(4264,14): error TS1005: ',' expected.
server/debug_bulkCreateProductsWithAccounting.ts(4267,5): error TS1005: ',' expected.
server/debug_bulkCreateProductsWithAccounting.ts(4267,14): error TS1005: ',' expected.
server/debug_bulkCreateProductsWithAccounting.ts(4270,5): error TS1005: ',' expected.
server/debug_bulkCreateProductsWithAccounting.ts(4270,19): error TS1005: ',' expected.
server/debug_bulkCreateProductsWithAccounting.ts(4270,30): error TS1005: ',' expected.
server/debug_bulkCreateProductsWithAccounting.ts(4270,32): error TS1136: Property assignment expected.
server/debug_bulkCreateProductsWithAccounting.ts(4274,3): error TS1128: Declaration or statement expected.
server/debug_bulkCreateProductsWithAccounting.ts(4277,3): error TS1434: Unexpected keyword or identifier.
server/debug_bulkCreateProductsWithAccounting.ts(4277,31): error TS1005: ',' expected.
server/debug_bulkCreateProductsWithAccounting.ts(4277,40): error TS1005: ';' expected.
server/debug_bulkCreateProductsWithAccounting.ts(4277,54): error TS1109: Expression expected.
server/debug_bulkCreateProductsWithAccounting.ts(4278,11): error TS1005: ',' expected.
server/debug_bulkCreateProductsWithAccounting.ts(4278,13): error TS1005: ',' expected.
server/debug_bulkCreateProductsWithAccounting.ts(4302,7): error TS1005: ',' expected.
server/debug_bulkCreateProductsWithAccounting.ts(4305,3): error TS1434: Unexpected keyword or identifier.
server/debug_bulkCreateProductsWithAccounting.ts(4305,33): error TS1005: ',' expected.
server/debug_bulkCreateProductsWithAccounting.ts(4305,55): error TS1005: ';' expected.
server/debug_bulkCreateProductsWithAccounting.ts(4306,11): error TS1005: ':' expected.
server/debug_bulkCreateProductsWithAccounting.ts(4306,68): error TS1005: ',' expected.
server/debug_bulkCreateProductsWithAccounting.ts(4309,19): error TS1005: ',' expected.
server/debug_bulkCreateProductsWithAccounting.ts(4309,44): error TS1005: ';' expected.
server/debug_bulkCreateProductsWithAccounting.ts(4390,3): error TS1128: Declaration or statement expected.
server/debug_bulkCreateProductsWithAccounting.ts(4393,3): error TS1434: Unexpected keyword or identifier.
server/debug_bulkCreateProductsWithAccounting.ts(4393,38): error TS1109: Expression expected.
server/debug_bulkCreateProductsWithAccounting.ts(4393,54): error TS1109: Expression expected.
server/debug_bulkCreateProductsWithAccounting.ts(4393,80): error TS1005: ',' expected.
server/debug_bulkCreateProductsWithAccounting.ts(4393,116): error TS1005: ';' expected.
server/debug_bulkCreateProductsWithAccounting.ts(4393,130): error TS1011: An element access expression should take an argument.
server/debug_bulkCreateProductsWithAccounting.ts(4394,11): error TS1005: ':' expected.
server/debug_bulkCreateProductsWithAccounting.ts(4394,26): error TS1005: ',' expected.
server/debug_bulkCreateProductsWithAccounting.ts(4398,5): error TS1005: ',' expected.
server/debug_bulkCreateProductsWithAccounting.ts(4398,14): error TS1005: ',' expected.
server/debug_bulkCreateProductsWithAccounting.ts(4401,5): error TS1005: ',' expected.
server/debug_bulkCreateProductsWithAccounting.ts(4401,14): error TS1005: ',' expected.
server/debug_bulkCreateProductsWithAccounting.ts(4404,5): error TS1005: ',' expected.
server/debug_bulkCreateProductsWithAccounting.ts(4404,19): error TS1005: ',' expected.
server/debug_bulkCreateProductsWithAccounting.ts(4404,30): error TS1005: ',' expected.
server/debug_bulkCreateProductsWithAccounting.ts(4404,32): error TS1136: Property assignment expected.
server/debug_bulkCreateProductsWithAccounting.ts(4408,3): error TS1128: Declaration or statement expected.
server/debug_bulkCreateProductsWithAccounting.ts(4410,3): error TS1434: Unexpected keyword or identifier.
server/debug_bulkCreateProductsWithAccounting.ts(4410,33): error TS1005: ',' expected.
server/debug_bulkCreateProductsWithAccounting.ts(4410,55): error TS1005: ';' expected.
server/debug_bulkCreateProductsWithAccounting.ts(4411,11): error TS1005: ':' expected.
server/debug_bulkCreateProductsWithAccounting.ts(4411,62): error TS1005: ',' expected.
server/debug_bulkCreateProductsWithAccounting.ts(4414,16): error TS1005: ',' expected.
server/debug_bulkCreateProductsWithAccounting.ts(4414,41): error TS1005: ';' expected.
server/debug_bulkCreateProductsWithAccounting.ts(4463,3): error TS1128: Declaration or statement expected.
server/debug_bulkCreateProductsWithAccounting.ts(4465,3): error TS1434: Unexpected keyword or identifier.
server/debug_bulkCreateProductsWithAccounting.ts(4465,31): error TS1005: ',' expected.
server/debug_bulkCreateProductsWithAccounting.ts(4465,45): error TS1005: ',' expected.
server/debug_bulkCreateProductsWithAccounting.ts(4465,51): error TS1005: ';' expected.
server/debug_bulkCreateProductsWithAccounting.ts(4466,11): error TS1005: ':' expected.
server/debug_bulkCreateProductsWithAccounting.ts(4466,109): error TS1005: ',' expected.
server/debug_bulkCreateProductsWithAccounting.ts(4467,12): error TS1005: ':' expected.
server/debug_bulkCreateProductsWithAccounting.ts(4467,19): error TS1005: ',' expected.
server/debug_bulkCreateProductsWithAccounting.ts(4470,3): error TS1434: Unexpected keyword or identifier.
server/debug_bulkCreateProductsWithAccounting.ts(4470,45): error TS1005: ',' expected.
server/debug_bulkCreateProductsWithAccounting.ts(4470,54): error TS1005: ';' expected.
server/debug_bulkCreateProductsWithAccounting.ts(4471,11): error TS1005: ':' expected.
server/debug_bulkCreateProductsWithAccounting.ts(4476,7): error TS1005: ',' expected.
server/debug_bulkCreateProductsWithAccounting.ts(4477,12): error TS1005: ':' expected.
server/debug_bulkCreateProductsWithAccounting.ts(4477,44): error TS1005: ',' expected.
server/debug_bulkCreateProductsWithAccounting.ts(4480,3): error TS1434: Unexpected keyword or identifier.
server/debug_bulkCreateProductsWithAccounting.ts(4480,37): error TS1005: ',' expected.
server/debug_bulkCreateProductsWithAccounting.ts(4480,53): error TS1005: ',' expected.
server/debug_bulkCreateProductsWithAccounting.ts(4480,77): error TS1109: Expression expected.
server/debug_bulkCreateProductsWithAccounting.ts(4480,93): error TS1109: Expression expected.
server/debug_bulkCreateProductsWithAccounting.ts(4480,102): error TS1005: ';' expected.
server/debug_bulkCreateProductsWithAccounting.ts(4481,16): error TS1005: ',' expected.
server/debug_bulkCreateProductsWithAccounting.ts(4481,20): error TS1005: ';' expected.
server/debug_bulkCreateProductsWithAccounting.ts(4544,3): error TS1128: Declaration or statement expected.
server/debug_bulkCreateProductsWithAccounting.ts(4546,3): error TS1434: Unexpected keyword or identifier.
server/debug_bulkCreateProductsWithAccounting.ts(4546,45): error TS1005: ',' expected.
server/debug_bulkCreateProductsWithAccounting.ts(4546,54): error TS1005: ';' expected.
server/debug_bulkCreateProductsWithAccounting.ts(4546,68): error TS1011: An element access expression should take an argument.
server/debug_bulkCreateProductsWithAccounting.ts(4548,11): error TS1005: ':' expected.
server/debug_bulkCreateProductsWithAccounting.ts(4554,43): error TS1005: ',' expected.
server/debug_bulkCreateProductsWithAccounting.ts(4556,12): error TS1005: ':' expected.
server/debug_bulkCreateProductsWithAccounting.ts(4563,8): error TS1005: ',' expected.
server/debug_bulkCreateProductsWithAccounting.ts(4567,3): error TS1434: Unexpected keyword or identifier.
server/debug_bulkCreateProductsWithAccounting.ts(4567,21): error TS1005: ';' expected.
server/debug_bulkCreateProductsWithAccounting.ts(4567,38): error TS1011: An element access expression should take an argument.
server/debug_bulkCreateProductsWithAccounting.ts(4568,12): error TS1005: ':' expected.
server/debug_bulkCreateProductsWithAccounting.ts(4568,59): error TS1005: ',' expected.
server/debug_bulkCreateProductsWithAccounting.ts(4571,3): error TS1434: Unexpected keyword or identifier.
server/debug_bulkCreateProductsWithAccounting.ts(4571,21): error TS1005: ',' expected.
server/debug_bulkCreateProductsWithAccounting.ts(4571,30): error TS1005: ';' expected.
server/debug_bulkCreateProductsWithAccounting.ts(4572,11): error TS1005: ':' expected.
server/debug_bulkCreateProductsWithAccounting.ts(4572,79): error TS1005: ',' expected.
server/debug_bulkCreateProductsWithAccounting.ts(4573,12): error TS1005: ':' expected.
server/debug_bulkCreateProductsWithAccounting.ts(4573,31): error TS1005: ',' expected.
server/debug_bulkCreateProductsWithAccounting.ts(4576,3): error TS1434: Unexpected keyword or identifier.
server/debug_bulkCreateProductsWithAccounting.ts(4576,26): error TS1005: ',' expected.
server/debug_bulkCreateProductsWithAccounting.ts(4576,41): error TS1005: ';' expected.
server/debug_bulkCreateProductsWithAccounting.ts(4578,13): error TS1005: ',' expected.
server/debug_bulkCreateProductsWithAccounting.ts(4578,19): error TS1005: ',' expected.
server/debug_bulkCreateProductsWithAccounting.ts(4578,21): error TS1136: Property assignment expected.
server/debug_bulkCreateProductsWithAccounting.ts(4592,3): error TS1128: Declaration or statement expected.
server/debug_bulkCreateProductsWithAccounting.ts(4594,3): error TS1434: Unexpected keyword or identifier.
server/debug_bulkCreateProductsWithAccounting.ts(4594,24): error TS1005: ',' expected.
server/debug_bulkCreateProductsWithAccounting.ts(4594,38): error TS1005: ',' expected.
server/debug_bulkCreateProductsWithAccounting.ts(4594,62): error TS1005: ';' expected.
server/debug_bulkCreateProductsWithAccounting.ts(4595,11): error TS1005: ':' expected.
server/debug_bulkCreateProductsWithAccounting.ts(4595,94): error TS1005: ',' expected.
server/debug_bulkCreateProductsWithAccounting.ts(4596,12): error TS1005: ':' expected.
server/debug_bulkCreateProductsWithAccounting.ts(4596,31): error TS1005: ',' expected.
server/debug_bulkCreateProductsWithAccounting.ts(4599,3): error TS1434: Unexpected keyword or identifier.
server/debug_bulkCreateProductsWithAccounting.ts(4599,24): error TS1005: ',' expected.
server/debug_bulkCreateProductsWithAccounting.ts(4599,33): error TS1005: ';' expected.
server/debug_bulkCreateProductsWithAccounting.ts(4599,47): error TS1109: Expression expected.
server/debug_bulkCreateProductsWithAccounting.ts(4600,11): error TS1005: ',' expected.
server/debug_bulkCreateProductsWithAccounting.ts(4600,13): error TS1005: ',' expected.
server/debug_bulkCreateProductsWithAccounting.ts(4600,55): error TS1005: ',' expected.
server/debug_bulkCreateProductsWithAccounting.ts(4604,3): error TS1434: Unexpected keyword or identifier.
server/debug_bulkCreateProductsWithAccounting.ts(4604,27): error TS1109: Expression expected.
server/debug_bulkCreateProductsWithAccounting.ts(4604,53): error TS1005: ',' expected.
server/debug_bulkCreateProductsWithAccounting.ts(4604,89): error TS1005: ';' expected.
server/debug_bulkCreateProductsWithAccounting.ts(4604,107): error TS1011: An element access expression should take an argument.
server/debug_bulkCreateProductsWithAccounting.ts(4605,11): error TS1005: ':' expected.
server/debug_bulkCreateProductsWithAccounting.ts(4605,26): error TS1005: ',' expected.
server/debug_bulkCreateProductsWithAccounting.ts(4606,14): error TS1005: ',' expected.
server/debug_bulkCreateProductsWithAccounting.ts(4609,5): error TS1005: ',' expected.
server/debug_bulkCreateProductsWithAccounting.ts(4609,14): error TS1005: ',' expected.
server/debug_bulkCreateProductsWithAccounting.ts(4612,5): error TS1005: ',' expected.
server/debug_bulkCreateProductsWithAccounting.ts(4612,19): error TS1005: ',' expected.
server/debug_bulkCreateProductsWithAccounting.ts(4612,30): error TS1005: ',' expected.
server/debug_bulkCreateProductsWithAccounting.ts(4612,32): error TS1136: Property assignment expected.
server/debug_bulkCreateProductsWithAccounting.ts(4616,3): error TS1128: Declaration or statement expected.
server/debug_bulkCreateProductsWithAccounting.ts(4618,3): error TS1434: Unexpected keyword or identifier.
server/debug_bulkCreateProductsWithAccounting.ts(4618,22): error TS1005: ',' expected.
server/debug_bulkCreateProductsWithAccounting.ts(4618,31): error TS1005: ';' expected.
server/debug_bulkCreateProductsWithAccounting.ts(4619,11): error TS1005: ':' expected.
server/debug_bulkCreateProductsWithAccounting.ts(4619,82): error TS1005: ',' expected.
server/debug_bulkCreateProductsWithAccounting.ts(4620,12): error TS1005: ':' expected.
server/debug_bulkCreateProductsWithAccounting.ts(4620,32): error TS1005: ',' expected.
server/debug_bulkCreateProductsWithAccounting.ts(4623,3): error TS1434: Unexpected keyword or identifier.
server/debug_bulkCreateProductsWithAccounting.ts(4623,27): error TS1005: ',' expected.
server/debug_bulkCreateProductsWithAccounting.ts(4623,43): error TS1005: ';' expected.
server/debug_bulkCreateProductsWithAccounting.ts(4624,11): error TS1005: ':' expected.
server/debug_bulkCreateProductsWithAccounting.ts(4624,73): error TS1005: ',' expected.
server/debug_bulkCreateProductsWithAccounting.ts(4625,12): error TS1005: ':' expected.
server/debug_bulkCreateProductsWithAccounting.ts(4625,19): error TS1005: ',' expected.
server/debug_bulkCreateProductsWithAccounting.ts(4628,3): error TS1434: Unexpected keyword or identifier.
server/debug_bulkCreateProductsWithAccounting.ts(4628,25): error TS1005: ',' expected.
server/debug_bulkCreateProductsWithAccounting.ts(4628,39): error TS1005: ',' expected.
server/debug_bulkCreateProductsWithAccounting.ts(4628,64): error TS1005: ';' expected.
server/debug_bulkCreateProductsWithAccounting.ts(4629,11): error TS1005: ':' expected.
server/debug_bulkCreateProductsWithAccounting.ts(4629,97): error TS1005: ',' expected.
server/debug_bulkCreateProductsWithAccounting.ts(4630,12): error TS1005: ':' expected.
server/debug_bulkCreateProductsWithAccounting.ts(4630,32): error TS1005: ',' expected.
server/debug_bulkCreateProductsWithAccounting.ts(4633,3): error TS1434: Unexpected keyword or identifier.
server/debug_bulkCreateProductsWithAccounting.ts(4633,25): error TS1005: ',' expected.
server/debug_bulkCreateProductsWithAccounting.ts(4633,34): error TS1005: ';' expected.
server/debug_bulkCreateProductsWithAccounting.ts(4633,48): error TS1109: Expression expected.
server/debug_bulkCreateProductsWithAccounting.ts(4634,11): error TS1005: ',' expected.
server/debug_bulkCreateProductsWithAccounting.ts(4634,13): error TS1005: ',' expected.
server/debug_bulkCreateProductsWithAccounting.ts(4634,57): error TS1005: ',' expected.
server/debug_bulkCreateProductsWithAccounting.ts(4638,3): error TS1434: Unexpected keyword or identifier.
server/debug_bulkCreateProductsWithAccounting.ts(4638,24): error TS1109: Expression expected.
server/debug_bulkCreateProductsWithAccounting.ts(4638,50): error TS1005: ',' expected.
server/debug_bulkCreateProductsWithAccounting.ts(4638,95): error TS1109: Expression expected.
server/debug_bulkCreateProductsWithAccounting.ts(4638,132): error TS1005: ',' expected.
server/debug_bulkCreateProductsWithAccounting.ts(4638,154): error TS1005: ';' expected.
server/debug_bulkCreateProductsWithAccounting.ts(4638,169): error TS1011: An element access expression should take an argument.
server/debug_bulkCreateProductsWithAccounting.ts(4639,11): error TS1005: ':' expected.
server/debug_bulkCreateProductsWithAccounting.ts(4639,26): error TS1005: ',' expected.
server/debug_bulkCreateProductsWithAccounting.ts(4640,14): error TS1005: ',' expected.
server/debug_bulkCreateProductsWithAccounting.ts(4643,5): error TS1005: ',' expected.
server/debug_bulkCreateProductsWithAccounting.ts(4643,14): error TS1005: ',' expected.
server/debug_bulkCreateProductsWithAccounting.ts(4647,5): error TS1005: ',' expected.
server/debug_bulkCreateProductsWithAccounting.ts(4647,9): error TS1003: Identifier expected.
server/debug_bulkCreateProductsWithAccounting.ts(4647,17): error TS1005: ',' expected.
server/debug_bulkCreateProductsWithAccounting.ts(4647,27): error TS1005: ',' expected.
server/debug_bulkCreateProductsWithAccounting.ts(4647,56): error TS1005: ';' expected.
server/debug_bulkCreateProductsWithAccounting.ts(4650,7): error TS1128: Declaration or statement expected.
server/debug_bulkCreateProductsWithAccounting.ts(4659,3): error TS1128: Declaration or statement expected.
server/debug_bulkCreateProductsWithAccounting.ts(4661,3): error TS1434: Unexpected keyword or identifier.
server/debug_bulkCreateProductsWithAccounting.ts(4661,19): error TS1005: ',' expected.
server/debug_bulkCreateProductsWithAccounting.ts(4661,28): error TS1005: ';' expected.
server/debug_bulkCreateProductsWithAccounting.ts(4662,11): error TS1005: ':' expected.
server/debug_bulkCreateProductsWithAccounting.ts(4662,73): error TS1005: ',' expected.
server/debug_bulkCreateProductsWithAccounting.ts(4663,12): error TS1005: ':' expected.
server/debug_bulkCreateProductsWithAccounting.ts(4663,29): error TS1005: ',' expected.
server/debug_bulkCreateProductsWithAccounting.ts(4666,3): error TS1434: Unexpected keyword or identifier.
server/debug_bulkCreateProductsWithAccounting.ts(4666,24): error TS1005: ',' expected.
server/debug_bulkCreateProductsWithAccounting.ts(4666,37): error TS1005: ';' expected.
server/debug_bulkCreateProductsWithAccounting.ts(4667,11): error TS1005: ':' expected.
server/debug_bulkCreateProductsWithAccounting.ts(4667,67): error TS1005: ',' expected.
server/debug_bulkCreateProductsWithAccounting.ts(4668,12): error TS1005: ':' expected.
server/debug_bulkCreateProductsWithAccounting.ts(4668,16): error TS1005: ',' expected.
server/debug_bulkCreateProductsWithAccounting.ts(4671,3): error TS1434: Unexpected keyword or identifier.
server/debug_bulkCreateProductsWithAccounting.ts(4671,22): error TS1005: ',' expected.
server/debug_bulkCreateProductsWithAccounting.ts(4671,36): error TS1005: ',' expected.
server/debug_bulkCreateProductsWithAccounting.ts(4671,58): error TS1005: ';' expected.
server/debug_bulkCreateProductsWithAccounting.ts(4672,11): error TS1005: ':' expected.
server/debug_bulkCreateProductsWithAccounting.ts(4672,88): error TS1005: ',' expected.
server/debug_bulkCreateProductsWithAccounting.ts(4673,12): error TS1005: ':' expected.
server/debug_bulkCreateProductsWithAccounting.ts(4673,29): error TS1005: ',' expected.
server/debug_bulkCreateProductsWithAccounting.ts(4676,3): error TS1434: Unexpected keyword or identifier.
server/debug_bulkCreateProductsWithAccounting.ts(4676,22): error TS1005: ',' expected.
server/debug_bulkCreateProductsWithAccounting.ts(4676,31): error TS1005: ';' expected.
server/debug_bulkCreateProductsWithAccounting.ts(4676,45): error TS1109: Expression expected.
server/debug_bulkCreateProductsWithAccounting.ts(4677,11): error TS1005: ',' expected.
server/debug_bulkCreateProductsWithAccounting.ts(4677,13): error TS1005: ',' expected.
server/debug_bulkCreateProductsWithAccounting.ts(4677,51): error TS1005: ',' expected.
server/debug_bulkCreateProductsWithAccounting.ts(4681,3): error TS1434: Unexpected keyword or identifier.
server/debug_bulkCreateProductsWithAccounting.ts(4681,34): error TS1005: ',' expected.
server/debug_bulkCreateProductsWithAccounting.ts(4681,43): error TS1005: ';' expected.
server/debug_bulkCreateProductsWithAccounting.ts(4681,57): error TS1011: An element access expression should take an argument.
server/debug_bulkCreateProductsWithAccounting.ts(4682,12): error TS1005: ':' expected.
server/debug_bulkCreateProductsWithAccounting.ts(4682,129): error TS1005: ',' expected.
server/debug_bulkCreateProductsWithAccounting.ts(4685,3): error TS1434: Unexpected keyword or identifier.
server/debug_bulkCreateProductsWithAccounting.ts(4685,34): error TS1005: ',' expected.
server/debug_bulkCreateProductsWithAccounting.ts(4685,40): error TS1005: ';' expected.
server/debug_bulkCreateProductsWithAccounting.ts(4686,11): error TS1005: ':' expected.
server/debug_bulkCreateProductsWithAccounting.ts(4686,83): error TS1005: ',' expected.
server/debug_bulkCreateProductsWithAccounting.ts(4687,12): error TS1005: ':' expected.
server/debug_bulkCreateProductsWithAccounting.ts(4687,22): error TS1005: ',' expected.
server/debug_bulkCreateProductsWithAccounting.ts(4690,3): error TS1434: Unexpected keyword or identifier.
server/debug_bulkCreateProductsWithAccounting.ts(4690,32): error TS1005: ',' expected.
server/debug_bulkCreateProductsWithAccounting.ts(4690,41): error TS1005: ';' expected.
server/debug_bulkCreateProductsWithAccounting.ts(4690,55): error TS1109: Expression expected.
server/debug_bulkCreateProductsWithAccounting.ts(4691,11): error TS1005: ',' expected.
server/debug_bulkCreateProductsWithAccounting.ts(4691,13): error TS1005: ',' expected.
server/debug_bulkCreateProductsWithAccounting.ts(4691,71): error TS1005: ',' expected.
server/debug_bulkCreateProductsWithAccounting.ts(4695,3): error TS1434: Unexpected keyword or identifier.
server/debug_bulkCreateProductsWithAccounting.ts(4695,36): error TS1005: ',' expected.
server/debug_bulkCreateProductsWithAccounting.ts(4695,45): error TS1005: ';' expected.
server/debug_bulkCreateProductsWithAccounting.ts(4695,72): error TS1011: An element access expression should take an argument.
server/debug_bulkCreateProductsWithAccounting.ts(4696,12): error TS1005: ':' expected.
server/debug_bulkCreateProductsWithAccounting.ts(4696,140): error TS1005: ',' expected.
server/debug_bulkCreateProductsWithAccounting.ts(4699,3): error TS1434: Unexpected keyword or identifier.
server/debug_bulkCreateProductsWithAccounting.ts(4699,41): error TS1005: ',' expected.
server/debug_bulkCreateProductsWithAccounting.ts(4699,57): error TS1005: ',' expected.
server/debug_bulkCreateProductsWithAccounting.ts(4699,66): error TS1005: ';' expected.
server/debug_bulkCreateProductsWithAccounting.ts(4700,11): error TS1005: ':' expected.
server/debug_bulkCreateProductsWithAccounting.ts(4706,16): error TS1005: ',' expected.
server/debug_bulkCreateProductsWithAccounting.ts(4707,12): error TS1005: ':' expected.
server/debug_bulkCreateProductsWithAccounting.ts(4707,19): error TS1005: ',' expected.
server/debug_bulkCreateProductsWithAccounting.ts(4710,3): error TS1434: Unexpected keyword or identifier.
server/debug_bulkCreateProductsWithAccounting.ts(4710,41): error TS1005: ',' expected.
server/debug_bulkCreateProductsWithAccounting.ts(4710,50): error TS1005: ';' expected.
server/debug_bulkCreateProductsWithAccounting.ts(4710,77): error TS1011: An element access expression should take an argument.
server/debug_bulkCreateProductsWithAccounting.ts(4711,12): error TS1005: ':' expected.
server/debug_bulkCreateProductsWithAccounting.ts(4715,9): error TS1005: ',' expected.
server/debug_bulkCreateProductsWithAccounting.ts(4718,3): error TS1434: Unexpected keyword or identifier.
server/debug_bulkCreateProductsWithAccounting.ts(4718,36): error TS1005: ',' expected.
server/debug_bulkCreateProductsWithAccounting.ts(4718,61): error TS1005: ';' expected.
server/debug_bulkCreateProductsWithAccounting.ts(4719,11): error TS1005: ':' expected.
server/debug_bulkCreateProductsWithAccounting.ts(4719,82): error TS1005: ',' expected.
server/debug_bulkCreateProductsWithAccounting.ts(4720,12): error TS1005: ':' expected.
server/debug_bulkCreateProductsWithAccounting.ts(4720,19): error TS1005: ',' expected.
server/debug_bulkCreateProductsWithAccounting.ts(4723,3): error TS1434: Unexpected keyword or identifier.
server/debug_bulkCreateProductsWithAccounting.ts(4723,34): error TS1005: ',' expected.
server/debug_bulkCreateProductsWithAccounting.ts(4723,48): error TS1005: ',' expected.
server/debug_bulkCreateProductsWithAccounting.ts(4723,76): error TS1005: ';' expected.
server/debug_bulkCreateProductsWithAccounting.ts(4724,11): error TS1005: ':' expected.
server/debug_bulkCreateProductsWithAccounting.ts(4724,115): error TS1005: ',' expected.
server/debug_bulkCreateProductsWithAccounting.ts(4725,12): error TS1005: ':' expected.
server/debug_bulkCreateProductsWithAccounting.ts(4725,19): error TS1005: ',' expected.
server/debug_bulkCreateProductsWithAccounting.ts(4729,3): error TS1434: Unexpected keyword or identifier.
server/debug_bulkCreateProductsWithAccounting.ts(4729,33): error TS1109: Expression expected.
server/debug_bulkCreateProductsWithAccounting.ts(4729,50): error TS1109: Expression expected.
server/debug_bulkCreateProductsWithAccounting.ts(4729,59): error TS1005: ';' expected.
server/debug_bulkCreateProductsWithAccounting.ts(4729,73): error TS1011: An element access expression should take an argument.
server/debug_bulkCreateProductsWithAccounting.ts(4730,9): error TS1005: ',' expected.
server/debug_bulkCreateProductsWithAccounting.ts(4749,54): error TS1005: ',' expected.
server/debug_bulkCreateProductsWithAccounting.ts(4751,11): error TS1005: ':' expected.
server/debug_bulkCreateProductsWithAccounting.ts(4751,26): error TS1005: ',' expected.
server/debug_bulkCreateProductsWithAccounting.ts(4752,20): error TS1005: '{' expected.
server/debug_bulkCreateProductsWithAccounting.ts(4752,30): error TS1005: ',' expected.
server/debug_bulkCreateProductsWithAccounting.ts(4752,72): error TS1005: ',' expected.
server/debug_bulkCreateProductsWithAccounting.ts(4753,17): error TS1005: '{' expected.
server/debug_bulkCreateProductsWithAccounting.ts(4753,27): error TS1005: ',' expected.
server/debug_bulkCreateProductsWithAccounting.ts(4753,63): error TS1005: ',' expected.
server/debug_bulkCreateProductsWithAccounting.ts(4755,19): error TS1005: ',' expected.
server/debug_bulkCreateProductsWithAccounting.ts(4755,30): error TS1005: ',' expected.
server/debug_bulkCreateProductsWithAccounting.ts(4755,32): error TS1136: Property assignment expected.
server/debug_bulkCreateProductsWithAccounting.ts(4760,3): error TS1128: Declaration or statement expected.
server/debug_bulkCreateProductsWithAccounting.ts(4762,3): error TS1434: Unexpected keyword or identifier.
server/debug_bulkCreateProductsWithAccounting.ts(4762,29): error TS1005: ',' expected.
server/debug_bulkCreateProductsWithAccounting.ts(4762,47): error TS1005: ';' expected.
server/debug_bulkCreateProductsWithAccounting.ts(4763,11): error TS1005: ':' expected.
server/debug_bulkCreateProductsWithAccounting.ts(4763,73): error TS1005: ',' expected.
server/debug_bulkCreateProductsWithAccounting.ts(4764,12): error TS1005: ':' expected.
server/debug_bulkCreateProductsWithAccounting.ts(4764,17): error TS1005: ',' expected.
server/debug_bulkCreateProductsWithAccounting.ts(4768,3): error TS1434: Unexpected keyword or identifier.
server/debug_bulkCreateProductsWithAccounting.ts(4768,34): error TS1005: ',' expected.
server/debug_bulkCreateProductsWithAccounting.ts(4768,43): error TS1005: ';' expected.
server/debug_bulkCreateProductsWithAccounting.ts(4768,65): error TS1011: An element access expression should take an argument.
server/debug_bulkCreateProductsWithAccounting.ts(4769,12): error TS1005: ':' expected.
server/debug_bulkCreateProductsWithAccounting.ts(4769,126): error TS1005: ',' expected.
server/debug_bulkCreateProductsWithAccounting.ts(4772,3): error TS1434: Unexpected keyword or identifier.
server/debug_bulkCreateProductsWithAccounting.ts(4772,31): error TS1005: ',' expected.
server/debug_bulkCreateProductsWithAccounting.ts(4772,37): error TS1005: ';' expected.
server/debug_bulkCreateProductsWithAccounting.ts(4773,11): error TS1005: ':' expected.
server/debug_bulkCreateProductsWithAccounting.ts(4773,74): error TS1005: ',' expected.
server/debug_bulkCreateProductsWithAccounting.ts(4774,12): error TS1005: ':' expected.
server/debug_bulkCreateProductsWithAccounting.ts(4774,16): error TS1005: ',' expected.
server/debug_bulkCreateProductsWithAccounting.ts(4777,3): error TS1434: Unexpected keyword or identifier.
server/debug_bulkCreateProductsWithAccounting.ts(4777,29): error TS1005: ',' expected.
server/debug_bulkCreateProductsWithAccounting.ts(4777,38): error TS1005: ';' expected.
server/debug_bulkCreateProductsWithAccounting.ts(4777,52): error TS1109: Expression expected.
server/debug_bulkCreateProductsWithAccounting.ts(4778,11): error TS1005: ',' expected.
server/debug_bulkCreateProductsWithAccounting.ts(4778,13): error TS1005: ',' expected.
server/debug_bulkCreateProductsWithAccounting.ts(4778,65): error TS1005: ',' expected.
server/debug_bulkCreateProductsWithAccounting.ts(4782,3): error TS1434: Unexpected keyword or identifier.
server/debug_bulkCreateProductsWithAccounting.ts(4782,38): error TS1109: Expression expected.
server/debug_bulkCreateProductsWithAccounting.ts(4782,47): error TS1005: ';' expected.
server/debug_bulkCreateProductsWithAccounting.ts(4782,61): error TS1011: An element access expression should take an argument.
server/debug_bulkCreateProductsWithAccounting.ts(4786,5): error TS1005: ',' expected.
server/debug_bulkCreateProductsWithAccounting.ts(4786,12): error TS1005: ':' expected.
server/debug_bulkCreateProductsWithAccounting.ts(4786,88): error TS1005: ',' expected.
server/debug_bulkCreateProductsWithAccounting.ts(4789,3): error TS1434: Unexpected keyword or identifier.
server/debug_bulkCreateProductsWithAccounting.ts(4789,34): error TS1005: ',' expected.
server/debug_bulkCreateProductsWithAccounting.ts(4789,57): error TS1005: ';' expected.
server/debug_bulkCreateProductsWithAccounting.ts(4790,11): error TS1005: ':' expected.
server/debug_bulkCreateProductsWithAccounting.ts(4790,60): error TS1005: ',' expected.
server/debug_bulkCreateProductsWithAccounting.ts(4791,18): error TS1005: ',' expected.
server/debug_bulkCreateProductsWithAccounting.ts(4791,75): error TS1005: ',' expected.
server/debug_bulkCreateProductsWithAccounting.ts(4791,77): error TS1136: Property assignment expected.
server/debug_bulkCreateProductsWithAccounting.ts(4796,3): error TS1128: Declaration or statement expected.
server/debug_bulkCreateProductsWithAccounting.ts(4798,3): error TS1434: Unexpected keyword or identifier.
server/debug_bulkCreateProductsWithAccounting.ts(4798,32): error TS1005: ',' expected.
server/debug_bulkCreateProductsWithAccounting.ts(4798,46): error TS1005: ',' expected.
server/debug_bulkCreateProductsWithAccounting.ts(4798,52): error TS1005: ';' expected.
server/debug_bulkCreateProductsWithAccounting.ts(4799,13): error TS1005: ',' expected.
server/debug_bulkCreateProductsWithAccounting.ts(4799,65): error TS1005: ',' expected.
server/debug_bulkCreateProductsWithAccounting.ts(4799,67): error TS1136: Property assignment expected.
server/debug_bulkCreateProductsWithAccounting.ts(4804,3): error TS1128: Declaration or statement expected.
server/debug_bulkCreateProductsWithAccounting.ts(4806,3): error TS1434: Unexpected keyword or identifier.
server/debug_bulkCreateProductsWithAccounting.ts(4806,32): error TS1005: ',' expected.
server/debug_bulkCreateProductsWithAccounting.ts(4806,41): error TS1005: ';' expected.
server/debug_bulkCreateProductsWithAccounting.ts(4806,55): error TS1109: Expression expected.
server/debug_bulkCreateProductsWithAccounting.ts(4807,11): error TS1005: ',' expected.
server/debug_bulkCreateProductsWithAccounting.ts(4807,13): error TS1005: ',' expected.
server/debug_bulkCreateProductsWithAccounting.ts(4807,71): error TS1005: ',' expected.
server/debug_bulkCreateProductsWithAccounting.ts(4810,3): error TS1434: Unexpected keyword or identifier.
server/debug_bulkCreateProductsWithAccounting.ts(4810,42): error TS1005: ',' expected.
server/debug_bulkCreateProductsWithAccounting.ts(4810,51): error TS1005: ';' expected.
server/debug_bulkCreateProductsWithAccounting.ts(4810,77): error TS1005: ',' expected.
server/debug_bulkCreateProductsWithAccounting.ts(4810,92): error TS1005: ',' expected.
server/debug_bulkCreateProductsWithAccounting.ts(4811,11): error TS1005: ':' expected.
server/debug_bulkCreateProductsWithAccounting.ts(4811,89): error TS1005: ',' expected.
server/debug_bulkCreateProductsWithAccounting.ts(4812,11): error TS1005: ':' expected.
server/debug_bulkCreateProductsWithAccounting.ts(4812,104): error TS1005: ',' expected.
server/debug_bulkCreateProductsWithAccounting.ts(4814,11): error TS1005: ':' expected.
server/debug_bulkCreateProductsWithAccounting.ts(4816,77): error TS1005: ',' expected.
server/debug_bulkCreateProductsWithAccounting.ts(4817,11): error TS1005: ':' expected.
server/debug_bulkCreateProductsWithAccounting.ts(4817,73): error TS1005: ',' expected.
server/debug_bulkCreateProductsWithAccounting.ts(4819,11): error TS1005: ':' expected.
server/debug_bulkCreateProductsWithAccounting.ts(4819,81): error TS1005: ',' expected.
server/debug_bulkCreateProductsWithAccounting.ts(4820,11): error TS1005: ':' expected.
server/debug_bulkCreateProductsWithAccounting.ts(4825,79): error TS1005: ',' expected.
server/debug_bulkCreateProductsWithAccounting.ts(4826,11): error TS1005: ':' expected.
server/debug_bulkCreateProductsWithAccounting.ts(4826,93): error TS1005: ',' expected.
server/debug_bulkCreateProductsWithAccounting.ts(4828,11): error TS1005: ':' expected.
server/debug_bulkCreateProductsWithAccounting.ts(4830,73): error TS1005: ',' expected.
server/debug_bulkCreateProductsWithAccounting.ts(4831,11): error TS1005: ':' expected.
server/debug_bulkCreateProductsWithAccounting.ts(4831,63): error TS1005: ',' expected.
server/debug_bulkCreateProductsWithAccounting.ts(4833,11): error TS1005: ':' expected.
server/debug_bulkCreateProductsWithAccounting.ts(4833,55): error TS1005: ',' expected.
server/debug_bulkCreateProductsWithAccounting.ts(4834,11): error TS1005: ':' expected.
server/debug_bulkCreateProductsWithAccounting.ts(4834,51): error TS1005: ',' expected.
server/debug_bulkCreateProductsWithAccounting.ts(4836,12): error TS1005: ':' expected.
server/debug_bulkCreateProductsWithAccounting.ts(4836,78): error TS1005: ',' expected.
server/debug_bulkCreateProductsWithAccounting.ts(4840,3): error TS1434: Unexpected keyword or identifier.
server/debug_bulkCreateProductsWithAccounting.ts(4840,36): error TS1109: Expression expected.
server/debug_bulkCreateProductsWithAccounting.ts(4840,45): error TS1005: ';' expected.
server/debug_bulkCreateProductsWithAccounting.ts(4840,69): error TS1011: An element access expression should take an argument.
server/debug_bulkCreateProductsWithAccounting.ts(4844,5): error TS1005: ',' expected.
server/debug_bulkCreateProductsWithAccounting.ts(4844,12): error TS1005: ':' expected.
server/debug_bulkCreateProductsWithAccounting.ts(4844,84): error TS1005: ',' expected.
server/debug_bulkCreateProductsWithAccounting.ts(4847,3): error TS1434: Unexpected keyword or identifier.
server/debug_bulkCreateProductsWithAccounting.ts(4847,33): error TS1005: ',' expected.
server/debug_bulkCreateProductsWithAccounting.ts(4847,55): error TS1005: ';' expected.
server/debug_bulkCreateProductsWithAccounting.ts(4848,12): error TS1005: ':' expected.
server/debug_bulkCreateProductsWithAccounting.ts(4943,7): error TS1005: ',' expected.
server/debug_bulkCreateProductsWithAccounting.ts(4946,3): error TS1434: Unexpected keyword or identifier.
server/debug_bulkCreateProductsWithAccounting.ts(4947,7): error TS1005: ',' expected.
server/debug_bulkCreateProductsWithAccounting.ts(4948,16): error TS1005: ',' expected.
server/debug_bulkCreateProductsWithAccounting.ts(4949,65): error TS1005: ',' expected.
server/debug_bulkCreateProductsWithAccounting.ts(4950,24): error TS1005: ',' expected.
server/debug_bulkCreateProductsWithAccounting.ts(4951,28): error TS1005: ',' expected.
server/debug_bulkCreateProductsWithAccounting.ts(4952,24): error TS1005: ',' expected.
server/debug_bulkCreateProductsWithAccounting.ts(4954,4): error TS1005: ';' expected.
server/debug_bulkCreateProductsWithAccounting.ts(4955,12): error TS1005: ':' expected.
server/debug_bulkCreateProductsWithAccounting.ts(5030,7): error TS1005: ',' expected.
server/debug_bulkCreateProductsWithAccounting.ts(5033,3): error TS1434: Unexpected keyword or identifier.
server/debug_bulkCreateProductsWithAccounting.ts(5033,31): error TS1005: ',' expected.
server/debug_bulkCreateProductsWithAccounting.ts(5033,45): error TS1005: ',' expected.
server/debug_bulkCreateProductsWithAccounting.ts(5033,51): error TS1005: ';' expected.
server/debug_bulkCreateProductsWithAccounting.ts(5034,11): error TS1005: ':' expected.
server/debug_bulkCreateProductsWithAccounting.ts(5034,63): error TS1005: ',' expected.
server/debug_bulkCreateProductsWithAccounting.ts(5035,18): error TS1005: ',' expected.
server/debug_bulkCreateProductsWithAccounting.ts(5035,75): error TS1005: ',' expected.
server/debug_bulkCreateProductsWithAccounting.ts(5035,86): error TS1005: ',' expected.
server/debug_bulkCreateProductsWithAccounting.ts(5035,132): error TS1005: ',' expected.
server/debug_bulkCreateProductsWithAccounting.ts(5036,18): error TS1005: ',' expected.
server/debug_bulkCreateProductsWithAccounting.ts(5036,69): error TS1005: ',' expected.
server/debug_bulkCreateProductsWithAccounting.ts(5036,80): error TS1005: ',' expected.
server/debug_bulkCreateProductsWithAccounting.ts(5036,120): error TS1005: ',' expected.
server/debug_bulkCreateProductsWithAccounting.ts(5037,18): error TS1005: ',' expected.
server/debug_bulkCreateProductsWithAccounting.ts(5037,65): error TS1005: ',' expected.
server/debug_bulkCreateProductsWithAccounting.ts(5037,76): error TS1005: ',' expected.
server/debug_bulkCreateProductsWithAccounting.ts(5037,112): error TS1005: ',' expected.
server/debug_bulkCreateProductsWithAccounting.ts(5038,11): error TS1005: ':' expected.
server/debug_bulkCreateProductsWithAccounting.ts(5043,51): error TS1005: ',' expected.
server/debug_bulkCreateProductsWithAccounting.ts(5044,12): error TS1005: ':' expected.
server/debug_bulkCreateProductsWithAccounting.ts(5044,18): error TS1005: ',' expected.
server/debug_bulkCreateProductsWithAccounting.ts(5047,3): error TS1434: Unexpected keyword or identifier.
server/debug_bulkCreateProductsWithAccounting.ts(5047,31): error TS1005: ',' expected.
server/debug_bulkCreateProductsWithAccounting.ts(5047,40): error TS1005: ';' expected.
server/debug_bulkCreateProductsWithAccounting.ts(5047,54): error TS1109: Expression expected.
server/debug_bulkCreateProductsWithAccounting.ts(5048,11): error TS1005: ',' expected.
server/debug_bulkCreateProductsWithAccounting.ts(5048,13): error TS1005: ',' expected.
server/debug_bulkCreateProductsWithAccounting.ts(5048,67): error TS1005: ',' expected.
server/debug_bulkCreateProductsWithAccounting.ts(5054,3): error TS1434: Unexpected keyword or identifier.
server/debug_bulkCreateProductsWithAccounting.ts(5054,28): error TS1005: ',' expected.
server/debug_bulkCreateProductsWithAccounting.ts(5054,49): error TS1005: ',' expected.
server/debug_bulkCreateProductsWithAccounting.ts(5054,58): error TS1005: ';' expected.
server/debug_bulkCreateProductsWithAccounting.ts(5055,11): error TS1005: ':' expected.
server/debug_bulkCreateProductsWithAccounting.ts(5055,77): error TS1005: ',' expected.
server/debug_bulkCreateProductsWithAccounting.ts(5056,9): error TS1003: Identifier expected.
server/debug_bulkCreateProductsWithAccounting.ts(5056,16): error TS1005: '{' expected.
server/debug_bulkCreateProductsWithAccounting.ts(5056,22): error TS1005: ':' expected.
server/debug_bulkCreateProductsWithAccounting.ts(5056,49): error TS1005: ',' expected.
server/debug_bulkCreateProductsWithAccounting.ts(5059,11): error TS1005: ':' expected.
server/debug_bulkCreateProductsWithAccounting.ts(5066,19): error TS1005: ',' expected.
server/debug_bulkCreateProductsWithAccounting.ts(5068,12): error TS1005: ':' expected.
server/debug_bulkCreateProductsWithAccounting.ts(5068,23): error TS1005: ',' expected.
server/debug_bulkCreateProductsWithAccounting.ts(5072,3): error TS1434: Unexpected keyword or identifier.
server/debug_bulkCreateProductsWithAccounting.ts(5072,48): error TS1005: ',' expected.
server/debug_bulkCreateProductsWithAccounting.ts(5072,71): error TS1005: ';' expected.
server/debug_bulkCreateProductsWithAccounting.ts(5073,11): error TS1005: ':' expected.
server/debug_bulkCreateProductsWithAccounting.ts(5073,62): error TS1005: ',' expected.
server/debug_bulkCreateProductsWithAccounting.ts(5076,9): error TS1003: Identifier expected.
server/debug_bulkCreateProductsWithAccounting.ts(5076,14): error TS1005: ',' expected.
server/debug_bulkCreateProductsWithAccounting.ts(5076,23): error TS1005: ',' expected.
server/debug_bulkCreateProductsWithAccounting.ts(5076,25): error TS1136: Property assignment expected.
server/debug_bulkCreateProductsWithAccounting.ts(5160,3): error TS1128: Declaration or statement expected.
server/debug_bulkCreateProductsWithAccounting.ts(5162,3): error TS1128: Declaration or statement expected.
server/debug_bulkCreateProductsWithAccounting.ts(5162,41): error TS1005: ',' expected.
server/debug_bulkCreateProductsWithAccounting.ts(5162,50): error TS1005: ';' expected.
server/debug_bulkCreateProductsWithAccounting.ts(5162,52): error TS1434: Unexpected keyword or identifier.
server/debug_bulkCreateProductsWithAccounting.ts(5175,3): error TS1434: Unexpected keyword or identifier.
server/debug_bulkCreateProductsWithAccounting.ts(5175,39): error TS1005: ',' expected.
server/debug_bulkCreateProductsWithAccounting.ts(5175,48): error TS1005: ';' expected.
server/debug_bulkCreateProductsWithAccounting.ts(5176,19): error TS1005: ',' expected.
server/debug_bulkCreateProductsWithAccounting.ts(5177,21): error TS1005: ',' expected.
server/debug_bulkCreateProductsWithAccounting.ts(5178,19): error TS1005: ',' expected.
server/debug_bulkCreateProductsWithAccounting.ts(5179,24): error TS1011: An element access expression should take an argument.
server/debug_bulkCreateProductsWithAccounting.ts(5179,25): error TS1005: ',' expected.
server/debug_bulkCreateProductsWithAccounting.ts(5180,25): error TS1011: An element access expression should take an argument.
server/debug_bulkCreateProductsWithAccounting.ts(5180,26): error TS1005: ',' expected.
server/debug_bulkCreateProductsWithAccounting.ts(5183,11): error TS1005: ':' expected.
server/debug_bulkCreateProductsWithAccounting.ts(5188,71): error TS1005: ',' expected.
server/debug_bulkCreateProductsWithAccounting.ts(5191,9): error TS1005: ',' expected.
server/debug_bulkCreateProductsWithAccounting.ts(5191,24): error TS1005: ',' expected.
server/debug_bulkCreateProductsWithAccounting.ts(5192,9): error TS1005: ',' expected.
server/debug_bulkCreateProductsWithAccounting.ts(5192,26): error TS1005: ',' expected.
server/debug_bulkCreateProductsWithAccounting.ts(5193,11): error TS1005: ':' expected.
server/debug_bulkCreateProductsWithAccounting.ts(5193,24): error TS1005: ',' expected.
server/debug_bulkCreateProductsWithAccounting.ts(5193,29): error TS1005: ',' expected.
server/debug_bulkCreateProductsWithAccounting.ts(5193,30): error TS1109: Expression expected.
server/debug_bulkCreateProductsWithAccounting.ts(5193,32): error TS1005: ':' expected.
server/debug_bulkCreateProductsWithAccounting.ts(5193,36): error TS1005: ',' expected.
server/debug_bulkCreateProductsWithAccounting.ts(5194,11): error TS1005: ':' expected.
server/debug_bulkCreateProductsWithAccounting.ts(5194,25): error TS1005: ',' expected.
server/debug_bulkCreateProductsWithAccounting.ts(5194,30): error TS1005: ',' expected.
server/debug_bulkCreateProductsWithAccounting.ts(5194,31): error TS1109: Expression expected.
server/debug_bulkCreateProductsWithAccounting.ts(5194,33): error TS1005: ':' expected.
server/debug_bulkCreateProductsWithAccounting.ts(5194,37): error TS1005: ',' expected.
server/debug_bulkCreateProductsWithAccounting.ts(5196,10): error TS1359: Identifier expected. 'const' is a reserved word that cannot be used here.
server/debug_bulkCreateProductsWithAccounting.ts(5196,16): error TS1005: ',' expected.
server/debug_bulkCreateProductsWithAccounting.ts(5196,21): error TS1005: ',' expected.
server/debug_bulkCreateProductsWithAccounting.ts(5196,24): error TS1005: ',' expected.
server/debug_bulkCreateProductsWithAccounting.ts(5226,5): error TS1005: ',' expected.
server/debug_bulkCreateProductsWithAccounting.ts(5226,12): error TS1005: ':' expected.
server/debug_bulkCreateProductsWithAccounting.ts(5232,6): error TS1005: ',' expected.
server/debug_bulkCreateProductsWithAccounting.ts(5236,35): error TS1005: ',' expected.
server/debug_bulkCreateProductsWithAccounting.ts(5236,45): error TS1005: ';' expected.
server/debug_bulkCreateProductsWithAccounting.ts(5236,47): error TS1434: Unexpected keyword or identifier.
server/debug_bulkCreateProductsWithAccounting.ts(5258,3): error TS1434: Unexpected keyword or identifier.
server/debug_bulkCreateProductsWithAccounting.ts(5258,28): error TS1005: ';' expected.
server/debug_bulkCreateProductsWithAccounting.ts(5258,52): error TS1011: An element access expression should take an argument.
server/debug_bulkCreateProductsWithAccounting.ts(5259,12): error TS1005: ':' expected.
server/debug_bulkCreateProductsWithAccounting.ts(5259,87): error TS1005: ',' expected.
server/debug_bulkCreateProductsWithAccounting.ts(5262,3): error TS1434: Unexpected keyword or identifier.
server/debug_bulkCreateProductsWithAccounting.ts(5262,28): error TS1005: ',' expected.
server/debug_bulkCreateProductsWithAccounting.ts(5262,37): error TS1005: ';' expected.
server/debug_bulkCreateProductsWithAccounting.ts(5263,11): error TS1005: ':' expected.
server/debug_bulkCreateProductsWithAccounting.ts(5263,95): error TS1005: ',' expected.
server/debug_bulkCreateProductsWithAccounting.ts(5264,12): error TS1005: ':' expected.
server/debug_bulkCreateProductsWithAccounting.ts(5264,20): error TS1005: ',' expected.
server/debug_bulkCreateProductsWithAccounting.ts(5267,3): error TS1434: Unexpected keyword or identifier.
server/debug_bulkCreateProductsWithAccounting.ts(5267,41): error TS1005: ',' expected.
server/debug_bulkCreateProductsWithAccounting.ts(5267,50): error TS1005: ';' expected.
server/debug_bulkCreateProductsWithAccounting.ts(5267,64): error TS1011: An element access expression should take an argument.
server/debug_bulkCreateProductsWithAccounting.ts(5268,11): error TS1005: ':' expected.
server/debug_bulkCreateProductsWithAccounting.ts(5268,119): error TS1005: ',' expected.
server/debug_bulkCreateProductsWithAccounting.ts(5269,11): error TS1005: ':' expected.
server/debug_bulkCreateProductsWithAccounting.ts(5272,8): error TS1005: ',' expected.
server/debug_bulkCreateProductsWithAccounting.ts(5273,12): error TS1005: ':' expected.
server/debug_bulkCreateProductsWithAccounting.ts(5273,28): error TS1005: ',' expected.
server/debug_bulkCreateProductsWithAccounting.ts(5276,3): error TS1434: Unexpected keyword or identifier.
server/debug_bulkCreateProductsWithAccounting.ts(5276,33): error TS1005: ',' expected.
server/debug_bulkCreateProductsWithAccounting.ts(5276,39): error TS1005: ';' expected.
server/debug_bulkCreateProductsWithAccounting.ts(5277,12): error TS1005: ':' expected.
server/debug_bulkCreateProductsWithAccounting.ts(5364,7): error TS1005: ',' expected.
server/debug_bulkCreateProductsWithAccounting.ts(5368,3): error TS1434: Unexpected keyword or identifier.
server/debug_bulkCreateProductsWithAccounting.ts(5368,33): error TS1109: Expression expected.
server/debug_bulkCreateProductsWithAccounting.ts(5368,59): error TS1005: ',' expected.
server/debug_bulkCreateProductsWithAccounting.ts(5368,85): error TS1005: ',' expected.
server/debug_bulkCreateProductsWithAccounting.ts(5368,124): error TS1005: ';' expected.
server/debug_bulkCreateProductsWithAccounting.ts(5370,11): error TS1005: ':' expected.
server/debug_bulkCreateProductsWithAccounting.ts(5370,31): error TS1005: ',' expected.
server/debug_bulkCreateProductsWithAccounting.ts(5371,11): error TS1005: ':' expected.
server/debug_bulkCreateProductsWithAccounting.ts(5371,34): error TS1005: ',' expected.
server/debug_bulkCreateProductsWithAccounting.ts(5372,11): error TS1005: ':' expected.
server/debug_bulkCreateProductsWithAccounting.ts(5372,35): error TS1005: ',' expected.
server/debug_bulkCreateProductsWithAccounting.ts(5373,11): error TS1005: ':' expected.
server/debug_bulkCreateProductsWithAccounting.ts(5373,34): error TS1005: ',' expected.
server/debug_bulkCreateProductsWithAccounting.ts(5374,11): error TS1005: ':' expected.
server/debug_bulkCreateProductsWithAccounting.ts(5374,34): error TS1005: ',' expected.
server/debug_bulkCreateProductsWithAccounting.ts(5375,11): error TS1005: ':' expected.
server/debug_bulkCreateProductsWithAccounting.ts(5375,33): error TS1005: ',' expected.
server/debug_bulkCreateProductsWithAccounting.ts(5376,11): error TS1005: ':' expected.
server/debug_bulkCreateProductsWithAccounting.ts(5376,34): error TS1005: ',' expected.
server/debug_bulkCreateProductsWithAccounting.ts(5378,14): error TS1005: ',' expected.
server/debug_bulkCreateProductsWithAccounting.ts(5387,5): error TS1005: ',' expected.
server/debug_bulkCreateProductsWithAccounting.ts(5387,14): error TS1005: ',' expected.
server/debug_bulkCreateProductsWithAccounting.ts(5396,5): error TS1005: ',' expected.
server/debug_bulkCreateProductsWithAccounting.ts(5396,14): error TS1005: ',' expected.
server/debug_bulkCreateProductsWithAccounting.ts(5401,5): error TS1005: ',' expected.
server/debug_bulkCreateProductsWithAccounting.ts(5401,11): error TS1005: ':' expected.
server/debug_bulkCreateProductsWithAccounting.ts(5404,19): error TS1005: ',' expected.
server/debug_bulkCreateProductsWithAccounting.ts(5405,11): error TS1005: ':' expected.
server/debug_bulkCreateProductsWithAccounting.ts(5407,25): error TS1005: ',' expected.
server/debug_bulkCreateProductsWithAccounting.ts(5410,11): error TS1005: ':' expected.
server/debug_bulkCreateProductsWithAccounting.ts(5413,23): error TS1005: ',' expected.
server/debug_bulkCreateProductsWithAccounting.ts(5414,11): error TS1005: ':' expected.
server/debug_bulkCreateProductsWithAccounting.ts(5416,28): error TS1005: ',' expected.
server/debug_bulkCreateProductsWithAccounting.ts(5419,11): error TS1005: ':' expected.
server/debug_bulkCreateProductsWithAccounting.ts(5422,23): error TS1005: ',' expected.
server/debug_bulkCreateProductsWithAccounting.ts(5423,11): error TS1005: ':' expected.
server/debug_bulkCreateProductsWithAccounting.ts(5425,29): error TS1005: ',' expected.
server/debug_bulkCreateProductsWithAccounting.ts(5428,11): error TS1005: ':' expected.
server/debug_bulkCreateProductsWithAccounting.ts(5428,87): error TS1005: ',' expected.
server/debug_bulkCreateProductsWithAccounting.ts(5429,11): error TS1005: ':' expected.
server/debug_bulkCreateProductsWithAccounting.ts(5431,29): error TS1005: ',' expected.
server/debug_bulkCreateProductsWithAccounting.ts(5434,11): error TS1005: ':' expected.
server/debug_bulkCreateProductsWithAccounting.ts(5434,87): error TS1005: ',' expected.
server/debug_bulkCreateProductsWithAccounting.ts(5435,11): error TS1005: ':' expected.
server/debug_bulkCreateProductsWithAccounting.ts(5437,29): error TS1005: ',' expected.
server/debug_bulkCreateProductsWithAccounting.ts(5440,11): error TS1005: ':' expected.
server/debug_bulkCreateProductsWithAccounting.ts(5440,85): error TS1005: ',' expected.
server/debug_bulkCreateProductsWithAccounting.ts(5441,11): error TS1005: ':' expected.
server/debug_bulkCreateProductsWithAccounting.ts(5443,28): error TS1005: ',' expected.
server/debug_bulkCreateProductsWithAccounting.ts(5446,11): error TS1005: ':' expected.
server/debug_bulkCreateProductsWithAccounting.ts(5446,87): error TS1005: ',' expected.
server/debug_bulkCreateProductsWithAccounting.ts(5447,11): error TS1005: ':' expected.
server/debug_bulkCreateProductsWithAccounting.ts(5449,29): error TS1005: ',' expected.
server/debug_bulkCreateProductsWithAccounting.ts(5452,11): error TS1005: ':' expected.
server/debug_bulkCreateProductsWithAccounting.ts(5452,73): error TS1005: ',' expected.
server/debug_bulkCreateProductsWithAccounting.ts(5453,14): error TS1005: ',' expected.
server/debug_bulkCreateProductsWithAccounting.ts(5459,5): error TS1005: ',' expected.
server/debug_bulkCreateProductsWithAccounting.ts(5459,14): error TS1005: ',' expected.
server/debug_bulkCreateProductsWithAccounting.ts(5465,5): error TS1005: ',' expected.
server/debug_bulkCreateProductsWithAccounting.ts(5465,11): error TS1005: ':' expected.
server/debug_bulkCreateProductsWithAccounting.ts(5465,94): error TS1005: ',' expected.
server/debug_bulkCreateProductsWithAccounting.ts(5466,11): error TS1005: ':' expected.
server/debug_bulkCreateProductsWithAccounting.ts(5468,32): error TS1005: ',' expected.
server/debug_bulkCreateProductsWithAccounting.ts(5471,11): error TS1005: ':' expected.
server/debug_bulkCreateProductsWithAccounting.ts(5471,92): error TS1005: ',' expected.
server/debug_bulkCreateProductsWithAccounting.ts(5472,11): error TS1005: ':' expected.
server/debug_bulkCreateProductsWithAccounting.ts(5474,31): error TS1005: ',' expected.
server/debug_bulkCreateProductsWithAccounting.ts(5477,11): error TS1005: ':' expected.
server/debug_bulkCreateProductsWithAccounting.ts(5477,37): error TS1005: ',' expected.
server/debug_bulkCreateProductsWithAccounting.ts(5478,14): error TS1005: ',' expected.
server/debug_bulkCreateProductsWithAccounting.ts(5481,5): error TS1005: ',' expected.
server/debug_bulkCreateProductsWithAccounting.ts(5481,14): error TS1005: ',' expected.
server/debug_bulkCreateProductsWithAccounting.ts(5484,5): error TS1005: ',' expected.
server/debug_bulkCreateProductsWithAccounting.ts(5484,11): error TS1005: ':' expected.
server/debug_bulkCreateProductsWithAccounting.ts(5486,26): error TS1005: ',' expected.
server/debug_bulkCreateProductsWithAccounting.ts(5487,11): error TS1005: ':' expected.
server/debug_bulkCreateProductsWithAccounting.ts(5489,32): error TS1005: ',' expected.
server/debug_bulkCreateProductsWithAccounting.ts(5493,11): error TS1005: ':' expected.
server/debug_bulkCreateProductsWithAccounting.ts(5493,33): error TS1005: ',' expected.
server/debug_bulkCreateProductsWithAccounting.ts(5493,41): error TS1005: ',' expected.
server/debug_bulkCreateProductsWithAccounting.ts(5493,42): error TS1109: Expression expected.
server/debug_bulkCreateProductsWithAccounting.ts(5493,44): error TS1005: ':' expected.
server/debug_bulkCreateProductsWithAccounting.ts(5493,95): error TS1005: ',' expected.
server/debug_bulkCreateProductsWithAccounting.ts(5494,11): error TS1005: ':' expected.
server/debug_bulkCreateProductsWithAccounting.ts(5494,28): error TS1005: ',' expected.
server/debug_bulkCreateProductsWithAccounting.ts(5494,36): error TS1005: ',' expected.
server/debug_bulkCreateProductsWithAccounting.ts(5494,37): error TS1109: Expression expected.
server/debug_bulkCreateProductsWithAccounting.ts(5494,39): error TS1005: ':' expected.
server/debug_bulkCreateProductsWithAccounting.ts(5494,43): error TS1005: ',' expected.
server/debug_bulkCreateProductsWithAccounting.ts(5495,14): error TS1005: ',' expected.
server/debug_bulkCreateProductsWithAccounting.ts(5499,5): error TS1005: ',' expected.
server/debug_bulkCreateProductsWithAccounting.ts(5499,14): error TS1005: ',' expected.
server/debug_bulkCreateProductsWithAccounting.ts(5503,5): error TS1005: ',' expected.
server/debug_bulkCreateProductsWithAccounting.ts(5503,11): error TS1005: ':' expected.
server/debug_bulkCreateProductsWithAccounting.ts(5510,6): error TS1005: ',' expected.
server/debug_bulkCreateProductsWithAccounting.ts(5511,11): error TS1005: ':' expected.
server/debug_bulkCreateProductsWithAccounting.ts(5515,7): error TS1005: ',' expected.
server/debug_bulkCreateProductsWithAccounting.ts(5516,11): error TS1005: ':' expected.
server/debug_bulkCreateProductsWithAccounting.ts(5516,95): error TS1005: ',' expected.
server/debug_bulkCreateProductsWithAccounting.ts(5519,11): error TS1005: ':' expected.
server/debug_bulkCreateProductsWithAccounting.ts(5530,17): error TS1005: ',' expected.
server/debug_bulkCreateProductsWithAccounting.ts(5531,11): error TS1005: ':' expected.
server/debug_bulkCreateProductsWithAccounting.ts(5531,49): error TS1005: ',' expected.
server/debug_bulkCreateProductsWithAccounting.ts(5534,11): error TS1005: ':' expected.
server/debug_bulkCreateProductsWithAccounting.ts(5534,41): error TS1005: ',' expected.
server/debug_bulkCreateProductsWithAccounting.ts(5535,22): error TS1005: ',' expected.
server/debug_bulkCreateProductsWithAccounting.ts(5535,64): error TS1005: ',' expected.
server/debug_bulkCreateProductsWithAccounting.ts(5536,11): error TS1005: ':' expected.
server/debug_bulkCreateProductsWithAccounting.ts(5548,17): error TS1005: ',' expected.
server/debug_bulkCreateProductsWithAccounting.ts(5549,11): error TS1005: ':' expected.
server/debug_bulkCreateProductsWithAccounting.ts(5549,49): error TS1005: ',' expected.
server/debug_bulkCreateProductsWithAccounting.ts(5551,12): error TS1005: ':' expected.
server/debug_bulkCreateProductsWithAccounting.ts(5576,6): error TS1005: ',' expected.
server/debug_bulkCreateProductsWithAccounting.ts(5580,3): error TS1434: Unexpected keyword or identifier.
server/debug_bulkCreateProductsWithAccounting.ts(5580,38): error TS1109: Expression expected.
server/debug_bulkCreateProductsWithAccounting.ts(5580,54): error TS1109: Expression expected.
server/debug_bulkCreateProductsWithAccounting.ts(5580,80): error TS1005: ',' expected.
server/debug_bulkCreateProductsWithAccounting.ts(5580,116): error TS1005: ';' expected.
server/debug_bulkCreateProductsWithAccounting.ts(5580,141): error TS1011: An element access expression should take an argument.
server/debug_bulkCreateProductsWithAccounting.ts(5581,11): error TS1005: ':' expected.
server/debug_bulkCreateProductsWithAccounting.ts(5581,26): error TS1005: ',' expected.
server/debug_bulkCreateProductsWithAccounting.ts(5586,5): error TS1005: ',' expected.
server/debug_bulkCreateProductsWithAccounting.ts(5586,14): error TS1005: ',' expected.
server/debug_bulkCreateProductsWithAccounting.ts(5589,5): error TS1005: ',' expected.
server/debug_bulkCreateProductsWithAccounting.ts(5589,19): error TS1005: ',' expected.
server/debug_bulkCreateProductsWithAccounting.ts(5589,30): error TS1005: ',' expected.
server/debug_bulkCreateProductsWithAccounting.ts(5589,32): error TS1136: Property assignment expected.
server/debug_bulkCreateProductsWithAccounting.ts(5593,3): error TS1128: Declaration or statement expected.
server/debug_bulkCreateProductsWithAccounting.ts(5595,3): error TS1434: Unexpected keyword or identifier.
server/debug_bulkCreateProductsWithAccounting.ts(5595,29): error TS1005: ',' expected.
server/debug_bulkCreateProductsWithAccounting.ts(5595,38): error TS1005: ';' expected.
server/debug_bulkCreateProductsWithAccounting.ts(5596,11): error TS1005: ':' expected.
server/debug_bulkCreateProductsWithAccounting.ts(5596,96): error TS1005: ',' expected.
server/debug_bulkCreateProductsWithAccounting.ts(5597,12): error TS1005: ':' expected.
server/debug_bulkCreateProductsWithAccounting.ts(5597,32): error TS1005: ',' expected.
server/debug_bulkCreateProductsWithAccounting.ts(5600,3): error TS1434: Unexpected keyword or identifier.
server/debug_bulkCreateProductsWithAccounting.ts(5600,53): error TS1005: ',' expected.
server/debug_bulkCreateProductsWithAccounting.ts(5600,71): error TS1005: ',' expected.
server/debug_bulkCreateProductsWithAccounting.ts(5600,80): error TS1005: ';' expected.
server/debug_bulkCreateProductsWithAccounting.ts(5601,11): error TS1005: ':' expected.
server/debug_bulkCreateProductsWithAccounting.ts(5605,9): error TS1005: ',' expected.
server/debug_bulkCreateProductsWithAccounting.ts(5606,12): error TS1005: ':' expected.
server/debug_bulkCreateProductsWithAccounting.ts(5606,32): error TS1005: ',' expected.
server/debug_bulkCreateProductsWithAccounting.ts(5609,3): error TS1434: Unexpected keyword or identifier.
server/debug_bulkCreateProductsWithAccounting.ts(5609,34): error TS1005: ',' expected.
server/debug_bulkCreateProductsWithAccounting.ts(5609,58): error TS1005: ';' expected.
server/debug_bulkCreateProductsWithAccounting.ts(5610,11): error TS1005: ':' expected.
server/debug_bulkCreateProductsWithAccounting.ts(5610,80): error TS1005: ',' expected.
server/debug_bulkCreateProductsWithAccounting.ts(5611,12): error TS1005: ':' expected.
server/debug_bulkCreateProductsWithAccounting.ts(5611,19): error TS1005: ',' expected.
server/debug_bulkCreateProductsWithAccounting.ts(5614,3): error TS1434: Unexpected keyword or identifier.
server/debug_bulkCreateProductsWithAccounting.ts(5614,32): error TS1005: ',' expected.
server/debug_bulkCreateProductsWithAccounting.ts(5614,46): error TS1005: ',' expected.
server/debug_bulkCreateProductsWithAccounting.ts(5614,79): error TS1005: ';' expected.
server/debug_bulkCreateProductsWithAccounting.ts(5615,11): error TS1005: ':' expected.
server/debug_bulkCreateProductsWithAccounting.ts(5615,111): error TS1005: ',' expected.
server/debug_bulkCreateProductsWithAccounting.ts(5616,12): error TS1005: ':' expected.
server/debug_bulkCreateProductsWithAccounting.ts(5616,32): error TS1005: ',' expected.
server/debug_bulkCreateProductsWithAccounting.ts(5619,3): error TS1434: Unexpected keyword or identifier.
server/debug_bulkCreateProductsWithAccounting.ts(5619,32): error TS1005: ',' expected.
server/debug_bulkCreateProductsWithAccounting.ts(5619,41): error TS1005: ';' expected.
server/debug_bulkCreateProductsWithAccounting.ts(5619,55): error TS1109: Expression expected.
server/debug_bulkCreateProductsWithAccounting.ts(5620,11): error TS1005: ',' expected.
server/debug_bulkCreateProductsWithAccounting.ts(5620,13): error TS1005: ',' expected.
server/debug_bulkCreateProductsWithAccounting.ts(5620,71): error TS1005: ',' expected.
server/debug_bulkCreateProductsWithAccounting.ts(5623,3): error TS1434: Unexpected keyword or identifier.
server/debug_bulkCreateProductsWithAccounting.ts(5623,46): error TS1005: ',' expected.
server/debug_bulkCreateProductsWithAccounting.ts(5623,55): error TS1005: ';' expected.
server/debug_bulkCreateProductsWithAccounting.ts(5623,82): error TS1005: ',' expected.
server/debug_bulkCreateProductsWithAccounting.ts(5624,11): error TS1005: ':' expected.
server/debug_bulkCreateProductsWithAccounting.ts(5657,6): error TS1005: ',' expected.
server/debug_bulkCreateProductsWithAccounting.ts(5659,9): error TS1005: ',' expected.
server/debug_bulkCreateProductsWithAccounting.ts(5659,20): error TS1005: ',' expected.
server/debug_bulkCreateProductsWithAccounting.ts(5660,9): error TS1005: ',' expected.
server/debug_bulkCreateProductsWithAccounting.ts(5660,21): error TS1005: ',' expected.
server/debug_bulkCreateProductsWithAccounting.ts(5662,10): error TS1359: Identifier expected. 'const' is a reserved word that cannot be used here.
server/debug_bulkCreateProductsWithAccounting.ts(5662,16): error TS1005: ',' expected.
server/debug_bulkCreateProductsWithAccounting.ts(5662,24): error TS1005: ',' expected.
server/debug_bulkCreateProductsWithAccounting.ts(5662,27): error TS1005: ',' expected.
server/debug_bulkCreateProductsWithAccounting.ts(5675,5): error TS1005: ',' expected.
server/debug_bulkCreateProductsWithAccounting.ts(5675,12): error TS1005: ':' expected.
server/debug_bulkCreateProductsWithAccounting.ts(5675,33): error TS1005: ',' expected.
server/debug_bulkCreateProductsWithAccounting.ts(5678,3): error TS1434: Unexpected keyword or identifier.
server/debug_bulkCreateProductsWithAccounting.ts(5678,42): error TS1005: ',' expected.
server/debug_bulkCreateProductsWithAccounting.ts(5678,60): error TS1005: ',' expected.
server/debug_bulkCreateProductsWithAccounting.ts(5678,69): error TS1005: ';' expected.
server/debug_bulkCreateProductsWithAccounting.ts(5679,12): error TS1005: ':' expected.
server/debug_bulkCreateProductsWithAccounting.ts(5679,39): error TS1005: ',' expected.
server/debug_bulkCreateProductsWithAccounting.ts(5683,3): error TS1434: Unexpected keyword or identifier.
server/debug_bulkCreateProductsWithAccounting.ts(5683,37): error TS1109: Expression expected.
server/debug_bulkCreateProductsWithAccounting.ts(5683,58): error TS1109: Expression expected.
server/debug_bulkCreateProductsWithAccounting.ts(5683,77): error TS1109: Expression expected.
server/debug_bulkCreateProductsWithAccounting.ts(5683,94): error TS1109: Expression expected.
server/debug_bulkCreateProductsWithAccounting.ts(5683,113): error TS1109: Expression expected.
server/debug_bulkCreateProductsWithAccounting.ts(5683,122): error TS1005: ';' expected.
server/debug_bulkCreateProductsWithAccounting.ts(5683,145): error TS1011: An element access expression should take an argument.
server/debug_bulkCreateProductsWithAccounting.ts(5684,11): error TS1005: ':' expected.
server/debug_bulkCreateProductsWithAccounting.ts(5684,26): error TS1005: ',' expected.
server/debug_bulkCreateProductsWithAccounting.ts(5688,5): error TS1005: ',' expected.
server/debug_bulkCreateProductsWithAccounting.ts(5691,5): error TS1005: ',' expected.
server/debug_bulkCreateProductsWithAccounting.ts(5694,5): error TS1005: ',' expected.
server/debug_bulkCreateProductsWithAccounting.ts(5697,5): error TS1005: ',' expected.
server/debug_bulkCreateProductsWithAccounting.ts(5701,5): error TS1005: ',' expected.
server/debug_bulkCreateProductsWithAccounting.ts(5701,19): error TS1005: ',' expected.
server/debug_bulkCreateProductsWithAccounting.ts(5701,30): error TS1005: ',' expected.
server/debug_bulkCreateProductsWithAccounting.ts(5701,32): error TS1136: Property assignment expected.
server/debug_bulkCreateProductsWithAccounting.ts(5705,3): error TS1128: Declaration or statement expected.
server/debug_bulkCreateProductsWithAccounting.ts(5707,3): error TS1434: Unexpected keyword or identifier.
server/debug_bulkCreateProductsWithAccounting.ts(5707,27): error TS1005: ',' expected.
server/debug_bulkCreateProductsWithAccounting.ts(5707,36): error TS1005: ';' expected.
server/debug_bulkCreateProductsWithAccounting.ts(5708,11): error TS1005: ':' expected.
server/debug_bulkCreateProductsWithAccounting.ts(5708,92): error TS1005: ',' expected.
server/debug_bulkCreateProductsWithAccounting.ts(5709,12): error TS1005: ':' expected.
server/debug_bulkCreateProductsWithAccounting.ts(5709,30): error TS1005: ',' expected.
server/debug_bulkCreateProductsWithAccounting.ts(5712,3): error TS1434: Unexpected keyword or identifier.
server/debug_bulkCreateProductsWithAccounting.ts(5712,32): error TS1005: ',' expected.
server/debug_bulkCreateProductsWithAccounting.ts(5712,44): error TS1005: ',' expected.
server/debug_bulkCreateProductsWithAccounting.ts(5712,50): error TS1011: An element access expression should take an argument.
server/debug_bulkCreateProductsWithAccounting.ts(5712,52): error TS1005: ';' expected.
server/debug_bulkCreateProductsWithAccounting.ts(5713,11): error TS1005: ':' expected.
server/debug_bulkCreateProductsWithAccounting.ts(5713,58): error TS1005: ',' expected.
server/debug_bulkCreateProductsWithAccounting.ts(5715,12): error TS1005: ':' expected.
server/debug_bulkCreateProductsWithAccounting.ts(5755,7): error TS1005: ',' expected.
server/debug_bulkCreateProductsWithAccounting.ts(5758,3): error TS1128: Declaration or statement expected.
server/debug_bulkCreateProductsWithAccounting.ts(5758,11): error TS1434: Unexpected keyword or identifier.
server/debug_bulkCreateProductsWithAccounting.ts(5758,39): error TS1005: ';' expected.
server/debug_bulkCreateProductsWithAccounting.ts(5759,11): error TS1005: ':' expected.
server/debug_bulkCreateProductsWithAccounting.ts(5759,90): error TS1005: ',' expected.
server/debug_bulkCreateProductsWithAccounting.ts(5760,11): error TS1005: ':' expected.
server/debug_bulkCreateProductsWithAccounting.ts(5760,48): error TS1005: ',' expected.
server/debug_bulkCreateProductsWithAccounting.ts(5761,12): error TS1005: ':' expected.
server/debug_bulkCreateProductsWithAccounting.ts(5761,59): error TS1005: ',' expected.
server/debug_bulkCreateProductsWithAccounting.ts(5764,3): error TS1434: Unexpected keyword or identifier.
server/debug_bulkCreateProductsWithAccounting.ts(5764,39): error TS1005: ',' expected.
server/debug_bulkCreateProductsWithAccounting.ts(5764,48): error TS1005: ';' expected.
server/debug_bulkCreateProductsWithAccounting.ts(5764,70): error TS1011: An element access expression should take an argument.
server/debug_bulkCreateProductsWithAccounting.ts(5765,12): error TS1005: ':' expected.
server/debug_bulkCreateProductsWithAccounting.ts(5765,97): error TS1005: ',' expected.
server/debug_bulkCreateProductsWithAccounting.ts(5769,3): error TS1434: Unexpected keyword or identifier.
server/debug_bulkCreateProductsWithAccounting.ts(5769,42): error TS1005: ',' expected.
server/debug_bulkCreateProductsWithAccounting.ts(5769,51): error TS1005: ';' expected.
server/debug_bulkCreateProductsWithAccounting.ts(5769,76): error TS1011: An element access expression should take an argument.
server/debug_bulkCreateProductsWithAccounting.ts(5769,77): error TS1005: ',' expected.
server/debug_bulkCreateProductsWithAccounting.ts(5771,11): error TS1005: ':' expected.
server/debug_bulkCreateProductsWithAccounting.ts(5771,100): error TS1005: ',' expected.
server/debug_bulkCreateProductsWithAccounting.ts(5772,11): error TS1005: ':' expected.
server/debug_bulkCreateProductsWithAccounting.ts(5772,99): error TS1005: ',' expected.
server/debug_bulkCreateProductsWithAccounting.ts(5775,11): error TS1005: ':' expected.
server/debug_bulkCreateProductsWithAccounting.ts(5775,96): error TS1005: ',' expected.
server/debug_bulkCreateProductsWithAccounting.ts(5776,11): error TS1005: ':' expected.
server/debug_bulkCreateProductsWithAccounting.ts(5776,49): error TS1005: ',' expected.
server/debug_bulkCreateProductsWithAccounting.ts(5777,11): error TS1005: ':' expected.
server/debug_bulkCreateProductsWithAccounting.ts(5777,63): error TS1005: ',' expected.
server/debug_bulkCreateProductsWithAccounting.ts(5780,11): error TS1005: ':' expected.
server/debug_bulkCreateProductsWithAccounting.ts(5782,11): error TS1005: ',' expected.
server/debug_bulkCreateProductsWithAccounting.ts(5783,11): error TS1005: ':' expected.
server/debug_bulkCreateProductsWithAccounting.ts(5783,53): error TS1005: ',' expected.
server/debug_bulkCreateProductsWithAccounting.ts(5784,11): error TS1005: ':' expected.
server/debug_bulkCreateProductsWithAccounting.ts(5784,67): error TS1005: ',' expected.
server/debug_bulkCreateProductsWithAccounting.ts(5792,11): error TS1005: ':' expected.
server/debug_bulkCreateProductsWithAccounting.ts(5792,69): error TS1005: ',' expected.
server/debug_bulkCreateProductsWithAccounting.ts(5794,11): error TS1005: ':' expected.
server/debug_bulkCreateProductsWithAccounting.ts(5802,7): error TS1005: ',' expected.
server/debug_bulkCreateProductsWithAccounting.ts(5805,11): error TS1005: ':' expected.
server/debug_bulkCreateProductsWithAccounting.ts(5805,110): error TS1005: ',' expected.
server/debug_bulkCreateProductsWithAccounting.ts(5806,11): error TS1005: ':' expected.
server/debug_bulkCreateProductsWithAccounting.ts(5806,51): error TS1005: ',' expected.
server/debug_bulkCreateProductsWithAccounting.ts(5809,11): error TS1005: ':' expected.
server/debug_bulkCreateProductsWithAccounting.ts(5809,20): error TS1005: ',' expected.
server/debug_bulkCreateProductsWithAccounting.ts(5809,25): error TS1005: ',' expected.
server/debug_bulkCreateProductsWithAccounting.ts(5809,26): error TS1109: Expression expected.
server/debug_bulkCreateProductsWithAccounting.ts(5809,28): error TS1005: ':' expected.
server/debug_bulkCreateProductsWithAccounting.ts(5809,32): error TS1005: ',' expected.
server/debug_bulkCreateProductsWithAccounting.ts(5811,10): error TS1359: Identifier expected. 'const' is a reserved word that cannot be used here.
server/debug_bulkCreateProductsWithAccounting.ts(5811,16): error TS1005: ',' expected.
server/debug_bulkCreateProductsWithAccounting.ts(5811,22): error TS1005: ',' expected.
server/debug_bulkCreateProductsWithAccounting.ts(5811,25): error TS1005: ',' expected.
server/debug_bulkCreateProductsWithAccounting.ts(5858,5): error TS1005: ',' expected.
server/debug_bulkCreateProductsWithAccounting.ts(5858,14): error TS1005: ',' expected.
server/debug_bulkCreateProductsWithAccounting.ts(5862,7): error TS1005: ',' expected.
server/debug_bulkCreateProductsWithAccounting.ts(5864,12): error TS1005: ':' expected.
server/debug_bulkCreateProductsWithAccounting.ts(5864,50): error TS1005: ',' expected.
server/debug_bulkCreateProductsWithAccounting.ts(5869,3): error TS1434: Unexpected keyword or identifier.
server/debug_bulkCreateProductsWithAccounting.ts(5869,47): error TS1005: ',' expected.
server/debug_bulkCreateProductsWithAccounting.ts(5869,56): error TS1005: ';' expected.
server/debug_bulkCreateProductsWithAccounting.ts(5871,11): error TS1005: ':' expected.
server/debug_bulkCreateProductsWithAccounting.ts(5871,100): error TS1005: ',' expected.
server/debug_bulkCreateProductsWithAccounting.ts(5872,11): error TS1005: ':' expected.
server/debug_bulkCreateProductsWithAccounting.ts(5872,99): error TS1005: ',' expected.
server/debug_bulkCreateProductsWithAccounting.ts(5873,11): error TS1005: ':' expected.
server/debug_bulkCreateProductsWithAccounting.ts(5873,99): error TS1005: ',' expected.
server/debug_bulkCreateProductsWithAccounting.ts(5876,11): error TS1005: ':' expected.
server/debug_bulkCreateProductsWithAccounting.ts(5877,47): error TS1005: ',' expected.
server/debug_bulkCreateProductsWithAccounting.ts(5880,11): error TS1005: ':' expected.
server/debug_bulkCreateProductsWithAccounting.ts(5881,53): error TS1005: ',' expected.
server/debug_bulkCreateProductsWithAccounting.ts(5884,11): error TS1005: ':' expected.
server/debug_bulkCreateProductsWithAccounting.ts(5885,54): error TS1005: ',' expected.
server/debug_bulkCreateProductsWithAccounting.ts(5892,11): error TS1005: ':' expected.
server/debug_bulkCreateProductsWithAccounting.ts(5903,9): error TS1005: ',' expected.
server/debug_bulkCreateProductsWithAccounting.ts(5906,11): error TS1005: ':' expected.
server/debug_bulkCreateProductsWithAccounting.ts(5907,56): error TS1005: ',' expected.
server/debug_bulkCreateProductsWithAccounting.ts(5910,11): error TS1005: ':' expected.
server/debug_bulkCreateProductsWithAccounting.ts(5911,63): error TS1005: ',' expected.
server/debug_bulkCreateProductsWithAccounting.ts(5914,11): error TS1005: ':' expected.
server/debug_bulkCreateProductsWithAccounting.ts(5914,18): error TS1005: ',' expected.
server/debug_bulkCreateProductsWithAccounting.ts(5914,23): error TS1005: ',' expected.
server/debug_bulkCreateProductsWithAccounting.ts(5914,24): error TS1109: Expression expected.
server/debug_bulkCreateProductsWithAccounting.ts(5914,26): error TS1005: ':' expected.
server/debug_bulkCreateProductsWithAccounting.ts(5914,30): error TS1005: ',' expected.
server/debug_bulkCreateProductsWithAccounting.ts(5915,9): error TS1005: ',' expected.
server/debug_bulkCreateProductsWithAccounting.ts(5915,40): error TS1005: ',' expected.
server/debug_bulkCreateProductsWithAccounting.ts(5918,24): error TS1005: ',' expected.
server/debug_bulkCreateProductsWithAccounting.ts(5918,29): error TS1005: ';' expected.
server/debug_bulkCreateProductsWithAccounting.ts(6125,3): error TS1128: Declaration or statement expected.
server/debug_bulkCreateProductsWithAccounting.ts(6128,3): error TS1434: Unexpected keyword or identifier.
server/debug_bulkCreateProductsWithAccounting.ts(6128,35): error TS1109: Expression expected.
server/debug_bulkCreateProductsWithAccounting.ts(6128,55): error TS1109: Expression expected.
server/debug_bulkCreateProductsWithAccounting.ts(6128,73): error TS1109: Expression expected.
server/debug_bulkCreateProductsWithAccounting.ts(6128,89): error TS1109: Expression expected.
server/debug_bulkCreateProductsWithAccounting.ts(6128,115): error TS1005: ',' expected.
server/debug_bulkCreateProductsWithAccounting.ts(6128,151): error TS1005: ';' expected.
server/debug_bulkCreateProductsWithAccounting.ts(6129,11): error TS1005: ':' expected.
server/debug_bulkCreateProductsWithAccounting.ts(6129,26): error TS1005: ',' expected.
server/debug_bulkCreateProductsWithAccounting.ts(6134,5): error TS1005: ',' expected.
server/debug_bulkCreateProductsWithAccounting.ts(6134,14): error TS1005: ',' expected.
server/debug_bulkCreateProductsWithAccounting.ts(6138,5): error TS1005: ',' expected.
server/debug_bulkCreateProductsWithAccounting.ts(6138,14): error TS1005: ',' expected.
server/debug_bulkCreateProductsWithAccounting.ts(6142,5): error TS1005: ',' expected.
server/debug_bulkCreateProductsWithAccounting.ts(6142,9): error TS1005: ',' expected.
server/debug_bulkCreateProductsWithAccounting.ts(6148,29): error TS1005: ',' expected.
server/debug_bulkCreateProductsWithAccounting.ts(6150,19): error TS1005: ',' expected.
server/debug_bulkCreateProductsWithAccounting.ts(6150,30): error TS1005: ',' expected.
server/debug_bulkCreateProductsWithAccounting.ts(6150,32): error TS1136: Property assignment expected.
server/debug_bulkCreateProductsWithAccounting.ts(6207,3): error TS1128: Declaration or statement expected.
server/debug_bulkCreateProductsWithAccounting.ts(6209,3): error TS1434: Unexpected keyword or identifier.
server/debug_bulkCreateProductsWithAccounting.ts(6209,35): error TS1005: ',' expected.
server/debug_bulkCreateProductsWithAccounting.ts(6209,55): error TS1109: Expression expected.
server/debug_bulkCreateProductsWithAccounting.ts(6209,73): error TS1109: Expression expected.
server/debug_bulkCreateProductsWithAccounting.ts(6209,89): error TS1109: Expression expected.
server/debug_bulkCreateProductsWithAccounting.ts(6209,115): error TS1005: ',' expected.
server/debug_bulkCreateProductsWithAccounting.ts(6209,151): error TS1005: ';' expected.
server/debug_bulkCreateProductsWithAccounting.ts(6210,11): error TS1005: ':' expected.
server/debug_bulkCreateProductsWithAccounting.ts(6210,103): error TS1005: ',' expected.
server/debug_bulkCreateProductsWithAccounting.ts(6212,11): error TS1005: ':' expected.
server/debug_bulkCreateProductsWithAccounting.ts(6212,63): error TS1005: ',' expected.
server/debug_bulkCreateProductsWithAccounting.ts(6213,14): error TS1005: ',' expected.
server/debug_bulkCreateProductsWithAccounting.ts(6216,5): error TS1005: ',' expected.
server/debug_bulkCreateProductsWithAccounting.ts(6216,14): error TS1005: ',' expected.
server/debug_bulkCreateProductsWithAccounting.ts(6220,5): error TS1005: ',' expected.
server/debug_bulkCreateProductsWithAccounting.ts(6220,11): error TS1005: ':' expected.
server/debug_bulkCreateProductsWithAccounting.ts(6232,46): error TS1005: ',' expected.
server/debug_bulkCreateProductsWithAccounting.ts(6234,12): error TS1005: ':' expected.
server/debug_bulkCreateProductsWithAccounting.ts(6234,39): error TS1005: ',' expected.
server/debug_bulkCreateProductsWithAccounting.ts(6237,3): error TS1434: Unexpected keyword or identifier.
server/debug_bulkCreateProductsWithAccounting.ts(6237,36): error TS1109: Expression expected.
server/debug_bulkCreateProductsWithAccounting.ts(6237,56): error TS1109: Expression expected.
server/debug_bulkCreateProductsWithAccounting.ts(6237,74): error TS1109: Expression expected.
server/debug_bulkCreateProductsWithAccounting.ts(6237,90): error TS1109: Expression expected.
server/debug_bulkCreateProductsWithAccounting.ts(6237,116): error TS1005: ',' expected.
server/debug_bulkCreateProductsWithAccounting.ts(6237,152): error TS1005: ';' expected.
server/debug_bulkCreateProductsWithAccounting.ts(6239,11): error TS1005: ':' expected.
server/debug_bulkCreateProductsWithAccounting.ts(6239,75): error TS1005: ',' expected.
server/debug_bulkCreateProductsWithAccounting.ts(6240,11): error TS1005: ':' expected.
server/debug_bulkCreateProductsWithAccounting.ts(6240,75): error TS1005: ',' expected.
server/debug_bulkCreateProductsWithAccounting.ts(6242,14): error TS1005: ',' expected.
server/debug_bulkCreateProductsWithAccounting.ts(6247,5): error TS1005: ',' expected.
server/debug_bulkCreateProductsWithAccounting.ts(6247,11): error TS1005: ':' expected.
server/debug_bulkCreateProductsWithAccounting.ts(6247,101): error TS1005: ',' expected.
server/debug_bulkCreateProductsWithAccounting.ts(6248,11): error TS1005: ':' expected.
server/debug_bulkCreateProductsWithAccounting.ts(6248,101): error TS1005: ',' expected.
server/debug_bulkCreateProductsWithAccounting.ts(6251,11): error TS1005: ':' expected.
server/debug_bulkCreateProductsWithAccounting.ts(6251,93): error TS1005: ',' expected.
server/debug_bulkCreateProductsWithAccounting.ts(6252,11): error TS1005: ':' expected.
server/debug_bulkCreateProductsWithAccounting.ts(6252,93): error TS1005: ',' expected.
server/debug_bulkCreateProductsWithAccounting.ts(6254,11): error TS1005: ':' expected.
server/debug_bulkCreateProductsWithAccounting.ts(6254,60): error TS1005: ',' expected.
server/debug_bulkCreateProductsWithAccounting.ts(6256,19): error TS1005: ',' expected.
server/debug_bulkCreateProductsWithAccounting.ts(6256,30): error TS1005: ',' expected.
server/debug_bulkCreateProductsWithAccounting.ts(6256,32): error TS1136: Property assignment expected.
server/debug_bulkCreateProductsWithAccounting.ts(6312,3): error TS1128: Declaration or statement expected.
server/debug_bulkCreateProductsWithAccounting.ts(6314,3): error TS1434: Unexpected keyword or identifier.
server/debug_bulkCreateProductsWithAccounting.ts(6314,35): error TS1109: Expression expected.
server/debug_bulkCreateProductsWithAccounting.ts(6314,54): error TS1109: Expression expected.
server/debug_bulkCreateProductsWithAccounting.ts(6314,70): error TS1109: Expression expected.
server/debug_bulkCreateProductsWithAccounting.ts(6314,96): error TS1005: ',' expected.
server/debug_bulkCreateProductsWithAccounting.ts(6314,132): error TS1005: ';' expected.
server/debug_bulkCreateProductsWithAccounting.ts(6316,11): error TS1005: ':' expected.
server/debug_bulkCreateProductsWithAccounting.ts(6316,71): error TS1005: ',' expected.
server/debug_bulkCreateProductsWithAccounting.ts(6317,11): error TS1005: ':' expected.
server/debug_bulkCreateProductsWithAccounting.ts(6317,79): error TS1005: ',' expected.
server/debug_bulkCreateProductsWithAccounting.ts(6318,11): error TS1005: ':' expected.
server/debug_bulkCreateProductsWithAccounting.ts(6318,73): error TS1005: ',' expected.
server/debug_bulkCreateProductsWithAccounting.ts(6320,14): error TS1005: ',' expected.
server/debug_bulkCreateProductsWithAccounting.ts(6326,5): error TS1005: ',' expected.
server/debug_bulkCreateProductsWithAccounting.ts(6326,11): error TS1005: ':' expected.
server/debug_bulkCreateProductsWithAccounting.ts(6326,97): error TS1005: ',' expected.
server/debug_bulkCreateProductsWithAccounting.ts(6327,11): error TS1005: ':' expected.
server/debug_bulkCreateProductsWithAccounting.ts(6327,105): error TS1005: ',' expected.
server/debug_bulkCreateProductsWithAccounting.ts(6328,11): error TS1005: ':' expected.
server/debug_bulkCreateProductsWithAccounting.ts(6328,99): error TS1005: ',' expected.
server/debug_bulkCreateProductsWithAccounting.ts(6330,11): error TS1005: ':' expected.
server/debug_bulkCreateProductsWithAccounting.ts(6330,100): error TS1005: ',' expected.
server/debug_bulkCreateProductsWithAccounting.ts(6331,11): error TS1005: ':' expected.
server/debug_bulkCreateProductsWithAccounting.ts(6331,109): error TS1005: ',' expected.
server/debug_bulkCreateProductsWithAccounting.ts(6332,11): error TS1005: ':' expected.
server/debug_bulkCreateProductsWithAccounting.ts(6332,101): error TS1005: ',' expected.
server/debug_bulkCreateProductsWithAccounting.ts(6334,12): error TS1005: ':' expected.
server/debug_bulkCreateProductsWithAccounting.ts(6341,6): error TS1005: ',' expected.
server/debug_bulkCreateProductsWithAccounting.ts(6345,3): error TS1434: Unexpected keyword or identifier.
server/debug_bulkCreateProductsWithAccounting.ts(6345,36): error TS1109: Expression expected.
server/debug_bulkCreateProductsWithAccounting.ts(6345,56): error TS1109: Expression expected.
server/debug_bulkCreateProductsWithAccounting.ts(6345,74): error TS1109: Expression expected.
server/debug_bulkCreateProductsWithAccounting.ts(6345,90): error TS1109: Expression expected.
server/debug_bulkCreateProductsWithAccounting.ts(6345,116): error TS1005: ',' expected.
server/debug_bulkCreateProductsWithAccounting.ts(6345,152): error TS1005: ';' expected.
server/debug_bulkCreateProductsWithAccounting.ts(6346,11): error TS1005: ':' expected.
server/debug_bulkCreateProductsWithAccounting.ts(6346,26): error TS1005: ',' expected.
server/debug_bulkCreateProductsWithAccounting.ts(6351,5): error TS1005: ',' expected.
server/debug_bulkCreateProductsWithAccounting.ts(6354,5): error TS1005: ',' expected.
server/debug_bulkCreateProductsWithAccounting.ts(6357,5): error TS1005: ',' expected.
server/debug_bulkCreateProductsWithAccounting.ts(6357,14): error TS1005: ',' expected.
server/debug_bulkCreateProductsWithAccounting.ts(6360,5): error TS1005: ',' expected.
server/debug_bulkCreateProductsWithAccounting.ts(6360,14): error TS1005: ',' expected.
server/debug_bulkCreateProductsWithAccounting.ts(6364,5): error TS1005: ',' expected.
server/debug_bulkCreateProductsWithAccounting.ts(6364,11): error TS1005: ':' expected.
server/debug_bulkCreateProductsWithAccounting.ts(6366,89): error TS1005: ',' expected.
server/debug_bulkCreateProductsWithAccounting.ts(6369,11): error TS1005: ':' expected.
server/debug_bulkCreateProductsWithAccounting.ts(6369,59): error TS1005: ',' expected.
server/debug_bulkCreateProductsWithAccounting.ts(6370,11): error TS1005: ':' expected.
server/debug_bulkCreateProductsWithAccounting.ts(6370,66): error TS1005: ',' expected.
server/debug_bulkCreateProductsWithAccounting.ts(6373,11): error TS1005: ':' expected.
server/debug_bulkCreateProductsWithAccounting.ts(6373,21): error TS1005: ',' expected.
server/debug_bulkCreateProductsWithAccounting.ts(6373,38): error TS1005: '>' expected.
server/debug_bulkCreateProductsWithAccounting.ts(6373,69): error TS1011: An element access expression should take an argument.
server/debug_bulkCreateProductsWithAccounting.ts(6373,87): error TS1005: ',' expected.
server/debug_bulkCreateProductsWithAccounting.ts(6373,89): error TS1109: Expression expected.
server/debug_bulkCreateProductsWithAccounting.ts(6403,3): error TS1128: Declaration or statement expected.
server/debug_bulkCreateProductsWithAccounting.ts(6405,3): error TS1434: Unexpected keyword or identifier.
server/debug_bulkCreateProductsWithAccounting.ts(6405,38): error TS1109: Expression expected.
server/debug_bulkCreateProductsWithAccounting.ts(6405,56): error TS1109: Expression expected.
server/debug_bulkCreateProductsWithAccounting.ts(6405,72): error TS1109: Expression expected.
server/debug_bulkCreateProductsWithAccounting.ts(6405,98): error TS1005: ',' expected.
server/debug_bulkCreateProductsWithAccounting.ts(6405,134): error TS1005: ';' expected.
server/debug_bulkCreateProductsWithAccounting.ts(6406,9): error TS1005: ':' expected.
server/debug_bulkCreateProductsWithAccounting.ts(6407,13): error TS1005: ':' expected.
server/debug_bulkCreateProductsWithAccounting.ts(6407,28): error TS1005: ',' expected.
server/debug_bulkCreateProductsWithAccounting.ts(6408,22): error TS1005: '{' expected.
server/debug_bulkCreateProductsWithAccounting.ts(6408,32): error TS1005: ',' expected.
server/debug_bulkCreateProductsWithAccounting.ts(6408,100): error TS1005: ',' expected.
server/debug_bulkCreateProductsWithAccounting.ts(6409,20): error TS1005: '{' expected.
server/debug_bulkCreateProductsWithAccounting.ts(6409,30): error TS1005: ',' expected.
server/debug_bulkCreateProductsWithAccounting.ts(6409,96): error TS1005: ',' expected.
server/debug_bulkCreateProductsWithAccounting.ts(6411,16): error TS1005: ',' expected.
server/debug_bulkCreateProductsWithAccounting.ts(6411,26): error TS1005: '{' expected.
server/debug_bulkCreateProductsWithAccounting.ts(6411,36): error TS1005: ',' expected.
server/debug_bulkCreateProductsWithAccounting.ts(6411,89): error TS1005: ',' expected.
server/debug_bulkCreateProductsWithAccounting.ts(6412,16): error TS1005: ',' expected.
server/debug_bulkCreateProductsWithAccounting.ts(6412,28): error TS1005: '{' expected.
server/debug_bulkCreateProductsWithAccounting.ts(6412,38): error TS1005: ',' expected.
server/debug_bulkCreateProductsWithAccounting.ts(6412,95): error TS1005: ',' expected.
server/debug_bulkCreateProductsWithAccounting.ts(6414,13): error TS1005: ':' expected.
server/debug_bulkCreateProductsWithAccounting.ts(6417,62): error TS1005: ',' expected.
server/debug_bulkCreateProductsWithAccounting.ts(6419,11): error TS1005: ',' expected.
server/debug_bulkCreateProductsWithAccounting.ts(6419,26): error TS1005: ',' expected.
server/debug_bulkCreateProductsWithAccounting.ts(6420,11): error TS1005: ',' expected.
server/debug_bulkCreateProductsWithAccounting.ts(6420,27): error TS1005: ',' expected.
server/debug_bulkCreateProductsWithAccounting.ts(6421,11): error TS1005: ',' expected.
server/debug_bulkCreateProductsWithAccounting.ts(6421,27): error TS1005: ',' expected.
server/debug_bulkCreateProductsWithAccounting.ts(6423,19): error TS1005: ',' expected.
server/debug_bulkCreateProductsWithAccounting.ts(6428,9): error TS1005: ',' expected.
server/debug_bulkCreateProductsWithAccounting.ts(6430,14): error TS1005: ':' expected.
server/debug_bulkCreateProductsWithAccounting.ts(6436,8): error TS1005: ',' expected.
server/debug_bulkCreateProductsWithAccounting.ts(6437,7): error TS1005: ',' expected.
server/debug_bulkCreateProductsWithAccounting.ts(6444,3): error TS1434: Unexpected keyword or identifier.
server/debug_bulkCreateProductsWithAccounting.ts(6444,36): error TS1109: Expression expected.
server/debug_bulkCreateProductsWithAccounting.ts(6444,57): error TS1109: Expression expected.
server/debug_bulkCreateProductsWithAccounting.ts(6444,77): error TS1109: Expression expected.
server/debug_bulkCreateProductsWithAccounting.ts(6444,95): error TS1109: Expression expected.
server/debug_bulkCreateProductsWithAccounting.ts(6444,111): error TS1109: Expression expected.
server/debug_bulkCreateProductsWithAccounting.ts(6444,137): error TS1005: ',' expected.
server/debug_bulkCreateProductsWithAccounting.ts(6444,173): error TS1005: ';' expected.
server/debug_bulkCreateProductsWithAccounting.ts(6446,11): error TS1005: ':' expected.
server/debug_bulkCreateProductsWithAccounting.ts(6446,32): error TS1005: ',' expected.
server/debug_bulkCreateProductsWithAccounting.ts(6450,5): error TS1005: ',' expected.
server/debug_bulkCreateProductsWithAccounting.ts(6453,5): error TS1005: ',' expected.
server/debug_bulkCreateProductsWithAccounting.ts(6457,5): error TS1005: ',' expected.
server/debug_bulkCreateProductsWithAccounting.ts(6457,11): error TS1005: ':' expected.
server/debug_bulkCreateProductsWithAccounting.ts(6459,87): error TS1005: ',' expected.
server/debug_bulkCreateProductsWithAccounting.ts(6462,11): error TS1005: ':' expected.
server/debug_bulkCreateProductsWithAccounting.ts(6462,33): error TS1005: ',' expected.
server/debug_bulkCreateProductsWithAccounting.ts(6466,5): error TS1005: ',' expected.
server/debug_bulkCreateProductsWithAccounting.ts(6469,5): error TS1005: ',' expected.
server/debug_bulkCreateProductsWithAccounting.ts(6472,5): error TS1005: ',' expected.
server/debug_bulkCreateProductsWithAccounting.ts(6475,5): error TS1005: ',' expected.
server/debug_bulkCreateProductsWithAccounting.ts(6475,14): error TS1005: ',' expected.
server/debug_bulkCreateProductsWithAccounting.ts(6479,5): error TS1005: ',' expected.
server/debug_bulkCreateProductsWithAccounting.ts(6479,11): error TS1005: ':' expected.
server/debug_bulkCreateProductsWithAccounting.ts(6481,91): error TS1005: ',' expected.
server/debug_bulkCreateProductsWithAccounting.ts(6484,11): error TS1005: ':' expected.
server/debug_bulkCreateProductsWithAccounting.ts(6484,30): error TS1005: ',' expected.
server/debug_bulkCreateProductsWithAccounting.ts(6488,5): error TS1005: ',' expected.
server/debug_bulkCreateProductsWithAccounting.ts(6492,5): error TS1005: ',' expected.
server/debug_bulkCreateProductsWithAccounting.ts(6492,11): error TS1005: ':' expected.
server/debug_bulkCreateProductsWithAccounting.ts(6494,69): error TS1005: ',' expected.
server/debug_bulkCreateProductsWithAccounting.ts(6497,11): error TS1005: ':' expected.
server/debug_bulkCreateProductsWithAccounting.ts(6497,57): error TS1005: ',' expected.
server/debug_bulkCreateProductsWithAccounting.ts(6498,11): error TS1005: ':' expected.
server/debug_bulkCreateProductsWithAccounting.ts(6498,64): error TS1005: ',' expected.
server/debug_bulkCreateProductsWithAccounting.ts(6499,11): error TS1005: ':' expected.
server/debug_bulkCreateProductsWithAccounting.ts(6499,59): error TS1005: ',' expected.
server/debug_bulkCreateProductsWithAccounting.ts(6500,11): error TS1005: ':' expected.
server/debug_bulkCreateProductsWithAccounting.ts(6500,66): error TS1005: ',' expected.
server/debug_bulkCreateProductsWithAccounting.ts(6503,11): error TS1005: ':' expected.
server/debug_bulkCreateProductsWithAccounting.ts(6503,104): error TS1005: ',' expected.
server/debug_bulkCreateProductsWithAccounting.ts(6504,11): error TS1005: ':' expected.
server/debug_bulkCreateProductsWithAccounting.ts(6504,107): error TS1005: ',' expected.
server/debug_bulkCreateProductsWithAccounting.ts(6505,11): error TS1005: ':' expected.
server/debug_bulkCreateProductsWithAccounting.ts(6505,50): error TS1005: ',' expected.
server/debug_bulkCreateProductsWithAccounting.ts(6508,11): error TS1005: ':' expected.
server/debug_bulkCreateProductsWithAccounting.ts(6508,29): error TS1005: ',' expected.
server/debug_bulkCreateProductsWithAccounting.ts(6508,54): error TS1005: '(' expected.
server/debug_bulkCreateProductsWithAccounting.ts(6508,56): error TS1136: Property assignment expected.
server/debug_bulkCreateProductsWithAccounting.ts(6547,3): error TS1128: Declaration or statement expected.
server/debug_bulkCreateProductsWithAccounting.ts(6549,3): error TS1434: Unexpected keyword or identifier.
server/debug_bulkCreateProductsWithAccounting.ts(6549,36): error TS1109: Expression expected.
server/debug_bulkCreateProductsWithAccounting.ts(6549,54): error TS1109: Expression expected.
server/debug_bulkCreateProductsWithAccounting.ts(6549,76): error TS1109: Expression expected.
server/debug_bulkCreateProductsWithAccounting.ts(6549,92): error TS1109: Expression expected.
server/debug_bulkCreateProductsWithAccounting.ts(6549,118): error TS1005: ',' expected.
server/debug_bulkCreateProductsWithAccounting.ts(6549,154): error TS1005: ';' expected.
server/debug_bulkCreateProductsWithAccounting.ts(6550,11): error TS1005: ':' expected.
server/debug_bulkCreateProductsWithAccounting.ts(6550,65): error TS1005: ',' expected.
server/debug_bulkCreateProductsWithAccounting.ts(6551,11): error TS1005: ':' expected.
server/debug_bulkCreateProductsWithAccounting.ts(6551,58): error TS1005: ',' expected.
server/debug_bulkCreateProductsWithAccounting.ts(6552,9): error TS1005: ',' expected.
server/debug_bulkCreateProductsWithAccounting.ts(6552,35): error TS1005: ',' expected.
server/debug_bulkCreateProductsWithAccounting.ts(6554,11): error TS1005: ':' expected.
server/debug_bulkCreateProductsWithAccounting.ts(6562,6): error TS1005: ',' expected.
server/debug_bulkCreateProductsWithAccounting.ts(6566,11): error TS1005: ':' expected.
server/debug_bulkCreateProductsWithAccounting.ts(6566,67): error TS1005: ',' expected.
server/debug_bulkCreateProductsWithAccounting.ts(6571,11): error TS1005: ':' expected.
server/debug_bulkCreateProductsWithAccounting.ts(6571,78): error TS1005: ',' expected.
server/debug_bulkCreateProductsWithAccounting.ts(6574,11): error TS1005: ':' expected.
server/debug_bulkCreateProductsWithAccounting.ts(6574,88): error TS1005: ',' expected.
server/debug_bulkCreateProductsWithAccounting.ts(6575,11): error TS1005: ':' expected.
server/debug_bulkCreateProductsWithAccounting.ts(6575,90): error TS1005: ',' expected.
server/debug_bulkCreateProductsWithAccounting.ts(6578,11): error TS1005: ':' expected.
server/debug_bulkCreateProductsWithAccounting.ts(6578,91): error TS1005: ',' expected.
server/debug_bulkCreateProductsWithAccounting.ts(6579,11): error TS1005: ':' expected.
server/debug_bulkCreateProductsWithAccounting.ts(6579,91): error TS1005: ',' expected.
server/debug_bulkCreateProductsWithAccounting.ts(6583,11): error TS1005: ':' expected.
server/debug_bulkCreateProductsWithAccounting.ts(6583,82): error TS1005: ',' expected.
server/debug_bulkCreateProductsWithAccounting.ts(6584,21): error TS1005: ',' expected.
server/debug_bulkCreateProductsWithAccounting.ts(6584,45): error TS1005: ';' expected.
server/debug_bulkCreateProductsWithAccounting.ts(6635,3): error TS1128: Declaration or statement expected.
server/debug_bulkCreateProductsWithAccounting.ts(6638,3): error TS1434: Unexpected keyword or identifier.
server/debug_bulkCreateProductsWithAccounting.ts(6638,29): error TS1109: Expression expected.
server/debug_bulkCreateProductsWithAccounting.ts(6638,55): error TS1005: ',' expected.
server/debug_bulkCreateProductsWithAccounting.ts(6638,91): error TS1005: ';' expected.
server/debug_bulkCreateProductsWithAccounting.ts(6638,111): error TS1011: An element access expression should take an argument.
server/debug_bulkCreateProductsWithAccounting.ts(6639,9): error TS1005: ',' expected.
server/debug_bulkCreateProductsWithAccounting.ts(6639,24): error TS1005: ',' expected.
server/debug_bulkCreateProductsWithAccounting.ts(6640,14): error TS1005: ',' expected.
server/debug_bulkCreateProductsWithAccounting.ts(6643,5): error TS1005: ',' expected.
server/debug_bulkCreateProductsWithAccounting.ts(6643,14): error TS1005: ',' expected.
server/debug_bulkCreateProductsWithAccounting.ts(6646,5): error TS1005: ',' expected.
server/debug_bulkCreateProductsWithAccounting.ts(6646,19): error TS1005: ',' expected.
server/debug_bulkCreateProductsWithAccounting.ts(6646,30): error TS1005: ',' expected.
server/debug_bulkCreateProductsWithAccounting.ts(6646,32): error TS1136: Property assignment expected.
server/debug_bulkCreateProductsWithAccounting.ts(6650,3): error TS1128: Declaration or statement expected.
server/debug_bulkCreateProductsWithAccounting.ts(6652,3): error TS1434: Unexpected keyword or identifier.
server/debug_bulkCreateProductsWithAccounting.ts(6652,24): error TS1005: ',' expected.
server/debug_bulkCreateProductsWithAccounting.ts(6652,33): error TS1005: ';' expected.
server/debug_bulkCreateProductsWithAccounting.ts(6653,11): error TS1005: ':' expected.
server/debug_bulkCreateProductsWithAccounting.ts(6653,88): error TS1005: ',' expected.
server/debug_bulkCreateProductsWithAccounting.ts(6654,12): error TS1005: ':' expected.
server/debug_bulkCreateProductsWithAccounting.ts(6654,34): error TS1005: ',' expected.
server/debug_bulkCreateProductsWithAccounting.ts(6657,3): error TS1434: Unexpected keyword or identifier.
server/debug_bulkCreateProductsWithAccounting.ts(6657,33): error TS1005: ',' expected.
server/debug_bulkCreateProductsWithAccounting.ts(6657,42): error TS1005: ';' expected.
server/debug_bulkCreateProductsWithAccounting.ts(6657,74): error TS1005: ',' expected.
server/debug_bulkCreateProductsWithAccounting.ts(6657,97): error TS1011: An element access expression should take an argument.
server/debug_bulkCreateProductsWithAccounting.ts(6658,11): error TS1005: ':' expected.
server/debug_bulkCreateProductsWithAccounting.ts(6658,50): error TS1005: ',' expected.
server/debug_bulkCreateProductsWithAccounting.ts(6659,9): error TS1003: Identifier expected.
server/debug_bulkCreateProductsWithAccounting.ts(6659,21): error TS1005: '{' expected.
server/debug_bulkCreateProductsWithAccounting.ts(6659,28): error TS1005: ':' expected.
server/debug_bulkCreateProductsWithAccounting.ts(6659,37): error TS1005: ',' expected.
server/debug_bulkCreateProductsWithAccounting.ts(6660,11): error TS1005: ':' expected.
server/debug_bulkCreateProductsWithAccounting.ts(6660,99): error TS1005: ',' expected.
server/debug_bulkCreateProductsWithAccounting.ts(6661,12): error TS1005: ':' expected.
server/debug_bulkCreateProductsWithAccounting.ts(6661,32): error TS1005: ',' expected.
server/debug_bulkCreateProductsWithAccounting.ts(6664,3): error TS1434: Unexpected keyword or identifier.
server/debug_bulkCreateProductsWithAccounting.ts(6664,52): error TS1005: ',' expected.
server/debug_bulkCreateProductsWithAccounting.ts(6664,68): error TS1109: Expression expected.
server/debug_bulkCreateProductsWithAccounting.ts(6664,94): error TS1005: ',' expected.
server/debug_bulkCreateProductsWithAccounting.ts(6664,130): error TS1005: ';' expected.
server/debug_bulkCreateProductsWithAccounting.ts(6664,150): error TS1011: An element access expression should take an argument.
server/debug_bulkCreateProductsWithAccounting.ts(6665,11): error TS1005: ':' expected.
server/debug_bulkCreateProductsWithAccounting.ts(6665,55): error TS1005: ',' expected.
server/debug_bulkCreateProductsWithAccounting.ts(6666,9): error TS1005: ',' expected.
server/debug_bulkCreateProductsWithAccounting.ts(6669,6): error TS1005: ',' expected.
server/debug_bulkCreateProductsWithAccounting.ts(6670,14): error TS1005: ',' expected.
server/debug_bulkCreateProductsWithAccounting.ts(6673,5): error TS1005: ',' expected.
server/debug_bulkCreateProductsWithAccounting.ts(6673,14): error TS1005: ',' expected.
server/debug_bulkCreateProductsWithAccounting.ts(6676,5): error TS1005: ',' expected.
server/debug_bulkCreateProductsWithAccounting.ts(6676,9): error TS1005: ',' expected.
server/debug_bulkCreateProductsWithAccounting.ts(6678,47): error TS1005: ',' expected.
server/debug_bulkCreateProductsWithAccounting.ts(6681,12): error TS1005: ':' expected.
server/debug_bulkCreateProductsWithAccounting.ts(6681,68): error TS1005: ',' expected.
server/debug_bulkCreateProductsWithAccounting.ts(6684,3): error TS1128: Declaration or statement expected.
server/debug_bulkCreateProductsWithAccounting.ts(6684,11): error TS1434: Unexpected keyword or identifier.
server/debug_bulkCreateProductsWithAccounting.ts(6684,41): error TS1005: ';' expected.
server/debug_bulkCreateProductsWithAccounting.ts(6685,11): error TS1005: ':' expected.
server/debug_bulkCreateProductsWithAccounting.ts(6685,86): error TS1005: ',' expected.
server/debug_bulkCreateProductsWithAccounting.ts(6686,11): error TS1005: ':' expected.
server/debug_bulkCreateProductsWithAccounting.ts(6686,48): error TS1005: ',' expected.
server/debug_bulkCreateProductsWithAccounting.ts(6687,12): error TS1005: ':' expected.
server/debug_bulkCreateProductsWithAccounting.ts(6687,59): error TS1005: ',' expected.
server/debug_bulkCreateProductsWithAccounting.ts(6690,3): error TS1434: Unexpected keyword or identifier.
server/debug_bulkCreateProductsWithAccounting.ts(6690,29): error TS1005: ',' expected.
server/debug_bulkCreateProductsWithAccounting.ts(6690,41): error TS1005: ',' expected.
server/debug_bulkCreateProductsWithAccounting.ts(6690,47): error TS1011: An element access expression should take an argument.
server/debug_bulkCreateProductsWithAccounting.ts(6690,49): error TS1005: ';' expected.
server/debug_bulkCreateProductsWithAccounting.ts(6691,11): error TS1005: ':' expected.
server/debug_bulkCreateProductsWithAccounting.ts(6691,64): error TS1005: ',' expected.
server/debug_bulkCreateProductsWithAccounting.ts(6693,12): error TS1005: ':' expected.
server/debug_bulkCreateProductsWithAccounting.ts(6736,7): error TS1005: ',' expected.
server/debug_bulkCreateProductsWithAccounting.ts(6739,3): error TS1434: Unexpected keyword or identifier.
server/debug_bulkCreateProductsWithAccounting.ts(6739,27): error TS1005: ',' expected.
server/debug_bulkCreateProductsWithAccounting.ts(6739,41): error TS1005: ',' expected.
server/debug_bulkCreateProductsWithAccounting.ts(6739,68): error TS1005: ';' expected.
server/debug_bulkCreateProductsWithAccounting.ts(6740,11): error TS1005: ':' expected.
server/debug_bulkCreateProductsWithAccounting.ts(6740,103): error TS1005: ',' expected.
server/debug_bulkCreateProductsWithAccounting.ts(6741,12): error TS1005: ':' expected.
server/debug_bulkCreateProductsWithAccounting.ts(6741,34): error TS1005: ',' expected.
server/debug_bulkCreateProductsWithAccounting.ts(6744,3): error TS1434: Unexpected keyword or identifier.
server/debug_bulkCreateProductsWithAccounting.ts(6744,34): error TS1005: ',' expected.
server/debug_bulkCreateProductsWithAccounting.ts(6744,43): error TS1005: ';' expected.
server/debug_bulkCreateProductsWithAccounting.ts(6745,11): error TS1005: ':' expected.
server/debug_bulkCreateProductsWithAccounting.ts(6745,50): error TS1005: ',' expected.
server/debug_bulkCreateProductsWithAccounting.ts(6746,9): error TS1003: Identifier expected.
server/debug_bulkCreateProductsWithAccounting.ts(6746,21): error TS1005: '{' expected.
server/debug_bulkCreateProductsWithAccounting.ts(6746,27): error TS1005: ':' expected.
server/debug_bulkCreateProductsWithAccounting.ts(6746,59): error TS1005: ',' expected.
server/debug_bulkCreateProductsWithAccounting.ts(6748,11): error TS1005: ':' expected.
server/debug_bulkCreateProductsWithAccounting.ts(6748,99): error TS1005: ',' expected.
server/debug_bulkCreateProductsWithAccounting.ts(6750,11): error TS1005: ':' expected.
server/debug_bulkCreateProductsWithAccounting.ts(6757,8): error TS1005: ',' expected.
server/debug_bulkCreateProductsWithAccounting.ts(6759,11): error TS1005: ':' expected.
server/debug_bulkCreateProductsWithAccounting.ts(6769,25): error TS1005: ',' expected.
server/debug_bulkCreateProductsWithAccounting.ts(6771,11): error TS1005: ',' expected.
server/debug_bulkCreateProductsWithAccounting.ts(6771,13): error TS1005: ',' expected.
server/debug_bulkCreateProductsWithAccounting.ts(6771,116): error TS1005: ',' expected.
server/debug_bulkCreateProductsWithAccounting.ts(6773,12): error TS1005: ':' expected.
server/debug_bulkCreateProductsWithAccounting.ts(6773,16): error TS1005: ',' expected.
server/debug_bulkCreateProductsWithAccounting.ts(6777,3): error TS1434: Unexpected keyword or identifier.
server/debug_bulkCreateProductsWithAccounting.ts(6777,41): error TS1109: Expression expected.
server/debug_bulkCreateProductsWithAccounting.ts(6777,50): error TS1005: ';' expected.
server/debug_bulkCreateProductsWithAccounting.ts(6777,77): error TS1011: An element access expression should take an argument.
server/debug_bulkCreateProductsWithAccounting.ts(6781,5): error TS1005: ',' expected.
server/debug_bulkCreateProductsWithAccounting.ts(6781,12): error TS1005: ':' expected.
server/debug_bulkCreateProductsWithAccounting.ts(6781,47): error TS1005: ',' expected.
server/debug_bulkCreateProductsWithAccounting.ts(6784,3): error TS1434: Unexpected keyword or identifier.
server/debug_bulkCreateProductsWithAccounting.ts(6784,36): error TS1005: ',' expected.
server/debug_bulkCreateProductsWithAccounting.ts(6784,61): error TS1005: ';' expected.
server/debug_bulkCreateProductsWithAccounting.ts(6785,11): error TS1005: ':' expected.
server/debug_bulkCreateProductsWithAccounting.ts(6785,78): error TS1005: ',' expected.
server/debug_bulkCreateProductsWithAccounting.ts(6786,12): error TS1005: ':' expected.
server/debug_bulkCreateProductsWithAccounting.ts(6786,15): error TS1005: ',' expected.
server/debug_bulkCreateProductsWithAccounting.ts(6789,3): error TS1434: Unexpected keyword or identifier.
server/debug_bulkCreateProductsWithAccounting.ts(6789,34): error TS1005: ',' expected.
server/debug_bulkCreateProductsWithAccounting.ts(6789,48): error TS1005: ',' expected.
server/debug_bulkCreateProductsWithAccounting.ts(6789,82): error TS1005: ';' expected.
server/debug_bulkCreateProductsWithAccounting.ts(6790,11): error TS1005: ':' expected.
server/debug_bulkCreateProductsWithAccounting.ts(6790,111): error TS1005: ',' expected.
server/debug_bulkCreateProductsWithAccounting.ts(6791,12): error TS1005: ':' expected.
server/debug_bulkCreateProductsWithAccounting.ts(6791,28): error TS1005: ',' expected.
server/debug_bulkCreateProductsWithAccounting.ts(6794,3): error TS1434: Unexpected keyword or identifier.
server/debug_bulkCreateProductsWithAccounting.ts(6794,34): error TS1005: ',' expected.
server/debug_bulkCreateProductsWithAccounting.ts(6794,43): error TS1005: ';' expected.
server/debug_bulkCreateProductsWithAccounting.ts(6794,57): error TS1109: Expression expected.
server/debug_bulkCreateProductsWithAccounting.ts(6795,11): error TS1005: ',' expected.
server/debug_bulkCreateProductsWithAccounting.ts(6795,13): error TS1005: ',' expected.
server/debug_bulkCreateProductsWithAccounting.ts(6795,75): error TS1005: ',' expected.
server/debug_bulkCreateProductsWithAccounting.ts(6798,3): error TS1434: Unexpected keyword or identifier.
server/debug_bulkCreateProductsWithAccounting.ts(6798,34): error TS1005: ',' expected.
server/debug_bulkCreateProductsWithAccounting.ts(6798,48): error TS1005: ';' expected.
server/debug_bulkCreateProductsWithAccounting.ts(6798,75): error TS1011: An element access expression should take an argument.
server/debug_bulkCreateProductsWithAccounting.ts(6799,11): error TS1005: ':' expected.
server/debug_bulkCreateProductsWithAccounting.ts(6799,34): error TS1005: ',' expected.
server/debug_bulkCreateProductsWithAccounting.ts(6800,15): error TS1005: ',' expected.
server/debug_bulkCreateProductsWithAccounting.ts(6800,52): error TS1005: ',' expected.
server/debug_bulkCreateProductsWithAccounting.ts(6801,12): error TS1005: ':' expected.
server/debug_bulkCreateProductsWithAccounting.ts(6802,148): error TS1005: ',' expected.
server/debug_bulkCreateProductsWithAccounting.ts(6806,3): error TS1434: Unexpected keyword or identifier.
server/debug_bulkCreateProductsWithAccounting.ts(6806,24): error TS1005: ';' expected.
server/debug_bulkCreateProductsWithAccounting.ts(6806,44): error TS1011: An element access expression should take an argument.
server/debug_bulkCreateProductsWithAccounting.ts(6807,12): error TS1005: ':' expected.
server/debug_bulkCreateProductsWithAccounting.ts(6807,40): error TS1005: ',' expected.
server/debug_bulkCreateProductsWithAccounting.ts(6810,3): error TS1434: Unexpected keyword or identifier.
server/debug_bulkCreateProductsWithAccounting.ts(6810,29): error TS1005: ',' expected.
server/debug_bulkCreateProductsWithAccounting.ts(6810,47): error TS1005: ';' expected.
server/debug_bulkCreateProductsWithAccounting.ts(6811,11): error TS1005: ':' expected.
server/debug_bulkCreateProductsWithAccounting.ts(6811,72): error TS1005: ',' expected.
server/debug_bulkCreateProductsWithAccounting.ts(6812,12): error TS1005: ':' expected.
server/debug_bulkCreateProductsWithAccounting.ts(6812,16): error TS1005: ',' expected.
server/debug_bulkCreateProductsWithAccounting.ts(6815,3): error TS1434: Unexpected keyword or identifier.
server/debug_bulkCreateProductsWithAccounting.ts(6815,27): error TS1005: ',' expected.
server/debug_bulkCreateProductsWithAccounting.ts(6815,41): error TS1005: ',' expected.
server/debug_bulkCreateProductsWithAccounting.ts(6815,68): error TS1005: ';' expected.
server/debug_bulkCreateProductsWithAccounting.ts(6816,11): error TS1005: ':' expected.
server/debug_bulkCreateProductsWithAccounting.ts(6816,98): error TS1005: ',' expected.
server/debug_bulkCreateProductsWithAccounting.ts(6817,12): error TS1005: ':' expected.
server/debug_bulkCreateProductsWithAccounting.ts(6817,29): error TS1005: ',' expected.
server/debug_bulkCreateProductsWithAccounting.ts(6820,3): error TS1434: Unexpected keyword or identifier.
server/debug_bulkCreateProductsWithAccounting.ts(6820,27): error TS1005: ',' expected.
server/debug_bulkCreateProductsWithAccounting.ts(6820,36): error TS1005: ';' expected.
server/debug_bulkCreateProductsWithAccounting.ts(6820,50): error TS1109: Expression expected.
server/debug_bulkCreateProductsWithAccounting.ts(6821,11): error TS1005: ',' expected.
server/debug_bulkCreateProductsWithAccounting.ts(6821,13): error TS1005: ',' expected.
server/debug_bulkCreateProductsWithAccounting.ts(6821,61): error TS1005: ',' expected.
server/debug_bulkCreateProductsWithAccounting.ts(6825,3): error TS1434: Unexpected keyword or identifier.
server/debug_bulkCreateProductsWithAccounting.ts(6825,37): error TS1109: Expression expected.
server/debug_bulkCreateProductsWithAccounting.ts(6825,53): error TS1109: Expression expected.
server/debug_bulkCreateProductsWithAccounting.ts(6825,79): error TS1005: ',' expected.
server/debug_bulkCreateProductsWithAccounting.ts(6825,115): error TS1005: ';' expected.
server/debug_bulkCreateProductsWithAccounting.ts(6825,138): error TS1011: An element access expression should take an argument.
server/debug_bulkCreateProductsWithAccounting.ts(6828,14): error TS1005: ',' expected.
server/debug_bulkCreateProductsWithAccounting.ts(6828,23): error TS1005: ',' expected.
server/debug_bulkCreateProductsWithAccounting.ts(6828,41): error TS1005: ';' expected.
server/debug_bulkCreateProductsWithAccounting.ts(6864,3): error TS1128: Declaration or statement expected.
server/debug_bulkCreateProductsWithAccounting.ts(6866,3): error TS1434: Unexpected keyword or identifier.
server/debug_bulkCreateProductsWithAccounting.ts(6866,35): error TS1005: ',' expected.
server/debug_bulkCreateProductsWithAccounting.ts(6866,44): error TS1005: ';' expected.
server/debug_bulkCreateProductsWithAccounting.ts(6866,75): error TS1005: ',' expected.
server/debug_bulkCreateProductsWithAccounting.ts(6866,97): error TS1005: ',' expected.
server/debug_bulkCreateProductsWithAccounting.ts(6867,11): error TS1005: ':' expected.
server/debug_bulkCreateProductsWithAccounting.ts(6867,56): error TS1005: ',' expected.
server/debug_bulkCreateProductsWithAccounting.ts(6868,9): error TS1003: Identifier expected.
server/debug_bulkCreateProductsWithAccounting.ts(6868,19): error TS1005: ',' expected.
server/debug_bulkCreateProductsWithAccounting.ts(6868,43): error TS1005: ';' expected.
server/debug_bulkCreateProductsWithAccounting.ts(6907,3): error TS1128: Declaration or statement expected.
server/debug_bulkCreateProductsWithAccounting.ts(6909,3): error TS1434: Unexpected keyword or identifier.
server/debug_bulkCreateProductsWithAccounting.ts(6909,47): error TS1005: ',' expected.
server/debug_bulkCreateProductsWithAccounting.ts(6909,62): error TS1005: ',' expected.
server/debug_bulkCreateProductsWithAccounting.ts(6909,76): error TS1005: ',' expected.
server/debug_bulkCreateProductsWithAccounting.ts(6909,85): error TS1005: ';' expected.
server/debug_bulkCreateProductsWithAccounting.ts(6909,119): error TS1005: ',' expected.
server/debug_bulkCreateProductsWithAccounting.ts(6909,143): error TS1005: ',' expected.
server/debug_bulkCreateProductsWithAccounting.ts(6909,162): error TS1005: ',' expected.
server/debug_bulkCreateProductsWithAccounting.ts(6909,181): error TS1011: An element access expression should take an argument.
server/debug_bulkCreateProductsWithAccounting.ts(6910,11): error TS1005: ':' expected.
server/debug_bulkCreateProductsWithAccounting.ts(6910,56): error TS1005: ',' expected.
server/debug_bulkCreateProductsWithAccounting.ts(6911,9): error TS1003: Identifier expected.
server/debug_bulkCreateProductsWithAccounting.ts(6915,5): error TS1005: ',' expected.
server/debug_bulkCreateProductsWithAccounting.ts(6915,11): error TS1005: ':' expected.
server/debug_bulkCreateProductsWithAccounting.ts(6915,64): error TS1005: ',' expected.
server/debug_bulkCreateProductsWithAccounting.ts(6916,11): error TS1005: ':' expected.
server/debug_bulkCreateProductsWithAccounting.ts(6916,35): error TS1005: ',' expected.
server/debug_bulkCreateProductsWithAccounting.ts(6917,11): error TS1005: ':' expected.
server/debug_bulkCreateProductsWithAccounting.ts(6917,56): error TS1005: ',' expected.
server/debug_bulkCreateProductsWithAccounting.ts(6919,11): error TS1005: ':' expected.
server/debug_bulkCreateProductsWithAccounting.ts(6919,72): error TS1005: ',' expected.
server/debug_bulkCreateProductsWithAccounting.ts(6920,11): error TS1005: ':' expected.
server/debug_bulkCreateProductsWithAccounting.ts(6920,48): error TS1005: ',' expected.
server/debug_bulkCreateProductsWithAccounting.ts(6921,11): error TS1005: ':' expected.
server/debug_bulkCreateProductsWithAccounting.ts(6921,119): error TS1005: ',' expected.
server/debug_bulkCreateProductsWithAccounting.ts(6923,11): error TS1005: ':' expected.
server/debug_bulkCreateProductsWithAccounting.ts(6935,9): error TS1005: ',' expected.
server/debug_bulkCreateProductsWithAccounting.ts(6937,9): error TS1005: ',' expected.
server/debug_bulkCreateProductsWithAccounting.ts(6937,27): error TS1005: ',' expected.
server/debug_bulkCreateProductsWithAccounting.ts(6938,11): error TS1005: ':' expected.
server/debug_bulkCreateProductsWithAccounting.ts(6938,19): error TS1005: ',' expected.
server/debug_bulkCreateProductsWithAccounting.ts(6938,27): error TS1005: ',' expected.
server/debug_bulkCreateProductsWithAccounting.ts(6938,28): error TS1109: Expression expected.
server/debug_bulkCreateProductsWithAccounting.ts(6938,30): error TS1005: ':' expected.
server/debug_bulkCreateProductsWithAccounting.ts(6938,34): error TS1005: ',' expected.
server/debug_bulkCreateProductsWithAccounting.ts(6940,10): error TS1359: Identifier expected. 'const' is a reserved word that cannot be used here.
server/debug_bulkCreateProductsWithAccounting.ts(6940,16): error TS1005: ',' expected.
server/debug_bulkCreateProductsWithAccounting.ts(6940,22): error TS1005: ',' expected.
server/debug_bulkCreateProductsWithAccounting.ts(6940,25): error TS1005: ',' expected.
server/debug_bulkCreateProductsWithAccounting.ts(6972,5): error TS1005: ',' expected.
server/debug_bulkCreateProductsWithAccounting.ts(6972,11): error TS1005: ':' expected.
server/debug_bulkCreateProductsWithAccounting.ts(6972,54): error TS1005: ',' expected.
server/debug_bulkCreateProductsWithAccounting.ts(6974,12): error TS1005: ':' expected.
server/debug_bulkCreateProductsWithAccounting.ts(6979,6): error TS1005: ',' expected.
server/debug_bulkCreateProductsWithAccounting.ts(6982,3): error TS1434: Unexpected keyword or identifier.
server/debug_bulkCreateProductsWithAccounting.ts(6982,32): error TS1005: ',' expected.
server/debug_bulkCreateProductsWithAccounting.ts(6982,53): error TS1005: ';' expected.
server/debug_bulkCreateProductsWithAccounting.ts(6983,11): error TS1005: ':' expected.
server/debug_bulkCreateProductsWithAccounting.ts(6983,78): error TS1005: ',' expected.
server/debug_bulkCreateProductsWithAccounting.ts(7034,5): error TS1005: ',' expected.
server/debug_bulkCreateProductsWithAccounting.ts(7034,12): error TS1005: ':' expected.
server/debug_bulkCreateProductsWithAccounting.ts(7034,19): error TS1005: ',' expected.
server/debug_bulkCreateProductsWithAccounting.ts(7038,3): error TS1434: Unexpected keyword or identifier.
server/debug_bulkCreateProductsWithAccounting.ts(7038,30): error TS1005: ',' expected.
server/debug_bulkCreateProductsWithAccounting.ts(7038,44): error TS1005: ',' expected.
server/debug_bulkCreateProductsWithAccounting.ts(7038,74): error TS1005: ';' expected.
server/debug_bulkCreateProductsWithAccounting.ts(7039,11): error TS1005: ':' expected.
server/debug_bulkCreateProductsWithAccounting.ts(7039,107): error TS1005: ',' expected.
server/debug_bulkCreateProductsWithAccounting.ts(7040,12): error TS1005: ':' expected.
server/debug_bulkCreateProductsWithAccounting.ts(7040,32): error TS1005: ',' expected.
server/debug_bulkCreateProductsWithAccounting.ts(7043,3): error TS1434: Unexpected keyword or identifier.
server/debug_bulkCreateProductsWithAccounting.ts(7043,31): error TS1005: ',' expected.
server/debug_bulkCreateProductsWithAccounting.ts(7043,53): error TS1005: ',' expected.
server/debug_bulkCreateProductsWithAccounting.ts(7043,80): error TS1109: Expression expected.
server/debug_bulkCreateProductsWithAccounting.ts(7043,109): error TS1109: Expression expected.
server/debug_bulkCreateProductsWithAccounting.ts(7043,128): error TS1109: Expression expected.
server/debug_bulkCreateProductsWithAccounting.ts(7043,137): error TS1005: ';' expected.
server/debug_bulkCreateProductsWithAccounting.ts(7044,11): error TS1005: ':' expected.
server/debug_bulkCreateProductsWithAccounting.ts(7051,51): error TS1005: ',' expected.
server/debug_bulkCreateProductsWithAccounting.ts(7078,5): error TS1005: ',' expected.
server/debug_bulkCreateProductsWithAccounting.ts(7078,12): error TS1005: ':' expected.
server/debug_bulkCreateProductsWithAccounting.ts(7078,32): error TS1005: ',' expected.
server/debug_bulkCreateProductsWithAccounting.ts(7082,3): error TS1434: Unexpected keyword or identifier.
server/debug_bulkCreateProductsWithAccounting.ts(7082,30): error TS1005: ',' expected.
server/debug_bulkCreateProductsWithAccounting.ts(7082,48): error TS1005: ',' expected.
server/debug_bulkCreateProductsWithAccounting.ts(7082,57): error TS1005: ';' expected.
server/debug_bulkCreateProductsWithAccounting.ts(7083,11): error TS1005: ':' expected.
server/debug_bulkCreateProductsWithAccounting.ts(7086,51): error TS1005: ',' expected.
server/debug_bulkCreateProductsWithAccounting.ts(7087,12): error TS1005: ':' expected.
server/debug_bulkCreateProductsWithAccounting.ts(7087,32): error TS1005: ',' expected.
server/debug_bulkCreateProductsWithAccounting.ts(7091,3): error TS1434: Unexpected keyword or identifier.
server/debug_bulkCreateProductsWithAccounting.ts(7091,36): error TS1005: ',' expected.
server/debug_bulkCreateProductsWithAccounting.ts(7091,51): error TS1109: Expression expected.
server/debug_bulkCreateProductsWithAccounting.ts(7091,60): error TS1005: ';' expected.
server/debug_bulkCreateProductsWithAccounting.ts(7091,83): error TS1011: An element access expression should take an argument.
server/debug_bulkCreateProductsWithAccounting.ts(7092,11): error TS1005: ':' expected.
server/debug_bulkCreateProductsWithAccounting.ts(7092,57): error TS1005: ',' expected.
server/debug_bulkCreateProductsWithAccounting.ts(7093,12): error TS1005: ':' expected.
server/debug_bulkCreateProductsWithAccounting.ts(7094,97): error TS1005: ',' expected.
server/debug_bulkCreateProductsWithAccounting.ts(7097,3): error TS1434: Unexpected keyword or identifier.
server/debug_bulkCreateProductsWithAccounting.ts(7097,38): error TS1005: ',' expected.
server/debug_bulkCreateProductsWithAccounting.ts(7097,59): error TS1005: ',' expected.
server/debug_bulkCreateProductsWithAccounting.ts(7097,73): error TS1005: ',' expected.
server/debug_bulkCreateProductsWithAccounting.ts(7097,87): error TS1005: ',' expected.
server/debug_bulkCreateProductsWithAccounting.ts(7097,117): error TS1005: ';' expected.
server/debug_bulkCreateProductsWithAccounting.ts(7098,11): error TS1005: ':' expected.
server/debug_bulkCreateProductsWithAccounting.ts(7103,9): error TS1005: ',' expected.
server/debug_bulkCreateProductsWithAccounting.ts(7108,7): error TS1005: ',' expected.
server/debug_bulkCreateProductsWithAccounting.ts(7108,12): error TS1005: ':' expected.
server/debug_bulkCreateProductsWithAccounting.ts(7109,13): error TS1005: ':' expected.
server/debug_bulkCreateProductsWithAccounting.ts(7114,21): error TS1005: ',' expected.
server/debug_bulkCreateProductsWithAccounting.ts(7115,14): error TS1005: ':' expected.
server/debug_bulkCreateProductsWithAccounting.ts(7115,21): error TS1005: ',' expected.
server/debug_bulkCreateProductsWithAccounting.ts(7120,3): error TS1434: Unexpected keyword or identifier.
server/debug_bulkCreateProductsWithAccounting.ts(7120,43): error TS1109: Expression expected.
server/debug_bulkCreateProductsWithAccounting.ts(7120,52): error TS1005: ';' expected.
server/debug_bulkCreateProductsWithAccounting.ts(7120,80): error TS1011: An element access expression should take an argument.
server/debug_bulkCreateProductsWithAccounting.ts(7124,5): error TS1005: ',' expected.
server/debug_bulkCreateProductsWithAccounting.ts(7124,12): error TS1005: ':' expected.
server/debug_bulkCreateProductsWithAccounting.ts(7124,48): error TS1005: ',' expected.
server/debug_bulkCreateProductsWithAccounting.ts(7127,3): error TS1434: Unexpected keyword or identifier.
server/debug_bulkCreateProductsWithAccounting.ts(7127,37): error TS1005: ',' expected.
server/debug_bulkCreateProductsWithAccounting.ts(7127,63): error TS1005: ';' expected.
server/debug_bulkCreateProductsWithAccounting.ts(7128,11): error TS1005: ':' expected.
server/debug_bulkCreateProductsWithAccounting.ts(7128,84): error TS1005: ',' expected.
server/debug_bulkCreateProductsWithAccounting.ts(7129,12): error TS1005: ':' expected.
server/debug_bulkCreateProductsWithAccounting.ts(7129,20): error TS1005: ',' expected.
server/debug_bulkCreateProductsWithAccounting.ts(7132,3): error TS1434: Unexpected keyword or identifier.
server/debug_bulkCreateProductsWithAccounting.ts(7132,35): error TS1005: ',' expected.
server/debug_bulkCreateProductsWithAccounting.ts(7132,49): error TS1005: ',' expected.
server/debug_bulkCreateProductsWithAccounting.ts(7132,84): error TS1005: ';' expected.
server/debug_bulkCreateProductsWithAccounting.ts(7133,11): error TS1005: ':' expected.
server/debug_bulkCreateProductsWithAccounting.ts(7133,118): error TS1005: ',' expected.
server/debug_bulkCreateProductsWithAccounting.ts(7134,12): error TS1005: ':' expected.
server/debug_bulkCreateProductsWithAccounting.ts(7134,33): error TS1005: ',' expected.
server/debug_bulkCreateProductsWithAccounting.ts(7137,3): error TS1434: Unexpected keyword or identifier.
server/debug_bulkCreateProductsWithAccounting.ts(7137,35): error TS1005: ',' expected.
server/debug_bulkCreateProductsWithAccounting.ts(7137,44): error TS1005: ';' expected.
server/debug_bulkCreateProductsWithAccounting.ts(7137,58): error TS1109: Expression expected.
server/debug_bulkCreateProductsWithAccounting.ts(7138,11): error TS1005: ',' expected.
server/debug_bulkCreateProductsWithAccounting.ts(7138,13): error TS1005: ',' expected.
server/debug_bulkCreateProductsWithAccounting.ts(7138,77): error TS1005: ',' expected.
server/debug_bulkCreateProductsWithAccounting.ts(7142,3): error TS1434: Unexpected keyword or identifier.
server/debug_bulkCreateProductsWithAccounting.ts(7142,32): error TS1005: ';' expected.
server/debug_bulkCreateProductsWithAccounting.ts(7143,11): error TS1005: ':' expected.
server/debug_bulkCreateProductsWithAccounting.ts(7143,65): error TS1005: ',' expected.
server/debug_bulkCreateProductsWithAccounting.ts(7144,9): error TS1005: ',' expected.
server/debug_bulkCreateProductsWithAccounting.ts(7144,22): error TS1005: ',' expected.
server/debug_bulkCreateProductsWithAccounting.ts(7145,10): error TS1359: Identifier expected. 'const' is a reserved word that cannot be used here.
server/debug_bulkCreateProductsWithAccounting.ts(7145,16): error TS1005: ',' expected.
server/debug_bulkCreateProductsWithAccounting.ts(7145,24): error TS1005: ',' expected.
server/debug_bulkCreateProductsWithAccounting.ts(7145,27): error TS1005: ',' expected.
server/debug_bulkCreateProductsWithAccounting.ts(7149,5): error TS1005: ',' expected.
server/debug_bulkCreateProductsWithAccounting.ts(7149,11): error TS1005: ':' expected.
server/debug_bulkCreateProductsWithAccounting.ts(7149,59): error TS1005: ',' expected.
server/debug_bulkCreateProductsWithAccounting.ts(7150,10): error TS1359: Identifier expected. 'const' is a reserved word that cannot be used here.
server/debug_bulkCreateProductsWithAccounting.ts(7150,16): error TS1005: ',' expected.
server/debug_bulkCreateProductsWithAccounting.ts(7150,19): error TS1005: ',' expected.
server/debug_bulkCreateProductsWithAccounting.ts(7150,22): error TS1005: ',' expected.
server/debug_bulkCreateProductsWithAccounting.ts(7154,5): error TS1005: ',' expected.
server/debug_bulkCreateProductsWithAccounting.ts(7154,12): error TS1005: ':' expected.
server/debug_bulkCreateProductsWithAccounting.ts(7154,21): error TS1005: ',' expected.
server/debug_bulkCreateProductsWithAccounting.ts(7158,3): error TS1434: Unexpected keyword or identifier.
server/debug_bulkCreateProductsWithAccounting.ts(7158,44): error TS1005: ',' expected.
server/debug_bulkCreateProductsWithAccounting.ts(7158,53): error TS1005: ';' expected.
server/debug_bulkCreateProductsWithAccounting.ts(7159,11): error TS1005: ':' expected.
server/debug_bulkCreateProductsWithAccounting.ts(7159,101): error TS1005: ',' expected.
server/debug_bulkCreateProductsWithAccounting.ts(7160,12): error TS1005: ':' expected.
server/debug_bulkCreateProductsWithAccounting.ts(7160,54): error TS1005: ',' expected.
server/debug_bulkCreateProductsWithAccounting.ts(7164,3): error TS1434: Unexpected keyword or identifier.
server/debug_bulkCreateProductsWithAccounting.ts(7164,52): error TS1109: Expression expected.
server/debug_bulkCreateProductsWithAccounting.ts(7164,68): error TS1005: ';' expected.
server/debug_bulkCreateProductsWithAccounting.ts(7165,24): error TS1005: ',' expected.
server/debug_bulkCreateProductsWithAccounting.ts(7166,29): error TS1005: ',' expected.
server/debug_bulkCreateProductsWithAccounting.ts(7167,27): error TS1005: ',' expected.
server/debug_bulkCreateProductsWithAccounting.ts(7168,36): error TS1005: ',' expected.
server/debug_bulkCreateProductsWithAccounting.ts(7183,5): error TS1005: ',' expected.
server/debug_bulkCreateProductsWithAccounting.ts(7183,11): error TS1005: ':' expected.
server/debug_bulkCreateProductsWithAccounting.ts(7183,65): error TS1005: ',' expected.
server/debug_bulkCreateProductsWithAccounting.ts(7184,9): error TS1005: ',' expected.
server/debug_bulkCreateProductsWithAccounting.ts(7184,24): error TS1005: ',' expected.
server/debug_bulkCreateProductsWithAccounting.ts(7185,10): error TS1359: Identifier expected. 'const' is a reserved word that cannot be used here.
server/debug_bulkCreateProductsWithAccounting.ts(7185,16): error TS1005: ',' expected.
server/debug_bulkCreateProductsWithAccounting.ts(7185,24): error TS1005: ',' expected.
server/debug_bulkCreateProductsWithAccounting.ts(7185,27): error TS1005: ',' expected.
server/debug_bulkCreateProductsWithAccounting.ts(7189,5): error TS1005: ',' expected.
server/debug_bulkCreateProductsWithAccounting.ts(7189,11): error TS1005: ':' expected.
server/debug_bulkCreateProductsWithAccounting.ts(7189,59): error TS1005: ',' expected.
server/debug_bulkCreateProductsWithAccounting.ts(7190,9): error TS1005: ',' expected.
server/debug_bulkCreateProductsWithAccounting.ts(7190,29): error TS1005: ',' expected.
server/debug_bulkCreateProductsWithAccounting.ts(7191,10): error TS1359: Identifier expected. 'const' is a reserved word that cannot be used here.
server/debug_bulkCreateProductsWithAccounting.ts(7191,16): error TS1005: ',' expected.
server/debug_bulkCreateProductsWithAccounting.ts(7191,19): error TS1005: ',' expected.
server/debug_bulkCreateProductsWithAccounting.ts(7191,22): error TS1005: ',' expected.
server/debug_bulkCreateProductsWithAccounting.ts(7195,5): error TS1005: ',' expected.
server/debug_bulkCreateProductsWithAccounting.ts(7195,12): error TS1005: ':' expected.
server/debug_bulkCreateProductsWithAccounting.ts(7199,6): error TS1005: ',' expected.
server/debug_bulkCreateProductsWithAccounting.ts(7220,3): error TS1434: Unexpected keyword or identifier.
server/debug_bulkCreateProductsWithAccounting.ts(7221,11): error TS1005: ',' expected.
server/debug_bulkCreateProductsWithAccounting.ts(7222,19): error TS1109: Expression expected.
server/debug_bulkCreateProductsWithAccounting.ts(7223,20): error TS1005: ',' expected.
server/debug_bulkCreateProductsWithAccounting.ts(7224,4): error TS1005: ';' expected.
server/debug_bulkCreateProductsWithAccounting.ts(7225,19): error TS1005: ',' expected.
server/debug_bulkCreateProductsWithAccounting.ts(7226,29): error TS1005: ',' expected.
server/debug_bulkCreateProductsWithAccounting.ts(7227,24): error TS1005: ',' expected.
server/debug_bulkCreateProductsWithAccounting.ts(7228,29): error TS1005: ',' expected.
server/debug_bulkCreateProductsWithAccounting.ts(7254,5): error TS1005: ',' expected.
server/debug_bulkCreateProductsWithAccounting.ts(7254,11): error TS1005: ':' expected.
server/debug_bulkCreateProductsWithAccounting.ts(7254,64): error TS1005: ',' expected.
server/debug_bulkCreateProductsWithAccounting.ts(7256,16): error TS1005: ',' expected.
server/debug_bulkCreateProductsWithAccounting.ts(7256,42): error TS1005: ';' expected.
server/debug_bulkCreateProductsWithAccounting.ts(7272,3): error TS1128: Declaration or statement expected.
server/debug_bulkCreateProductsWithAccounting.ts(7278,3): error TS1434: Unexpected keyword or identifier.
server/debug_bulkCreateProductsWithAccounting.ts(7279,11): error TS1005: ',' expected.
server/debug_bulkCreateProductsWithAccounting.ts(7280,19): error TS1109: Expression expected.
server/debug_bulkCreateProductsWithAccounting.ts(7281,20): error TS1005: ',' expected.
server/debug_bulkCreateProductsWithAccounting.ts(7282,4): error TS1005: ';' expected.
server/debug_bulkCreateProductsWithAccounting.ts(7282,18): error TS1109: Expression expected.
server/debug_bulkCreateProductsWithAccounting.ts(7283,16): error TS1005: ',' expected.
server/debug_bulkCreateProductsWithAccounting.ts(7283,20): error TS1005: ';' expected.
server/debug_bulkCreateProductsWithAccounting.ts(7289,3): error TS1128: Declaration or statement expected.
server/debug_bulkCreateProductsWithAccounting.ts(7292,3): error TS1434: Unexpected keyword or identifier.
server/debug_bulkCreateProductsWithAccounting.ts(7292,43): error TS1005: ',' expected.
server/debug_bulkCreateProductsWithAccounting.ts(7292,52): error TS1005: ';' expected.
server/debug_bulkCreateProductsWithAccounting.ts(7292,78): error TS1005: ',' expected.
server/debug_bulkCreateProductsWithAccounting.ts(7292,101): error TS1005: ',' expected.
server/debug_bulkCreateProductsWithAccounting.ts(7293,11): error TS1005: ':' expected.
server/debug_bulkCreateProductsWithAccounting.ts(7293,85): error TS1005: ',' expected.
server/debug_bulkCreateProductsWithAccounting.ts(7294,12): error TS1005: ':' expected.
server/debug_bulkCreateProductsWithAccounting.ts(7298,6): error TS1005: ',' expected.
server/debug_bulkCreateProductsWithAccounting.ts(7302,3): error TS1434: Unexpected keyword or identifier.
server/debug_bulkCreateProductsWithAccounting.ts(7302,38): error TS1005: ',' expected.
server/debug_bulkCreateProductsWithAccounting.ts(7302,52): error TS1005: ',' expected.
server/debug_bulkCreateProductsWithAccounting.ts(7302,61): error TS1005: ';' expected.
server/debug_bulkCreateProductsWithAccounting.ts(7302,85): error TS1011: An element access expression should take an argument.
server/debug_bulkCreateProductsWithAccounting.ts(7303,11): error TS1005: ':' expected.
server/debug_bulkCreateProductsWithAccounting.ts(7303,97): error TS1005: ',' expected.
server/debug_bulkCreateProductsWithAccounting.ts(7304,11): error TS1005: ':' expected.
server/debug_bulkCreateProductsWithAccounting.ts(7304,28): error TS1005: ',' expected.
server/debug_bulkCreateProductsWithAccounting.ts(7304,43): error TS1005: ',' expected.
server/debug_bulkCreateProductsWithAccounting.ts(7304,44): error TS1109: Expression expected.
server/debug_bulkCreateProductsWithAccounting.ts(7304,46): error TS1005: ':' expected.
server/debug_bulkCreateProductsWithAccounting.ts(7304,50): error TS1005: ',' expected.
server/debug_bulkCreateProductsWithAccounting.ts(7306,10): error TS1359: Identifier expected. 'const' is a reserved word that cannot be used here.
server/debug_bulkCreateProductsWithAccounting.ts(7306,16): error TS1005: ',' expected.
server/debug_bulkCreateProductsWithAccounting.ts(7306,25): error TS1005: ',' expected.
server/debug_bulkCreateProductsWithAccounting.ts(7306,28): error TS1005: ',' expected.
server/debug_bulkCreateProductsWithAccounting.ts(7335,5): error TS1005: ',' expected.
server/debug_bulkCreateProductsWithAccounting.ts(7335,12): error TS1005: ':' expected.
server/debug_bulkCreateProductsWithAccounting.ts(7335,29): error TS1005: ',' expected.
server/debug_bulkCreateProductsWithAccounting.ts(7339,3): error TS1434: Unexpected keyword or identifier.
server/debug_bulkCreateProductsWithAccounting.ts(7339,39): error TS1005: ',' expected.
server/debug_bulkCreateProductsWithAccounting.ts(7339,62): error TS1005: ',' expected.
server/debug_bulkCreateProductsWithAccounting.ts(7339,71): error TS1005: ';' expected.
server/debug_bulkCreateProductsWithAccounting.ts(7340,12): error TS1005: ':' expected.
server/debug_bulkCreateProductsWithAccounting.ts(7400,7): error TS1005: ',' expected.
server/debug_bulkCreateProductsWithAccounting.ts(7404,3): error TS1434: Unexpected keyword or identifier.
server/debug_bulkCreateProductsWithAccounting.ts(7404,40): error TS1005: ',' expected.
server/debug_bulkCreateProductsWithAccounting.ts(7404,56): error TS1005: ',' expected.
server/debug_bulkCreateProductsWithAccounting.ts(7404,79): error TS1005: ',' expected.
server/debug_bulkCreateProductsWithAccounting.ts(7404,95): error TS1109: Expression expected.
server/debug_bulkCreateProductsWithAccounting.ts(7404,104): error TS1005: ';' expected.
server/debug_bulkCreateProductsWithAccounting.ts(7405,12): error TS1005: ':' expected.
server/debug_bulkCreateProductsWithAccounting.ts(7436,7): error TS1005: ',' expected.
server/debug_bulkCreateProductsWithAccounting.ts(7440,3): error TS1434: Unexpected keyword or identifier.
server/debug_bulkCreateProductsWithAccounting.ts(7440,34): error TS1109: Expression expected.
server/debug_bulkCreateProductsWithAccounting.ts(7440,56): error TS1005: ',' expected.
server/debug_bulkCreateProductsWithAccounting.ts(7440,78): error TS1005: ',' expected.
server/debug_bulkCreateProductsWithAccounting.ts(7440,95): error TS1005: ',' expected.
server/debug_bulkCreateProductsWithAccounting.ts(7440,112): error TS1005: ',' expected.
server/debug_bulkCreateProductsWithAccounting.ts(7440,135): error TS1005: ',' expected.
server/debug_bulkCreateProductsWithAccounting.ts(7440,159): error TS1005: ';' expected.
server/debug_bulkCreateProductsWithAccounting.ts(7440,173): error TS1011: An element access expression should take an argument.
server/debug_bulkCreateProductsWithAccounting.ts(7441,9): error TS1005: ',' expected.
server/debug_bulkCreateProductsWithAccounting.ts(7441,24): error TS1005: ',' expected.
server/debug_bulkCreateProductsWithAccounting.ts(7442,16): error TS1005: ',' expected.
server/debug_bulkCreateProductsWithAccounting.ts(7445,5): error TS1005: ',' expected.
server/debug_bulkCreateProductsWithAccounting.ts(7445,16): error TS1005: ',' expected.
server/debug_bulkCreateProductsWithAccounting.ts(7448,5): error TS1005: ',' expected.
server/debug_bulkCreateProductsWithAccounting.ts(7448,16): error TS1005: ',' expected.
server/debug_bulkCreateProductsWithAccounting.ts(7451,5): error TS1005: ',' expected.
server/debug_bulkCreateProductsWithAccounting.ts(7451,16): error TS1005: ',' expected.
server/debug_bulkCreateProductsWithAccounting.ts(7454,5): error TS1005: ',' expected.
server/debug_bulkCreateProductsWithAccounting.ts(7454,16): error TS1005: ',' expected.
server/debug_bulkCreateProductsWithAccounting.ts(7459,5): error TS1005: ',' expected.
server/debug_bulkCreateProductsWithAccounting.ts(7459,11): error TS1005: ':' expected.
server/debug_bulkCreateProductsWithAccounting.ts(7484,83): error TS1005: ',' expected.
server/debug_bulkCreateProductsWithAccounting.ts(7486,19): error TS1005: ',' expected.
server/debug_bulkCreateProductsWithAccounting.ts(7486,30): error TS1005: ',' expected.
server/debug_bulkCreateProductsWithAccounting.ts(7486,32): error TS1136: Property assignment expected.
server/debug_bulkCreateProductsWithAccounting.ts(7490,3): error TS1128: Declaration or statement expected.
server/debug_bulkCreateProductsWithAccounting.ts(7492,3): error TS1434: Unexpected keyword or identifier.
server/debug_bulkCreateProductsWithAccounting.ts(7492,27): error TS1005: ',' expected.
server/debug_bulkCreateProductsWithAccounting.ts(7492,36): error TS1005: ';' expected.
server/debug_bulkCreateProductsWithAccounting.ts(7493,11): error TS1005: ':' expected.
server/debug_bulkCreateProductsWithAccounting.ts(7493,91): error TS1005: ',' expected.
server/debug_bulkCreateProductsWithAccounting.ts(7494,12): error TS1005: ':' expected.
server/debug_bulkCreateProductsWithAccounting.ts(7494,31): error TS1005: ',' expected.
server/debug_bulkCreateProductsWithAccounting.ts(7497,3): error TS1434: Unexpected keyword or identifier.
server/debug_bulkCreateProductsWithAccounting.ts(7497,44): error TS1005: ',' expected.
server/debug_bulkCreateProductsWithAccounting.ts(7497,53): error TS1005: ';' expected.
server/debug_bulkCreateProductsWithAccounting.ts(7498,11): error TS1005: ':' expected.
server/debug_bulkCreateProductsWithAccounting.ts(7498,111): error TS1005: ',' expected.
server/debug_bulkCreateProductsWithAccounting.ts(7499,12): error TS1005: ':' expected.
server/debug_bulkCreateProductsWithAccounting.ts(7499,31): error TS1005: ',' expected.
server/debug_bulkCreateProductsWithAccounting.ts(7502,3): error TS1434: Unexpected keyword or identifier.
server/debug_bulkCreateProductsWithAccounting.ts(7502,36): error TS1005: ',' expected.
server/debug_bulkCreateProductsWithAccounting.ts(7502,57): error TS1011: An element access expression should take an argument.
server/debug_bulkCreateProductsWithAccounting.ts(7502,59): error TS1005: ';' expected.
server/debug_bulkCreateProductsWithAccounting.ts(7502,82): error TS1011: An element access expression should take an argument.
server/debug_bulkCreateProductsWithAccounting.ts(7503,16): error TS1005: ',' expected.
server/debug_bulkCreateProductsWithAccounting.ts(7503,29): error TS1005: ',' expected.
server/debug_bulkCreateProductsWithAccounting.ts(7503,38): error TS1005: ':' expected.
server/debug_bulkCreateProductsWithAccounting.ts(7503,40): error TS1005: ',' expected.
server/debug_bulkCreateProductsWithAccounting.ts(7504,11): error TS1005: ':' expected.
server/debug_bulkCreateProductsWithAccounting.ts(7504,79): error TS1005: ',' expected.
server/debug_bulkCreateProductsWithAccounting.ts(7505,12): error TS1005: ':' expected.
server/debug_bulkCreateProductsWithAccounting.ts(7505,19): error TS1005: ',' expected.
server/debug_bulkCreateProductsWithAccounting.ts(7508,3): error TS1434: Unexpected keyword or identifier.
server/debug_bulkCreateProductsWithAccounting.ts(7508,30): error TS1005: ',' expected.
server/debug_bulkCreateProductsWithAccounting.ts(7508,44): error TS1005: ',' expected.
server/debug_bulkCreateProductsWithAccounting.ts(7508,69): error TS1005: ',' expected.
server/debug_bulkCreateProductsWithAccounting.ts(7508,89): error TS1005: ',' expected.
server/debug_bulkCreateProductsWithAccounting.ts(7508,112): error TS1005: ',' expected.
server/debug_bulkCreateProductsWithAccounting.ts(7508,141): error TS1005: ',' expected.
server/debug_bulkCreateProductsWithAccounting.ts(7508,162): error TS1005: ';' expected.
server/debug_bulkCreateProductsWithAccounting.ts(7509,11): error TS1005: ':' expected.
server/debug_bulkCreateProductsWithAccounting.ts(7509,106): error TS1005: ',' expected.
server/debug_bulkCreateProductsWithAccounting.ts(7510,12): error TS1005: ':' expected.
server/debug_bulkCreateProductsWithAccounting.ts(7510,31): error TS1005: ',' expected.
server/debug_bulkCreateProductsWithAccounting.ts(7513,3): error TS1434: Unexpected keyword or identifier.
server/debug_bulkCreateProductsWithAccounting.ts(7513,36): error TS1005: ',' expected.
server/debug_bulkCreateProductsWithAccounting.ts(7513,52): error TS1005: ',' expected.
server/debug_bulkCreateProductsWithAccounting.ts(7513,77): error TS1109: Expression expected.
server/debug_bulkCreateProductsWithAccounting.ts(7513,96): error TS1005: ',' expected.
server/debug_bulkCreateProductsWithAccounting.ts(7513,117): error TS1005: ',' expected.
server/debug_bulkCreateProductsWithAccounting.ts(7513,132): error TS1005: ',' expected.
server/debug_bulkCreateProductsWithAccounting.ts(7513,151): error TS1005: ',' expected.
server/debug_bulkCreateProductsWithAccounting.ts(7513,173): error TS1005: ';' expected.
server/debug_bulkCreateProductsWithAccounting.ts(7514,11): error TS1005: ':' expected.
server/debug_bulkCreateProductsWithAccounting.ts(7514,21): error TS1005: ',' expected.
server/debug_bulkCreateProductsWithAccounting.ts(7514,62): error TS1005: ',' expected.
server/debug_bulkCreateProductsWithAccounting.ts(7515,23): error TS1005: ',' expected.
server/debug_bulkCreateProductsWithAccounting.ts(7515,33): error TS1005: '{' expected.
server/debug_bulkCreateProductsWithAccounting.ts(7515,43): error TS1005: ',' expected.
server/debug_bulkCreateProductsWithAccounting.ts(7515,74): error TS1005: ',' expected.
server/debug_bulkCreateProductsWithAccounting.ts(7516,23): error TS1005: ',' expected.
server/debug_bulkCreateProductsWithAccounting.ts(7516,37): error TS1005: '{' expected.
server/debug_bulkCreateProductsWithAccounting.ts(7516,47): error TS1005: ',' expected.
server/debug_bulkCreateProductsWithAccounting.ts(7516,86): error TS1005: ',' expected.
server/debug_bulkCreateProductsWithAccounting.ts(7517,23): error TS1005: ',' expected.
server/debug_bulkCreateProductsWithAccounting.ts(7517,33): error TS1005: '{' expected.
server/debug_bulkCreateProductsWithAccounting.ts(7517,43): error TS1005: ',' expected.
server/debug_bulkCreateProductsWithAccounting.ts(7517,74): error TS1005: ',' expected.
server/debug_bulkCreateProductsWithAccounting.ts(7518,23): error TS1005: ',' expected.
server/debug_bulkCreateProductsWithAccounting.ts(7518,37): error TS1005: '{' expected.
server/debug_bulkCreateProductsWithAccounting.ts(7518,47): error TS1005: ',' expected.
server/debug_bulkCreateProductsWithAccounting.ts(7518,86): error TS1005: ',' expected.
server/debug_bulkCreateProductsWithAccounting.ts(7519,23): error TS1005: ',' expected.
server/debug_bulkCreateProductsWithAccounting.ts(7519,37): error TS1005: '{' expected.
server/debug_bulkCreateProductsWithAccounting.ts(7519,47): error TS1005: ',' expected.
server/debug_bulkCreateProductsWithAccounting.ts(7519,86): error TS1005: ',' expected.
server/debug_bulkCreateProductsWithAccounting.ts(7521,11): error TS1005: ':' expected.
server/debug_bulkCreateProductsWithAccounting.ts(7521,112): error TS1005: ',' expected.
server/debug_bulkCreateProductsWithAccounting.ts(7522,12): error TS1005: ':' expected.
server/debug_bulkCreateProductsWithAccounting.ts(7522,31): error TS1005: ',' expected.
server/debug_bulkCreateProductsWithAccounting.ts(7526,3): error TS1434: Unexpected keyword or identifier.
server/debug_bulkCreateProductsWithAccounting.ts(7526,39): error TS1109: Expression expected.
server/debug_bulkCreateProductsWithAccounting.ts(7526,55): error TS1109: Expression expected.
server/debug_bulkCreateProductsWithAccounting.ts(7526,81): error TS1005: ',' expected.
server/debug_bulkCreateProductsWithAccounting.ts(7526,117): error TS1005: ';' expected.
server/debug_bulkCreateProductsWithAccounting.ts(7526,142): error TS1011: An element access expression should take an argument.
server/debug_bulkCreateProductsWithAccounting.ts(7527,11): error TS1005: ':' expected.
server/debug_bulkCreateProductsWithAccounting.ts(7527,26): error TS1005: ',' expected.
server/debug_bulkCreateProductsWithAccounting.ts(7531,5): error TS1005: ',' expected.
server/debug_bulkCreateProductsWithAccounting.ts(7531,14): error TS1005: ',' expected.
server/debug_bulkCreateProductsWithAccounting.ts(7534,5): error TS1005: ',' expected.
server/debug_bulkCreateProductsWithAccounting.ts(7534,14): error TS1005: ',' expected.
server/debug_bulkCreateProductsWithAccounting.ts(7537,5): error TS1005: ',' expected.
server/debug_bulkCreateProductsWithAccounting.ts(7537,19): error TS1005: ',' expected.
server/debug_bulkCreateProductsWithAccounting.ts(7537,30): error TS1005: ',' expected.
server/debug_bulkCreateProductsWithAccounting.ts(7537,32): error TS1136: Property assignment expected.
server/debug_bulkCreateProductsWithAccounting.ts(7541,3): error TS1128: Declaration or statement expected.
server/debug_bulkCreateProductsWithAccounting.ts(7543,3): error TS1434: Unexpected keyword or identifier.
server/debug_bulkCreateProductsWithAccounting.ts(7543,48): error TS1005: ',' expected.
server/debug_bulkCreateProductsWithAccounting.ts(7543,57): error TS1005: ';' expected.
server/debug_bulkCreateProductsWithAccounting.ts(7543,82): error TS1011: An element access expression should take an argument.
server/debug_bulkCreateProductsWithAccounting.ts(7544,12): error TS1005: ':' expected.
server/debug_bulkCreateProductsWithAccounting.ts(7544,137): error TS1005: ',' expected.
server/debug_bulkCreateProductsWithAccounting.ts(7547,3): error TS1434: Unexpected keyword or identifier.
server/debug_bulkCreateProductsWithAccounting.ts(7547,29): error TS1005: ',' expected.
server/debug_bulkCreateProductsWithAccounting.ts(7547,38): error TS1005: ';' expected.
server/debug_bulkCreateProductsWithAccounting.ts(7548,11): error TS1005: ':' expected.
server/debug_bulkCreateProductsWithAccounting.ts(7548,95): error TS1005: ',' expected.
server/debug_bulkCreateProductsWithAccounting.ts(7549,12): error TS1005: ':' expected.
server/debug_bulkCreateProductsWithAccounting.ts(7549,31): error TS1005: ',' expected.
server/debug_bulkCreateProductsWithAccounting.ts(7552,3): error TS1434: Unexpected keyword or identifier.
server/debug_bulkCreateProductsWithAccounting.ts(7552,40): error TS1005: ',' expected.
server/debug_bulkCreateProductsWithAccounting.ts(7552,49): error TS1005: ';' expected.
server/debug_bulkCreateProductsWithAccounting.ts(7552,107): error TS1011: An element access expression should take an argument.
server/debug_bulkCreateProductsWithAccounting.ts(7553,11): error TS1005: ':' expected.
server/debug_bulkCreateProductsWithAccounting.ts(7553,112): error TS1005: ',' expected.
server/debug_bulkCreateProductsWithAccounting.ts(7554,11): error TS1005: ':' expected.
server/debug_bulkCreateProductsWithAccounting.ts(7559,6): error TS1005: ',' expected.
server/debug_bulkCreateProductsWithAccounting.ts(7560,12): error TS1005: ':' expected.
server/debug_bulkCreateProductsWithAccounting.ts(7560,29): error TS1005: ',' expected.
server/debug_bulkCreateProductsWithAccounting.ts(7563,3): error TS1434: Unexpected keyword or identifier.
server/debug_bulkCreateProductsWithAccounting.ts(7563,34): error TS1005: ',' expected.
server/debug_bulkCreateProductsWithAccounting.ts(7563,93): error TS1011: An element access expression should take an argument.
server/debug_bulkCreateProductsWithAccounting.ts(7563,97): error TS1005: ';' expected.
server/debug_bulkCreateProductsWithAccounting.ts(7564,11): error TS1005: ':' expected.
server/debug_bulkCreateProductsWithAccounting.ts(7564,42): error TS1005: ',' expected.
server/debug_bulkCreateProductsWithAccounting.ts(7565,11): error TS1005: ':' expected.
server/debug_bulkCreateProductsWithAccounting.ts(7565,56): error TS1005: ',' expected.
server/debug_bulkCreateProductsWithAccounting.ts(7567,12): error TS1005: ':' expected.
server/debug_bulkCreateProductsWithAccounting.ts(8199,7): error TS1005: ',' expected.
server/debug_bulkCreateProductsWithAccounting.ts(8203,3): error TS1434: Unexpected keyword or identifier.
server/debug_bulkCreateProductsWithAccounting.ts(8203,37): error TS1005: ',' expected.
server/debug_bulkCreateProductsWithAccounting.ts(8203,54): error TS1109: Expression expected.
server/debug_bulkCreateProductsWithAccounting.ts(8203,63): error TS1005: ';' expected.
server/debug_bulkCreateProductsWithAccounting.ts(8204,11): error TS1005: ':' expected.
server/debug_bulkCreateProductsWithAccounting.ts(8204,68): error TS1005: ',' expected.
server/debug_bulkCreateProductsWithAccounting.ts(8205,17): error TS1005: '{' expected.
server/debug_bulkCreateProductsWithAccounting.ts(8205,27): error TS1005: ',' expected.
server/debug_bulkCreateProductsWithAccounting.ts(8205,68): error TS1005: ',' expected.
server/debug_bulkCreateProductsWithAccounting.ts(8206,11): error TS1005: ':' expected.
server/debug_bulkCreateProductsWithAccounting.ts(8206,87): error TS1005: ',' expected.
server/debug_bulkCreateProductsWithAccounting.ts(8207,12): error TS1005: ':' expected.
server/debug_bulkCreateProductsWithAccounting.ts(8207,31): error TS1005: ',' expected.
server/debug_bulkCreateProductsWithAccounting.ts(8210,3): error TS1434: Unexpected keyword or identifier.
server/debug_bulkCreateProductsWithAccounting.ts(8210,38): error TS1109: Expression expected.
server/debug_bulkCreateProductsWithAccounting.ts(8210,47): error TS1005: ';' expected.
server/debug_bulkCreateProductsWithAccounting.ts(8210,83): error TS1005: ',' expected.
server/debug_bulkCreateProductsWithAccounting.ts(8210,105): error TS1005: ',' expected.
server/debug_bulkCreateProductsWithAccounting.ts(8212,11): error TS1005: ':' expected.
server/debug_bulkCreateProductsWithAccounting.ts(8212,26): error TS1005: ',' expected.
server/debug_bulkCreateProductsWithAccounting.ts(8217,5): error TS1005: ',' expected.
server/debug_bulkCreateProductsWithAccounting.ts(8217,11): error TS1005: ':' expected.
server/debug_bulkCreateProductsWithAccounting.ts(8219,48): error TS1005: ',' expected.
server/debug_bulkCreateProductsWithAccounting.ts(8221,11): error TS1005: ':' expected.
server/debug_bulkCreateProductsWithAccounting.ts(8221,22): error TS1005: ',' expected.
server/debug_bulkCreateProductsWithAccounting.ts(8222,10): error TS1359: Identifier expected. 'const' is a reserved word that cannot be used here.
server/debug_bulkCreateProductsWithAccounting.ts(8222,16): error TS1005: ',' expected.
server/debug_bulkCreateProductsWithAccounting.ts(8222,23): error TS1005: ',' expected.
server/debug_bulkCreateProductsWithAccounting.ts(8222,26): error TS1005: ',' expected.
server/debug_bulkCreateProductsWithAccounting.ts(8232,5): error TS1005: ',' expected.
server/debug_bulkCreateProductsWithAccounting.ts(8232,12): error TS1005: ':' expected.
server/debug_bulkCreateProductsWithAccounting.ts(8232,18): error TS1005: ',' expected.
server/debug_bulkCreateProductsWithAccounting.ts(8235,3): error TS1434: Unexpected keyword or identifier.
server/debug_bulkCreateProductsWithAccounting.ts(8235,40): error TS1005: ',' expected.
server/debug_bulkCreateProductsWithAccounting.ts(8235,56): error TS1005: ',' expected.
server/debug_bulkCreateProductsWithAccounting.ts(8235,73): error TS1109: Expression expected.
server/debug_bulkCreateProductsWithAccounting.ts(8235,82): error TS1005: ';' expected.
server/debug_bulkCreateProductsWithAccounting.ts(8236,11): error TS1005: ':' expected.
server/debug_bulkCreateProductsWithAccounting.ts(8236,70): error TS1005: ',' expected.
server/debug_bulkCreateProductsWithAccounting.ts(8245,7): error TS1005: ',' expected.
server/debug_bulkCreateProductsWithAccounting.ts(8245,12): error TS1005: ':' expected.
server/debug_bulkCreateProductsWithAccounting.ts(8246,13): error TS1005: ':' expected.
server/debug_bulkCreateProductsWithAccounting.ts(8250,21): error TS1005: ',' expected.
server/debug_bulkCreateProductsWithAccounting.ts(8251,14): error TS1005: ':' expected.
server/debug_bulkCreateProductsWithAccounting.ts(8251,21): error TS1005: ',' expected.
server/debug_bulkCreateProductsWithAccounting.ts(8255,3): error TS1434: Unexpected keyword or identifier.
server/debug_bulkCreateProductsWithAccounting.ts(8255,49): error TS1005: ',' expected.
server/debug_bulkCreateProductsWithAccounting.ts(8255,66): error TS1109: Expression expected.
server/debug_bulkCreateProductsWithAccounting.ts(8255,75): error TS1005: ';' expected.
server/debug_bulkCreateProductsWithAccounting.ts(8255,111): error TS1011: An element access expression should take an argument.
server/debug_bulkCreateProductsWithAccounting.ts(8256,11): error TS1005: ':' expected.
server/debug_bulkCreateProductsWithAccounting.ts(8256,79): error TS1005: ',' expected.
server/debug_bulkCreateProductsWithAccounting.ts(8260,5): error TS1005: ',' expected.
server/debug_bulkCreateProductsWithAccounting.ts(8260,12): error TS1005: ':' expected.
server/debug_bulkCreateProductsWithAccounting.ts(8262,59): error TS1005: ',' expected.
server/debug_bulkCreateProductsWithAccounting.ts(8265,3): error TS1434: Unexpected keyword or identifier.
server/debug_bulkCreateProductsWithAccounting.ts(8265,45): error TS1005: ',' expected.
server/debug_bulkCreateProductsWithAccounting.ts(8265,79): error TS1005: ';' expected.
server/debug_bulkCreateProductsWithAccounting.ts(8266,11): error TS1005: ':' expected.
server/debug_bulkCreateProductsWithAccounting.ts(8266,91): error TS1005: ',' expected.
server/debug_bulkCreateProductsWithAccounting.ts(8267,12): error TS1005: ':' expected.
server/debug_bulkCreateProductsWithAccounting.ts(8267,19): error TS1005: ',' expected.
server/debug_bulkCreateProductsWithAccounting.ts(8270,3): error TS1434: Unexpected keyword or identifier.
server/debug_bulkCreateProductsWithAccounting.ts(8270,44): error TS1005: ',' expected.
server/debug_bulkCreateProductsWithAccounting.ts(8270,53): error TS1005: ';' expected.
server/debug_bulkCreateProductsWithAccounting.ts(8270,67): error TS1011: An element access expression should take an argument.
server/debug_bulkCreateProductsWithAccounting.ts(8271,11): error TS1005: ':' expected.
server/debug_bulkCreateProductsWithAccounting.ts(8273,48): error TS1005: ',' expected.
server/debug_bulkCreateProductsWithAccounting.ts(8274,12): error TS1005: ':' expected.
server/debug_bulkCreateProductsWithAccounting.ts(8274,19): error TS1005: ',' expected.
server/debug_bulkCreateProductsWithAccounting.ts(8277,3): error TS1434: Unexpected keyword or identifier.
server/debug_bulkCreateProductsWithAccounting.ts(8277,41): error TS1005: ',' expected.
server/debug_bulkCreateProductsWithAccounting.ts(8277,57): error TS1005: ',' expected.
server/debug_bulkCreateProductsWithAccounting.ts(8277,80): error TS1005: ',' expected.
server/debug_bulkCreateProductsWithAccounting.ts(8277,96): error TS1109: Expression expected.
server/debug_bulkCreateProductsWithAccounting.ts(8277,112): error TS1109: Expression expected.
server/debug_bulkCreateProductsWithAccounting.ts(8277,131): error TS1005: ',' expected.
server/debug_bulkCreateProductsWithAccounting.ts(8277,153): error TS1005: ';' expected.
server/debug_bulkCreateProductsWithAccounting.ts(8278,16): error TS1005: ',' expected.
server/debug_bulkCreateProductsWithAccounting.ts(8278,20): error TS1005: ';' expected.
server/debug_bulkCreateProductsWithAccounting.ts(8396,3): error TS1128: Declaration or statement expected.
server/debug_bulkCreateProductsWithAccounting.ts(8399,3): error TS1434: Unexpected keyword or identifier.
server/debug_bulkCreateProductsWithAccounting.ts(8399,41): error TS1005: ',' expected.
server/debug_bulkCreateProductsWithAccounting.ts(8399,50): error TS1005: ';' expected.
server/debug_bulkCreateProductsWithAccounting.ts(8399,64): error TS1011: An element access expression should take an argument.
server/debug_bulkCreateProductsWithAccounting.ts(8400,11): error TS1005: ':' expected.
server/debug_bulkCreateProductsWithAccounting.ts(8403,45): error TS1005: ',' expected.
server/debug_bulkCreateProductsWithAccounting.ts(8405,11): error TS1005: ':' expected.
server/debug_bulkCreateProductsWithAccounting.ts(8405,28): error TS1005: ',' expected.
server/debug_bulkCreateProductsWithAccounting.ts(8406,10): error TS1359: Identifier expected. 'const' is a reserved word that cannot be used here.
server/debug_bulkCreateProductsWithAccounting.ts(8406,16): error TS1005: ',' expected.
server/debug_bulkCreateProductsWithAccounting.ts(8406,25): error TS1005: ',' expected.
server/debug_bulkCreateProductsWithAccounting.ts(8406,28): error TS1005: ',' expected.
server/debug_bulkCreateProductsWithAccounting.ts(8491,5): error TS1005: ',' expected.
server/debug_bulkCreateProductsWithAccounting.ts(8491,12): error TS1005: ':' expected.
server/debug_bulkCreateProductsWithAccounting.ts(8491,24): error TS1005: ',' expected.
server/debug_bulkCreateProductsWithAccounting.ts(8494,3): error TS1434: Unexpected keyword or identifier.
server/debug_bulkCreateProductsWithAccounting.ts(8494,50): error TS1005: ',' expected.
server/debug_bulkCreateProductsWithAccounting.ts(8494,59): error TS1005: ';' expected.
server/debug_bulkCreateProductsWithAccounting.ts(8494,82): error TS1011: An element access expression should take an argument.
server/debug_bulkCreateProductsWithAccounting.ts(8495,12): error TS1005: ':' expected.
server/debug_bulkCreateProductsWithAccounting.ts(8500,48): error TS1005: ',' expected.
server/debug_bulkCreateProductsWithAccounting.ts(8504,3): error TS1128: Declaration or statement expected.
server/debug_bulkCreateProductsWithAccounting.ts(8504,11): error TS1434: Unexpected keyword or identifier.
server/debug_bulkCreateProductsWithAccounting.ts(8504,38): error TS1005: ',' expected.
server/debug_bulkCreateProductsWithAccounting.ts(8504,54): error TS1005: ',' expected.
server/debug_bulkCreateProductsWithAccounting.ts(8504,63): error TS1005: ';' expected.
server/debug_bulkCreateProductsWithAccounting.ts(8505,11): error TS1005: ':' expected.
server/debug_bulkCreateProductsWithAccounting.ts(8510,6): error TS1005: ',' expected.
server/debug_bulkCreateProductsWithAccounting.ts(8511,12): error TS1005: ':' expected.
server/debug_bulkCreateProductsWithAccounting.ts(8511,32): error TS1005: ',' expected.
server/debug_bulkCreateProductsWithAccounting.ts(8516,3): error TS1128: Declaration or statement expected.
server/debug_bulkCreateProductsWithAccounting.ts(8516,11): error TS1434: Unexpected keyword or identifier.
server/debug_bulkCreateProductsWithAccounting.ts(8517,7): error TS1005: ',' expected.
server/debug_bulkCreateProductsWithAccounting.ts(8518,9): error TS1005: ',' expected.
server/debug_bulkCreateProductsWithAccounting.ts(8519,25): error TS1005: ',' expected.
server/debug_bulkCreateProductsWithAccounting.ts(8520,23): error TS1005: ',' expected.
server/debug_bulkCreateProductsWithAccounting.ts(8521,24): error TS1005: ',' expected.
server/debug_bulkCreateProductsWithAccounting.ts(8522,26): error TS1005: ',' expected.
server/debug_bulkCreateProductsWithAccounting.ts(8523,21): error TS1005: ',' expected.
server/debug_bulkCreateProductsWithAccounting.ts(8524,23): error TS1005: ',' expected.
server/debug_bulkCreateProductsWithAccounting.ts(8525,25): error TS1005: ',' expected.
server/debug_bulkCreateProductsWithAccounting.ts(8526,24): error TS1005: ',' expected.
server/debug_bulkCreateProductsWithAccounting.ts(8527,22): error TS1005: ',' expected.
server/debug_bulkCreateProductsWithAccounting.ts(8528,155): error TS1005: ',' expected.
server/debug_bulkCreateProductsWithAccounting.ts(8530,4): error TS1005: ';' expected.
server/debug_bulkCreateProductsWithAccounting.ts(8531,9): error TS1003: Identifier expected.
server/debug_bulkCreateProductsWithAccounting.ts(8531,14): error TS1005: ',' expected.
server/debug_bulkCreateProductsWithAccounting.ts(8531,39): error TS1005: ',' expected.
server/debug_bulkCreateProductsWithAccounting.ts(8531,41): error TS1136: Property assignment expected.
server/debug_bulkCreateProductsWithAccounting.ts(8587,3): error TS1128: Declaration or statement expected.
server/debug_bulkCreateProductsWithAccounting.ts(8590,3): error TS1434: Unexpected keyword or identifier.
server/debug_bulkCreateProductsWithAccounting.ts(8590,34): error TS1109: Expression expected.
server/debug_bulkCreateProductsWithAccounting.ts(8590,52): error TS1109: Expression expected.
server/debug_bulkCreateProductsWithAccounting.ts(8590,77): error TS1005: ',' expected.
server/debug_bulkCreateProductsWithAccounting.ts(8590,95): error TS1005: ',' expected.
server/debug_bulkCreateProductsWithAccounting.ts(8590,111): error TS1005: ',' expected.
server/debug_bulkCreateProductsWithAccounting.ts(8590,154): error TS1005: ';' expected.
server/debug_bulkCreateProductsWithAccounting.ts(8590,178): error TS1011: An element access expression should take an argument.
server/debug_bulkCreateProductsWithAccounting.ts(8591,11): error TS1005: ':' expected.
server/debug_bulkCreateProductsWithAccounting.ts(8591,26): error TS1005: ',' expected.
server/debug_bulkCreateProductsWithAccounting.ts(8592,17): error TS1005: '{' expected.
server/debug_bulkCreateProductsWithAccounting.ts(8592,27): error TS1005: ',' expected.
server/debug_bulkCreateProductsWithAccounting.ts(8592,67): error TS1005: ',' expected.
server/debug_bulkCreateProductsWithAccounting.ts(8593,16): error TS1005: ',' expected.
server/debug_bulkCreateProductsWithAccounting.ts(8593,32): error TS1005: '{' expected.
server/debug_bulkCreateProductsWithAccounting.ts(8593,42): error TS1005: ',' expected.
server/debug_bulkCreateProductsWithAccounting.ts(8593,102): error TS1005: ',' expected.
server/debug_bulkCreateProductsWithAccounting.ts(8594,16): error TS1005: ',' expected.
server/debug_bulkCreateProductsWithAccounting.ts(8594,29): error TS1005: '{' expected.
server/debug_bulkCreateProductsWithAccounting.ts(8594,39): error TS1005: ',' expected.
server/debug_bulkCreateProductsWithAccounting.ts(8594,105): error TS1005: ',' expected.
server/debug_bulkCreateProductsWithAccounting.ts(8595,16): error TS1005: ',' expected.
server/debug_bulkCreateProductsWithAccounting.ts(8595,27): error TS1005: '{' expected.
server/debug_bulkCreateProductsWithAccounting.ts(8595,37): error TS1005: ',' expected.
server/debug_bulkCreateProductsWithAccounting.ts(8595,101): error TS1005: ',' expected.
server/debug_bulkCreateProductsWithAccounting.ts(8596,16): error TS1005: ',' expected.
server/debug_bulkCreateProductsWithAccounting.ts(8596,32): error TS1005: ',' expected.
server/debug_bulkCreateProductsWithAccounting.ts(8596,42): error TS1005: ';' expected.
server/debug_bulkCreateProductsWithAccounting.ts(8598,7): error TS1128: Declaration or statement expected.
server/debug_bulkCreateProductsWithAccounting.ts(8606,3): error TS1128: Declaration or statement expected.
server/debug_bulkCreateProductsWithAccounting.ts(8608,3): error TS1434: Unexpected keyword or identifier.
server/debug_bulkCreateProductsWithAccounting.ts(8608,40): error TS1005: ',' expected.
server/debug_bulkCreateProductsWithAccounting.ts(8609,26): error TS1005: ',' expected.
server/debug_bulkCreateProductsWithAccounting.ts(8610,21): error TS1005: ',' expected.
server/debug_bulkCreateProductsWithAccounting.ts(8611,19): error TS1005: ',' expected.
server/debug_bulkCreateProductsWithAccounting.ts(8612,43): error TS1005: ',' expected.
server/debug_bulkCreateProductsWithAccounting.ts(8613,20): error TS1005: ',' expected.
server/debug_bulkCreateProductsWithAccounting.ts(8615,5): error TS1005: ';' expected.
server/debug_bulkCreateProductsWithAccounting.ts(8615,29): error TS1011: An element access expression should take an argument.
server/debug_bulkCreateProductsWithAccounting.ts(8616,11): error TS1005: ':' expected.
server/debug_bulkCreateProductsWithAccounting.ts(8616,26): error TS1005: ',' expected.
server/debug_bulkCreateProductsWithAccounting.ts(8617,16): error TS1005: ',' expected.
server/debug_bulkCreateProductsWithAccounting.ts(8617,23): error TS1005: ',' expected.
server/debug_bulkCreateProductsWithAccounting.ts(8617,35): error TS1005: ',' expected.
server/debug_bulkCreateProductsWithAccounting.ts(8617,83): error TS1005: ',' expected.
server/debug_bulkCreateProductsWithAccounting.ts(8618,16): error TS1005: ',' expected.
server/debug_bulkCreateProductsWithAccounting.ts(8618,25): error TS1005: ',' expected.
server/debug_bulkCreateProductsWithAccounting.ts(8618,37): error TS1005: ',' expected.
server/debug_bulkCreateProductsWithAccounting.ts(8618,89): error TS1005: ',' expected.
server/debug_bulkCreateProductsWithAccounting.ts(8619,16): error TS1005: ',' expected.
server/debug_bulkCreateProductsWithAccounting.ts(8619,29): error TS1005: ',' expected.
server/debug_bulkCreateProductsWithAccounting.ts(8619,41): error TS1005: ',' expected.
server/debug_bulkCreateProductsWithAccounting.ts(8619,101): error TS1005: ',' expected.
server/debug_bulkCreateProductsWithAccounting.ts(8620,16): error TS1005: ',' expected.
server/debug_bulkCreateProductsWithAccounting.ts(8620,26): error TS1005: ',' expected.
server/debug_bulkCreateProductsWithAccounting.ts(8620,38): error TS1005: ',' expected.
server/debug_bulkCreateProductsWithAccounting.ts(8620,104): error TS1005: ',' expected.
server/debug_bulkCreateProductsWithAccounting.ts(8621,16): error TS1005: ',' expected.
server/debug_bulkCreateProductsWithAccounting.ts(8621,24): error TS1005: ',' expected.
server/debug_bulkCreateProductsWithAccounting.ts(8621,36): error TS1005: ',' expected.
server/debug_bulkCreateProductsWithAccounting.ts(8621,100): error TS1005: ',' expected.
server/debug_bulkCreateProductsWithAccounting.ts(8623,16): error TS1005: ',' expected.
server/debug_bulkCreateProductsWithAccounting.ts(8623,41): error TS1005: ',' expected.
server/debug_bulkCreateProductsWithAccounting.ts(8623,43): error TS1136: Property assignment expected.
server/debug_bulkCreateProductsWithAccounting.ts(8625,7): error TS1128: Declaration or statement expected.
server/debug_bulkCreateProductsWithAccounting.ts(8633,3): error TS1128: Declaration or statement expected.
server/debug_bulkCreateProductsWithAccounting.ts(8635,3): error TS1434: Unexpected keyword or identifier.
server/debug_bulkCreateProductsWithAccounting.ts(8635,28): error TS1005: ',' expected.
server/debug_bulkCreateProductsWithAccounting.ts(8635,37): error TS1005: ';' expected.
server/debug_bulkCreateProductsWithAccounting.ts(8636,11): error TS1005: ':' expected.
server/debug_bulkCreateProductsWithAccounting.ts(8636,93): error TS1005: ',' expected.
server/debug_bulkCreateProductsWithAccounting.ts(8637,12): error TS1005: ':' expected.
server/debug_bulkCreateProductsWithAccounting.ts(8637,31): error TS1005: ',' expected.
server/debug_bulkCreateProductsWithAccounting.ts(8640,3): error TS1434: Unexpected keyword or identifier.
server/debug_bulkCreateProductsWithAccounting.ts(8640,33): error TS1005: ',' expected.
server/debug_bulkCreateProductsWithAccounting.ts(8640,55): error TS1005: ';' expected.
server/debug_bulkCreateProductsWithAccounting.ts(8641,11): error TS1005: ':' expected.
server/debug_bulkCreateProductsWithAccounting.ts(8641,62): error TS1005: ',' expected.
server/debug_bulkCreateProductsWithAccounting.ts(8644,11): error TS1005: ':' expected.
server/debug_bulkCreateProductsWithAccounting.ts(8644,76): error TS1005: ',' expected.
server/debug_bulkCreateProductsWithAccounting.ts(8645,11): error TS1005: ':' expected.
server/debug_bulkCreateProductsWithAccounting.ts(8645,72): error TS1005: ',' expected.
server/debug_bulkCreateProductsWithAccounting.ts(8646,11): error TS1005: ':' expected.
server/debug_bulkCreateProductsWithAccounting.ts(8646,68): error TS1005: ',' expected.
server/debug_bulkCreateProductsWithAccounting.ts(8647,11): error TS1005: ':' expected.
server/debug_bulkCreateProductsWithAccounting.ts(8647,64): error TS1005: ',' expected.
server/debug_bulkCreateProductsWithAccounting.ts(8648,11): error TS1005: ':' expected.
server/debug_bulkCreateProductsWithAccounting.ts(8648,70): error TS1005: ',' expected.
server/debug_bulkCreateProductsWithAccounting.ts(8649,11): error TS1005: ':' expected.
server/debug_bulkCreateProductsWithAccounting.ts(8649,74): error TS1005: ',' expected.
server/debug_bulkCreateProductsWithAccounting.ts(8652,20): error TS1005: ',' expected.
server/debug_bulkCreateProductsWithAccounting.ts(8652,48): error TS1005: ';' expected.
server/debug_bulkCreateProductsWithAccounting.ts(8692,3): error TS1128: Declaration or statement expected.
server/debug_bulkCreateProductsWithAccounting.ts(8694,3): error TS1434: Unexpected keyword or identifier.
server/debug_bulkCreateProductsWithAccounting.ts(8694,42): error TS1005: ',' expected.
server/debug_bulkCreateProductsWithAccounting.ts(8694,51): error TS1005: ';' expected.
server/debug_bulkCreateProductsWithAccounting.ts(8694,82): error TS1011: An element access expression should take an argument.
server/debug_bulkCreateProductsWithAccounting.ts(8695,12): error TS1005: ':' expected.
server/debug_bulkCreateProductsWithAccounting.ts(8697,55): error TS1005: ',' expected.
server/debug_bulkCreateProductsWithAccounting.ts(8700,3): error TS1434: Unexpected keyword or identifier.
server/debug_bulkCreateProductsWithAccounting.ts(8700,41): error TS1005: ',' expected.
server/debug_bulkCreateProductsWithAccounting.ts(8700,62): error TS1005: ',' expected.
server/debug_bulkCreateProductsWithAccounting.ts(8701,19): error TS1005: ',' expected.
server/debug_bulkCreateProductsWithAccounting.ts(8702,26): error TS1005: ',' expected.
server/debug_bulkCreateProductsWithAccounting.ts(8703,27): error TS1005: ',' expected.
server/debug_bulkCreateProductsWithAccounting.ts(8704,19): error TS1005: ',' expected.
server/debug_bulkCreateProductsWithAccounting.ts(8705,25): error TS1005: ',' expected.
server/debug_bulkCreateProductsWithAccounting.ts(8706,5): error TS1005: ';' expected.
server/debug_bulkCreateProductsWithAccounting.ts(8706,46): error TS1005: ',' expected.
server/debug_bulkCreateProductsWithAccounting.ts(8706,69): error TS1005: ',' expected.
server/debug_bulkCreateProductsWithAccounting.ts(8707,11): error TS1005: ':' expected.
server/debug_bulkCreateProductsWithAccounting.ts(8707,57): error TS1005: ',' expected.
server/debug_bulkCreateProductsWithAccounting.ts(8708,9): error TS1003: Identifier expected.
server/debug_bulkCreateProductsWithAccounting.ts(8708,18): error TS1005: '{' expected.
server/debug_bulkCreateProductsWithAccounting.ts(8708,24): error TS1005: ':' expected.
server/debug_bulkCreateProductsWithAccounting.ts(8708,61): error TS1005: ',' expected.
server/debug_bulkCreateProductsWithAccounting.ts(8710,11): error TS1005: ':' expected.
server/debug_bulkCreateProductsWithAccounting.ts(8710,74): error TS1005: ',' expected.
server/debug_bulkCreateProductsWithAccounting.ts(8711,11): error TS1005: ':' expected.
server/debug_bulkCreateProductsWithAccounting.ts(8711,73): error TS1005: ',' expected.
server/debug_bulkCreateProductsWithAccounting.ts(8712,11): error TS1005: ':' expected.
server/debug_bulkCreateProductsWithAccounting.ts(8712,68): error TS1005: ',' expected.
server/debug_bulkCreateProductsWithAccounting.ts(8714,20): error TS1005: ',' expected.
server/debug_bulkCreateProductsWithAccounting.ts(8714,32): error TS1005: ',' expected.
server/debug_bulkCreateProductsWithAccounting.ts(8714,40): error TS1005: ':' expected.
server/debug_bulkCreateProductsWithAccounting.ts(8714,90): error TS1005: ',' expected.
server/debug_bulkCreateProductsWithAccounting.ts(8715,20): error TS1005: ',' expected.
server/debug_bulkCreateProductsWithAccounting.ts(8715,54): error TS1005: ',' expected.
server/debug_bulkCreateProductsWithAccounting.ts(8715,56): error TS1136: Property assignment expected.
server/debug_bulkCreateProductsWithAccounting.ts(8822,3): error TS1128: Declaration or statement expected.
server/debug_bulkCreateProductsWithAccounting.ts(8824,3): error TS1128: Declaration or statement expected.
server/debug_bulkCreateProductsWithAccounting.ts(8824,11): error TS1434: Unexpected keyword or identifier.
server/debug_bulkCreateProductsWithAccounting.ts(8824,43): error TS1005: ',' expected.
server/debug_bulkCreateProductsWithAccounting.ts(8824,52): error TS1005: ';' expected.
server/debug_bulkCreateProductsWithAccounting.ts(8825,11): error TS1005: ':' expected.
server/debug_bulkCreateProductsWithAccounting.ts(8825,90): error TS1005: ',' expected.
server/debug_bulkCreateProductsWithAccounting.ts(8826,11): error TS1005: ':' expected.
server/debug_bulkCreateProductsWithAccounting.ts(8826,48): error TS1005: ',' expected.
server/debug_bulkCreateProductsWithAccounting.ts(8827,11): error TS1005: ':' expected.
server/debug_bulkCreateProductsWithAccounting.ts(8827,56): error TS1005: ',' expected.
server/debug_bulkCreateProductsWithAccounting.ts(8828,12): error TS1005: ':' expected.
server/debug_bulkCreateProductsWithAccounting.ts(8828,30): error TS1005: ',' expected.
server/debug_bulkCreateProductsWithAccounting.ts(8831,3): error TS1434: Unexpected keyword or identifier.
server/debug_bulkCreateProductsWithAccounting.ts(8831,31): error TS1005: ',' expected.
server/debug_bulkCreateProductsWithAccounting.ts(8831,45): error TS1005: ',' expected.
server/debug_bulkCreateProductsWithAccounting.ts(8831,76): error TS1005: ';' expected.
server/debug_bulkCreateProductsWithAccounting.ts(8832,11): error TS1005: ':' expected.
server/debug_bulkCreateProductsWithAccounting.ts(8832,59): error TS1005: ',' expected.
server/debug_bulkCreateProductsWithAccounting.ts(8833,9): error TS1003: Identifier expected.
server/debug_bulkCreateProductsWithAccounting.ts(8833,26): error TS1005: '{' expected.
server/debug_bulkCreateProductsWithAccounting.ts(8833,33): error TS1005: ':' expected.
server/debug_bulkCreateProductsWithAccounting.ts(8833,42): error TS1005: ',' expected.
server/debug_bulkCreateProductsWithAccounting.ts(8835,11): error TS1005: ':' expected.
server/debug_bulkCreateProductsWithAccounting.ts(8835,121): error TS1005: ',' expected.
server/debug_bulkCreateProductsWithAccounting.ts(8836,11): error TS1005: ':' expected.
server/debug_bulkCreateProductsWithAccounting.ts(8836,75): error TS1005: ',' expected.
server/debug_bulkCreateProductsWithAccounting.ts(8838,12): error TS1005: ':' expected.
server/debug_bulkCreateProductsWithAccounting.ts(8891,7): error TS1005: ',' expected.
server/debug_bulkCreateProductsWithAccounting.ts(8895,3): error TS1128: Declaration or statement expected.
server/debug_bulkCreateProductsWithAccounting.ts(8895,11): error TS1434: Unexpected keyword or identifier.
server/debug_bulkCreateProductsWithAccounting.ts(8895,47): error TS1005: ',' expected.
server/debug_bulkCreateProductsWithAccounting.ts(8895,60): error TS1005: ',' expected.
server/debug_bulkCreateProductsWithAccounting.ts(8895,77): error TS1005: ';' expected.
server/debug_bulkCreateProductsWithAccounting.ts(8985,3): error TS1128: Declaration or statement expected.
server/debug_bulkCreateProductsWithAccounting.ts(8985,11): error TS1434: Unexpected keyword or identifier.
server/debug_bulkCreateProductsWithAccounting.ts(8985,48): error TS1005: ',' expected.
server/debug_bulkCreateProductsWithAccounting.ts(8985,57): error TS1005: ',' expected.
server/debug_bulkCreateProductsWithAccounting.ts(8985,73): error TS1005: ',' expected.
server/debug_bulkCreateProductsWithAccounting.ts(8985,90): error TS1005: ';' expected.
server/debug_bulkCreateProductsWithAccounting.ts(9078,3): error TS1434: Unexpected keyword or identifier.
server/debug_bulkCreateProductsWithAccounting.ts(9078,31): error TS1005: ',' expected.
server/debug_bulkCreateProductsWithAccounting.ts(9078,40): error TS1005: ';' expected.
server/debug_bulkCreateProductsWithAccounting.ts(9078,54): error TS1109: Expression expected.
server/debug_bulkCreateProductsWithAccounting.ts(9079,11): error TS1005: ':' expected.
server/debug_bulkCreateProductsWithAccounting.ts(9079,51): error TS1005: ',' expected.
server/debug_bulkCreateProductsWithAccounting.ts(9080,9): error TS1003: Identifier expected.
server/debug_bulkCreateProductsWithAccounting.ts(9080,18): error TS1005: '{' expected.
server/debug_bulkCreateProductsWithAccounting.ts(9080,24): error TS1005: ':' expected.
server/debug_bulkCreateProductsWithAccounting.ts(9082,11): error TS1005: ',' expected.
server/debug_bulkCreateProductsWithAccounting.ts(9082,13): error TS1005: ',' expected.
server/debug_bulkCreateProductsWithAccounting.ts(9085,7): error TS1005: ',' expected.
server/debug_bulkCreateProductsWithAccounting.ts(9088,3): error TS1434: Unexpected keyword or identifier.
server/debug_bulkCreateProductsWithAccounting.ts(9088,50): error TS1005: ',' expected.
server/debug_bulkCreateProductsWithAccounting.ts(9088,59): error TS1005: ';' expected.
server/debug_bulkCreateProductsWithAccounting.ts(9089,11): error TS1005: ':' expected.
server/debug_bulkCreateProductsWithAccounting.ts(9089,57): error TS1005: ',' expected.
server/debug_bulkCreateProductsWithAccounting.ts(9090,9): error TS1003: Identifier expected.
server/debug_bulkCreateProductsWithAccounting.ts(9090,18): error TS1005: '{' expected.
server/debug_bulkCreateProductsWithAccounting.ts(9090,24): error TS1005: ':' expected.
server/debug_bulkCreateProductsWithAccounting.ts(9090,61): error TS1005: ',' expected.
server/debug_bulkCreateProductsWithAccounting.ts(9092,11): error TS1005: ':' expected.
server/debug_bulkCreateProductsWithAccounting.ts(9092,72): error TS1005: ',' expected.
server/debug_bulkCreateProductsWithAccounting.ts(9093,20): error TS1005: ',' expected.
server/debug_bulkCreateProductsWithAccounting.ts(9093,24): error TS1005: ';' expected.
server/debug_bulkCreateProductsWithAccounting.ts(9117,3): error TS1128: Declaration or statement expected.
server/debug_bulkCreateProductsWithAccounting.ts(9120,3): error TS1434: Unexpected keyword or identifier.
server/debug_bulkCreateProductsWithAccounting.ts(9120,43): error TS1109: Expression expected.
server/debug_bulkCreateProductsWithAccounting.ts(9120,62): error TS1109: Expression expected.
server/debug_bulkCreateProductsWithAccounting.ts(9120,71): error TS1005: ';' expected.
server/debug_bulkCreateProductsWithAccounting.ts(9121,12): error TS1005: ':' expected.
server/debug_bulkCreateProductsWithAccounting.ts(9121,39): error TS1005: ',' expected.
server/debug_bulkCreateProductsWithAccounting.ts(9125,3): error TS1434: Unexpected keyword or identifier.
server/debug_bulkCreateProductsWithAccounting.ts(9125,40): error TS1005: ';' expected.
server/debug_bulkCreateProductsWithAccounting.ts(9126,12): error TS1005: ':' expected.
server/debug_bulkCreateProductsWithAccounting.ts(9126,50): error TS1005: ',' expected.
server/debug_bulkCreateProductsWithAccounting.ts(9130,3): error TS1434: Unexpected keyword or identifier.
server/debug_bulkCreateProductsWithAccounting.ts(9130,39): error TS1005: ',' expected.
server/debug_bulkCreateProductsWithAccounting.ts(9130,53): error TS1005: ',' expected.
server/debug_bulkCreateProductsWithAccounting.ts(9131,24): error TS1005: ',' expected.
server/debug_bulkCreateProductsWithAccounting.ts(9132,19): error TS1005: ',' expected.
server/debug_bulkCreateProductsWithAccounting.ts(9133,21): error TS1005: ',' expected.
server/debug_bulkCreateProductsWithAccounting.ts(9134,26): error TS1005: ',' expected.
server/debug_bulkCreateProductsWithAccounting.ts(9135,34): error TS1005: ',' expected.
server/debug_bulkCreateProductsWithAccounting.ts(9136,23): error TS1005: ',' expected.
server/debug_bulkCreateProductsWithAccounting.ts(9137,5): error TS1005: ';' expected.
server/debug_bulkCreateProductsWithAccounting.ts(9138,12): error TS1005: ':' expected.
server/debug_bulkCreateProductsWithAccounting.ts(9206,7): error TS1005: ',' expected.
server/debug_bulkCreateProductsWithAccounting.ts(9210,3): error TS1434: Unexpected keyword or identifier.
server/debug_bulkCreateProductsWithAccounting.ts(9210,34): error TS1005: ',' expected.
server/debug_bulkCreateProductsWithAccounting.ts(9211,24): error TS1005: ',' expected.
server/debug_bulkCreateProductsWithAccounting.ts(9212,19): error TS1005: ',' expected.
server/debug_bulkCreateProductsWithAccounting.ts(9213,21): error TS1005: ',' expected.
server/debug_bulkCreateProductsWithAccounting.ts(9214,26): error TS1005: ',' expected.
server/debug_bulkCreateProductsWithAccounting.ts(9215,34): error TS1005: ',' expected.
server/debug_bulkCreateProductsWithAccounting.ts(9216,23): error TS1005: ',' expected.
server/debug_bulkCreateProductsWithAccounting.ts(9217,5): error TS1005: ';' expected.
server/debug_bulkCreateProductsWithAccounting.ts(9218,12): error TS1005: ':' expected.
server/debug_bulkCreateProductsWithAccounting.ts(9293,7): error TS1005: ',' expected.
server/debug_bulkCreateProductsWithAccounting.ts(9297,3): error TS1434: Unexpected keyword or identifier.
server/debug_bulkCreateProductsWithAccounting.ts(9297,22): error TS1005: ';' expected.
server/debug_bulkCreateProductsWithAccounting.ts(9297,40): error TS1011: An element access expression should take an argument.
server/debug_bulkCreateProductsWithAccounting.ts(9298,12): error TS1005: ':' expected.
server/debug_bulkCreateProductsWithAccounting.ts(9298,72): error TS1005: ',' expected.
server/debug_bulkCreateProductsWithAccounting.ts(9301,3): error TS1434: Unexpected keyword or identifier.
server/debug_bulkCreateProductsWithAccounting.ts(9301,22): error TS1005: ',' expected.
server/debug_bulkCreateProductsWithAccounting.ts(9301,31): error TS1005: ';' expected.
server/debug_bulkCreateProductsWithAccounting.ts(9302,11): error TS1005: ':' expected.
server/debug_bulkCreateProductsWithAccounting.ts(9302,79): error TS1005: ',' expected.
server/debug_bulkCreateProductsWithAccounting.ts(9303,12): error TS1005: ':' expected.
server/debug_bulkCreateProductsWithAccounting.ts(9303,29): error TS1005: ',' expected.
server/debug_bulkCreateProductsWithAccounting.ts(9306,3): error TS1434: Unexpected keyword or identifier.
server/debug_bulkCreateProductsWithAccounting.ts(9306,27): error TS1005: ',' expected.
server/debug_bulkCreateProductsWithAccounting.ts(9306,43): error TS1005: ';' expected.
server/debug_bulkCreateProductsWithAccounting.ts(9307,11): error TS1005: ':' expected.
server/debug_bulkCreateProductsWithAccounting.ts(9307,70): error TS1005: ',' expected.
server/debug_bulkCreateProductsWithAccounting.ts(9308,12): error TS1005: ':' expected.
server/debug_bulkCreateProductsWithAccounting.ts(9308,16): error TS1005: ',' expected.
server/debug_bulkCreateProductsWithAccounting.ts(9311,3): error TS1434: Unexpected keyword or identifier.
server/debug_bulkCreateProductsWithAccounting.ts(9311,25): error TS1005: ',' expected.
server/debug_bulkCreateProductsWithAccounting.ts(9311,39): error TS1005: ',' expected.
server/debug_bulkCreateProductsWithAccounting.ts(9311,64): error TS1005: ';' expected.
server/debug_bulkCreateProductsWithAccounting.ts(9312,11): error TS1005: ':' expected.
server/debug_bulkCreateProductsWithAccounting.ts(9315,19): error TS1005: ',' expected.
server/debug_bulkCreateProductsWithAccounting.ts(9316,12): error TS1005: ':' expected.
server/debug_bulkCreateProductsWithAccounting.ts(9316,32): error TS1005: ',' expected.
server/debug_bulkCreateProductsWithAccounting.ts(9319,3): error TS1434: Unexpected keyword or identifier.
server/debug_bulkCreateProductsWithAccounting.ts(9319,25): error TS1005: ',' expected.
server/debug_bulkCreateProductsWithAccounting.ts(9319,34): error TS1005: ';' expected.
server/debug_bulkCreateProductsWithAccounting.ts(9319,48): error TS1109: Expression expected.
server/debug_bulkCreateProductsWithAccounting.ts(9320,11): error TS1005: ',' expected.
server/debug_bulkCreateProductsWithAccounting.ts(9320,13): error TS1005: ',' expected.
server/debug_bulkCreateProductsWithAccounting.ts(9320,57): error TS1005: ',' expected.
server/debug_bulkCreateProductsWithAccounting.ts(9323,3): error TS1434: Unexpected keyword or identifier.
server/debug_bulkCreateProductsWithAccounting.ts(9323,37): error TS1005: ',' expected.
server/debug_bulkCreateProductsWithAccounting.ts(9323,46): error TS1005: ';' expected.
server/debug_bulkCreateProductsWithAccounting.ts(9323,71): error TS1005: ',' expected.
server/debug_bulkCreateProductsWithAccounting.ts(9324,12): error TS1005: ':' expected.
server/debug_bulkCreateProductsWithAccounting.ts(9348,7): error TS1005: ',' expected.
server/debug_bulkCreateProductsWithAccounting.ts(9352,3): error TS1434: Unexpected keyword or identifier.
server/debug_bulkCreateProductsWithAccounting.ts(9352,22): error TS1005: ';' expected.
server/debug_bulkCreateProductsWithAccounting.ts(9352,40): error TS1011: An element access expression should take an argument.
server/debug_bulkCreateProductsWithAccounting.ts(9353,12): error TS1005: ':' expected.
server/debug_bulkCreateProductsWithAccounting.ts(9353,72): error TS1005: ',' expected.
server/debug_bulkCreateProductsWithAccounting.ts(9356,3): error TS1434: Unexpected keyword or identifier.
server/debug_bulkCreateProductsWithAccounting.ts(9356,22): error TS1005: ',' expected.
server/debug_bulkCreateProductsWithAccounting.ts(9356,31): error TS1005: ';' expected.
server/debug_bulkCreateProductsWithAccounting.ts(9357,11): error TS1005: ':' expected.
server/debug_bulkCreateProductsWithAccounting.ts(9357,79): error TS1005: ',' expected.
server/debug_bulkCreateProductsWithAccounting.ts(9358,12): error TS1005: ':' expected.
server/debug_bulkCreateProductsWithAccounting.ts(9358,29): error TS1005: ',' expected.
server/debug_bulkCreateProductsWithAccounting.ts(9361,3): error TS1434: Unexpected keyword or identifier.
server/debug_bulkCreateProductsWithAccounting.ts(9361,27): error TS1005: ',' expected.
server/debug_bulkCreateProductsWithAccounting.ts(9361,43): error TS1005: ';' expected.
server/debug_bulkCreateProductsWithAccounting.ts(9362,11): error TS1005: ':' expected.
server/debug_bulkCreateProductsWithAccounting.ts(9362,70): error TS1005: ',' expected.
server/debug_bulkCreateProductsWithAccounting.ts(9363,12): error TS1005: ':' expected.
server/debug_bulkCreateProductsWithAccounting.ts(9363,16): error TS1005: ',' expected.
server/debug_bulkCreateProductsWithAccounting.ts(9366,3): error TS1434: Unexpected keyword or identifier.
server/debug_bulkCreateProductsWithAccounting.ts(9366,25): error TS1005: ',' expected.
server/debug_bulkCreateProductsWithAccounting.ts(9366,39): error TS1005: ',' expected.
server/debug_bulkCreateProductsWithAccounting.ts(9366,64): error TS1005: ';' expected.
server/debug_bulkCreateProductsWithAccounting.ts(9367,11): error TS1005: ':' expected.
server/debug_bulkCreateProductsWithAccounting.ts(9367,21): error TS1005: ',' expected.
server/debug_bulkCreateProductsWithAccounting.ts(9367,63): error TS1005: ',' expected.
server/debug_bulkCreateProductsWithAccounting.ts(9369,13): error TS1005: ',' expected.
server/debug_bulkCreateProductsWithAccounting.ts(9369,52): error TS1005: ',' expected.
server/debug_bulkCreateProductsWithAccounting.ts(9369,54): error TS1136: Property assignment expected.
server/debug_bulkCreateProductsWithAccounting.ts(9372,7): error TS1128: Declaration or statement expected.
server/debug_bulkCreateProductsWithAccounting.ts(9382,3): error TS1128: Declaration or statement expected.
server/debug_bulkCreateProductsWithAccounting.ts(9384,3): error TS1434: Unexpected keyword or identifier.
server/debug_bulkCreateProductsWithAccounting.ts(9384,25): error TS1005: ',' expected.
server/debug_bulkCreateProductsWithAccounting.ts(9384,34): error TS1005: ';' expected.
server/debug_bulkCreateProductsWithAccounting.ts(9384,48): error TS1109: Expression expected.
server/debug_bulkCreateProductsWithAccounting.ts(9385,11): error TS1005: ',' expected.
server/debug_bulkCreateProductsWithAccounting.ts(9385,13): error TS1005: ',' expected.
server/debug_bulkCreateProductsWithAccounting.ts(9385,57): error TS1005: ',' expected.
server/debug_bulkCreateProductsWithAccounting.ts(9389,3): error TS1434: Unexpected keyword or identifier.
server/debug_bulkCreateProductsWithAccounting.ts(9389,34): error TS1109: Expression expected.
server/debug_bulkCreateProductsWithAccounting.ts(9389,53): error TS1005: ',' expected.
server/debug_bulkCreateProductsWithAccounting.ts(9389,70): error TS1005: ',' expected.
server/debug_bulkCreateProductsWithAccounting.ts(9389,94): error TS1005: ';' expected.
server/debug_bulkCreateProductsWithAccounting.ts(9389,116): error TS1011: An element access expression should take an argument.
server/debug_bulkCreateProductsWithAccounting.ts(9390,16): error TS1005: ',' expected.
server/debug_bulkCreateProductsWithAccounting.ts(9395,5): error TS1005: ',' expected.
server/debug_bulkCreateProductsWithAccounting.ts(9395,16): error TS1005: ',' expected.
server/debug_bulkCreateProductsWithAccounting.ts(9400,5): error TS1005: ',' expected.
server/debug_bulkCreateProductsWithAccounting.ts(9400,16): error TS1005: ',' expected.
server/debug_bulkCreateProductsWithAccounting.ts(9405,5): error TS1005: ',' expected.
server/debug_bulkCreateProductsWithAccounting.ts(9405,12): error TS1005: ':' expected.
server/debug_bulkCreateProductsWithAccounting.ts(9405,85): error TS1005: ',' expected.
server/debug_bulkCreateProductsWithAccounting.ts(9408,3): error TS1434: Unexpected keyword or identifier.
server/debug_bulkCreateProductsWithAccounting.ts(9408,26): error TS1005: ',' expected.
server/debug_bulkCreateProductsWithAccounting.ts(9408,35): error TS1005: ';' expected.
server/debug_bulkCreateProductsWithAccounting.ts(9409,11): error TS1005: ':' expected.
server/debug_bulkCreateProductsWithAccounting.ts(9409,93): error TS1005: ',' expected.
server/debug_bulkCreateProductsWithAccounting.ts(9410,12): error TS1005: ':' expected.
server/debug_bulkCreateProductsWithAccounting.ts(9410,33): error TS1005: ',' expected.
server/debug_bulkCreateProductsWithAccounting.ts(9413,3): error TS1434: Unexpected keyword or identifier.
server/debug_bulkCreateProductsWithAccounting.ts(9413,31): error TS1005: ',' expected.
server/debug_bulkCreateProductsWithAccounting.ts(9413,51): error TS1005: ';' expected.
server/debug_bulkCreateProductsWithAccounting.ts(9414,11): error TS1005: ':' expected.
server/debug_bulkCreateProductsWithAccounting.ts(9414,79): error TS1005: ',' expected.
server/debug_bulkCreateProductsWithAccounting.ts(9415,12): error TS1005: ':' expected.
server/debug_bulkCreateProductsWithAccounting.ts(9415,20): error TS1005: ',' expected.
server/debug_bulkCreateProductsWithAccounting.ts(9418,3): error TS1434: Unexpected keyword or identifier.
server/debug_bulkCreateProductsWithAccounting.ts(9418,29): error TS1005: ',' expected.
server/debug_bulkCreateProductsWithAccounting.ts(9418,43): error TS1005: ',' expected.
server/debug_bulkCreateProductsWithAccounting.ts(9418,72): error TS1005: ';' expected.
server/debug_bulkCreateProductsWithAccounting.ts(9419,11): error TS1005: ':' expected.
server/debug_bulkCreateProductsWithAccounting.ts(9422,19): error TS1005: ',' expected.
server/debug_bulkCreateProductsWithAccounting.ts(9423,12): error TS1005: ':' expected.
server/debug_bulkCreateProductsWithAccounting.ts(9423,32): error TS1005: ',' expected.
server/debug_bulkCreateProductsWithAccounting.ts(9426,3): error TS1434: Unexpected keyword or identifier.
server/debug_bulkCreateProductsWithAccounting.ts(9426,29): error TS1005: ',' expected.
server/debug_bulkCreateProductsWithAccounting.ts(9426,38): error TS1005: ';' expected.
server/debug_bulkCreateProductsWithAccounting.ts(9426,52): error TS1109: Expression expected.
server/debug_bulkCreateProductsWithAccounting.ts(9427,11): error TS1005: ',' expected.
server/debug_bulkCreateProductsWithAccounting.ts(9427,13): error TS1005: ',' expected.
server/debug_bulkCreateProductsWithAccounting.ts(9427,67): error TS1005: ',' expected.
server/debug_bulkCreateProductsWithAccounting.ts(9432,3): error TS1434: Unexpected keyword or identifier.
server/debug_bulkCreateProductsWithAccounting.ts(9432,31): error TS1005: ',' expected.
server/debug_bulkCreateProductsWithAccounting.ts(9432,40): error TS1005: ';' expected.
server/debug_bulkCreateProductsWithAccounting.ts(9432,62): error TS1011: An element access expression should take an argument.
server/debug_bulkCreateProductsWithAccounting.ts(9433,12): error TS1005: ':' expected.
server/debug_bulkCreateProductsWithAccounting.ts(9435,45): error TS1005: ',' expected.
server/debug_bulkCreateProductsWithAccounting.ts(9438,3): error TS1434: Unexpected keyword or identifier.
server/debug_bulkCreateProductsWithAccounting.ts(9438,31): error TS1005: ',' expected.
server/debug_bulkCreateProductsWithAccounting.ts(9438,51): error TS1005: ';' expected.
server/debug_bulkCreateProductsWithAccounting.ts(9439,11): error TS1005: ':' expected.
server/debug_bulkCreateProductsWithAccounting.ts(9439,74): error TS1005: ',' expected.
server/debug_bulkCreateProductsWithAccounting.ts(9440,12): error TS1005: ':' expected.
server/debug_bulkCreateProductsWithAccounting.ts(9440,16): error TS1005: ',' expected.
server/debug_bulkCreateProductsWithAccounting.ts(9443,3): error TS1434: Unexpected keyword or identifier.
server/debug_bulkCreateProductsWithAccounting.ts(9443,29): error TS1005: ',' expected.
server/debug_bulkCreateProductsWithAccounting.ts(9443,38): error TS1005: ';' expected.
server/debug_bulkCreateProductsWithAccounting.ts(9443,52): error TS1109: Expression expected.
server/debug_bulkCreateProductsWithAccounting.ts(9444,11): error TS1005: ',' expected.
server/debug_bulkCreateProductsWithAccounting.ts(9444,13): error TS1005: ',' expected.
server/debug_bulkCreateProductsWithAccounting.ts(9444,65): error TS1005: ',' expected.
server/debug_bulkCreateProductsWithAccounting.ts(9449,3): error TS1434: Unexpected keyword or identifier.
server/debug_bulkCreateProductsWithAccounting.ts(9449,38): error TS1109: Expression expected.
server/debug_bulkCreateProductsWithAccounting.ts(9449,58): error TS1005: ',' expected.
server/debug_bulkCreateProductsWithAccounting.ts(9449,74): error TS1005: ',' expected.
server/debug_bulkCreateProductsWithAccounting.ts(9449,95): error TS1005: ',' expected.
server/debug_bulkCreateProductsWithAccounting.ts(9449,112): error TS1005: ',' expected.
server/debug_bulkCreateProductsWithAccounting.ts(9449,134): error TS1005: ';' expected.
server/debug_bulkCreateProductsWithAccounting.ts(9449,161): error TS1011: An element access expression should take an argument.
server/debug_bulkCreateProductsWithAccounting.ts(9450,11): error TS1005: ':' expected.
server/debug_bulkCreateProductsWithAccounting.ts(9450,21): error TS1005: ',' expected.
server/debug_bulkCreateProductsWithAccounting.ts(9450,26): error TS1005: ',' expected.
server/debug_bulkCreateProductsWithAccounting.ts(9450,27): error TS1109: Expression expected.
server/debug_bulkCreateProductsWithAccounting.ts(9450,29): error TS1005: ':' expected.
server/debug_bulkCreateProductsWithAccounting.ts(9450,33): error TS1005: ',' expected.
server/debug_bulkCreateProductsWithAccounting.ts(9452,16): error TS1005: ',' expected.
server/debug_bulkCreateProductsWithAccounting.ts(9455,5): error TS1005: ',' expected.
server/debug_bulkCreateProductsWithAccounting.ts(9455,16): error TS1005: ',' expected.
server/debug_bulkCreateProductsWithAccounting.ts(9458,5): error TS1005: ',' expected.
server/debug_bulkCreateProductsWithAccounting.ts(9458,16): error TS1005: ',' expected.
server/debug_bulkCreateProductsWithAccounting.ts(9461,5): error TS1005: ',' expected.
server/debug_bulkCreateProductsWithAccounting.ts(9461,16): error TS1005: ',' expected.
server/debug_bulkCreateProductsWithAccounting.ts(9464,5): error TS1005: ',' expected.
server/debug_bulkCreateProductsWithAccounting.ts(9464,16): error TS1005: ',' expected.
server/debug_bulkCreateProductsWithAccounting.ts(9468,5): error TS1005: ',' expected.
server/debug_bulkCreateProductsWithAccounting.ts(9468,19): error TS1005: ',' expected.
server/debug_bulkCreateProductsWithAccounting.ts(9468,30): error TS1005: ',' expected.
server/debug_bulkCreateProductsWithAccounting.ts(9468,32): error TS1136: Property assignment expected.
server/debug_bulkCreateProductsWithAccounting.ts(9474,3): error TS1128: Declaration or statement expected.
server/debug_bulkCreateProductsWithAccounting.ts(9476,3): error TS1434: Unexpected keyword or identifier.
server/debug_bulkCreateProductsWithAccounting.ts(9476,31): error TS1005: ',' expected.
server/debug_bulkCreateProductsWithAccounting.ts(9476,40): error TS1005: ';' expected.
server/debug_bulkCreateProductsWithAccounting.ts(9477,11): error TS1005: ':' expected.
server/debug_bulkCreateProductsWithAccounting.ts(9477,98): error TS1005: ',' expected.
server/debug_bulkCreateProductsWithAccounting.ts(9478,12): error TS1005: ':' expected.
server/debug_bulkCreateProductsWithAccounting.ts(9478,30): error TS1005: ',' expected.
server/debug_bulkCreateProductsWithAccounting.ts(9481,3): error TS1434: Unexpected keyword or identifier.
server/debug_bulkCreateProductsWithAccounting.ts(9481,36): error TS1005: ',' expected.
server/debug_bulkCreateProductsWithAccounting.ts(9481,61): error TS1005: ';' expected.
server/debug_bulkCreateProductsWithAccounting.ts(9482,11): error TS1005: ':' expected.
server/debug_bulkCreateProductsWithAccounting.ts(9482,80): error TS1005: ',' expected.
server/debug_bulkCreateProductsWithAccounting.ts(9483,12): error TS1005: ':' expected.
server/debug_bulkCreateProductsWithAccounting.ts(9483,17): error TS1005: ',' expected.
server/debug_bulkCreateProductsWithAccounting.ts(9486,3): error TS1434: Unexpected keyword or identifier.
server/debug_bulkCreateProductsWithAccounting.ts(9486,34): error TS1005: ',' expected.
server/debug_bulkCreateProductsWithAccounting.ts(9486,48): error TS1005: ',' expected.
server/debug_bulkCreateProductsWithAccounting.ts(9486,82): error TS1005: ';' expected.
server/debug_bulkCreateProductsWithAccounting.ts(9487,11): error TS1005: ':' expected.
server/debug_bulkCreateProductsWithAccounting.ts(9490,19): error TS1005: ',' expected.
server/debug_bulkCreateProductsWithAccounting.ts(9491,12): error TS1005: ':' expected.
server/debug_bulkCreateProductsWithAccounting.ts(9491,32): error TS1005: ',' expected.
server/debug_bulkCreateProductsWithAccounting.ts(9494,3): error TS1434: Unexpected keyword or identifier.
server/debug_bulkCreateProductsWithAccounting.ts(9494,34): error TS1005: ',' expected.
server/debug_bulkCreateProductsWithAccounting.ts(9494,43): error TS1005: ';' expected.
server/debug_bulkCreateProductsWithAccounting.ts(9494,57): error TS1109: Expression expected.
server/debug_bulkCreateProductsWithAccounting.ts(9495,11): error TS1005: ',' expected.
server/debug_bulkCreateProductsWithAccounting.ts(9495,13): error TS1005: ',' expected.
server/debug_bulkCreateProductsWithAccounting.ts(9495,75): error TS1005: ',' expected.
server/debug_bulkCreateProductsWithAccounting.ts(9500,3): error TS1434: Unexpected keyword or identifier.
server/debug_bulkCreateProductsWithAccounting.ts(9500,33): error TS1109: Expression expected.
server/debug_bulkCreateProductsWithAccounting.ts(9500,56): error TS1005: ',' expected.
server/debug_bulkCreateProductsWithAccounting.ts(9500,73): error TS1005: ',' expected.
server/debug_bulkCreateProductsWithAccounting.ts(9500,90): error TS1005: ',' expected.
server/debug_bulkCreateProductsWithAccounting.ts(9500,112): error TS1005: ';' expected.
server/debug_bulkCreateProductsWithAccounting.ts(9500,134): error TS1011: An element access expression should take an argument.
server/debug_bulkCreateProductsWithAccounting.ts(9501,11): error TS1005: ':' expected.
server/debug_bulkCreateProductsWithAccounting.ts(9501,21): error TS1005: ',' expected.
server/debug_bulkCreateProductsWithAccounting.ts(9501,26): error TS1005: ',' expected.
server/debug_bulkCreateProductsWithAccounting.ts(9501,27): error TS1109: Expression expected.
server/debug_bulkCreateProductsWithAccounting.ts(9501,29): error TS1005: ':' expected.
server/debug_bulkCreateProductsWithAccounting.ts(9501,33): error TS1005: ',' expected.
server/debug_bulkCreateProductsWithAccounting.ts(9503,16): error TS1005: ',' expected.
server/debug_bulkCreateProductsWithAccounting.ts(9506,5): error TS1005: ',' expected.
server/debug_bulkCreateProductsWithAccounting.ts(9506,16): error TS1005: ',' expected.
server/debug_bulkCreateProductsWithAccounting.ts(9509,5): error TS1005: ',' expected.
server/debug_bulkCreateProductsWithAccounting.ts(9509,16): error TS1005: ',' expected.
server/debug_bulkCreateProductsWithAccounting.ts(9512,5): error TS1005: ',' expected.
server/debug_bulkCreateProductsWithAccounting.ts(9512,16): error TS1005: ',' expected.
server/debug_bulkCreateProductsWithAccounting.ts(9516,5): error TS1005: ',' expected.
server/debug_bulkCreateProductsWithAccounting.ts(9516,19): error TS1005: ',' expected.
server/debug_bulkCreateProductsWithAccounting.ts(9516,30): error TS1005: ',' expected.
server/debug_bulkCreateProductsWithAccounting.ts(9516,32): error TS1136: Property assignment expected.
server/debug_bulkCreateProductsWithAccounting.ts(9522,3): error TS1128: Declaration or statement expected.
server/debug_bulkCreateProductsWithAccounting.ts(9524,3): error TS1434: Unexpected keyword or identifier.
server/debug_bulkCreateProductsWithAccounting.ts(9524,26): error TS1005: ',' expected.
server/debug_bulkCreateProductsWithAccounting.ts(9524,35): error TS1005: ';' expected.
server/debug_bulkCreateProductsWithAccounting.ts(9525,11): error TS1005: ':' expected.
server/debug_bulkCreateProductsWithAccounting.ts(9525,91): error TS1005: ',' expected.
server/debug_bulkCreateProductsWithAccounting.ts(9526,12): error TS1005: ':' expected.
server/debug_bulkCreateProductsWithAccounting.ts(9526,33): error TS1005: ',' expected.
server/debug_bulkCreateProductsWithAccounting.ts(9529,3): error TS1434: Unexpected keyword or identifier.
server/debug_bulkCreateProductsWithAccounting.ts(9529,31): error TS1005: ',' expected.
server/debug_bulkCreateProductsWithAccounting.ts(9529,51): error TS1005: ';' expected.
server/debug_bulkCreateProductsWithAccounting.ts(9530,11): error TS1005: ':' expected.
server/debug_bulkCreateProductsWithAccounting.ts(9530,78): error TS1005: ',' expected.
server/debug_bulkCreateProductsWithAccounting.ts(9531,12): error TS1005: ':' expected.
server/debug_bulkCreateProductsWithAccounting.ts(9531,20): error TS1005: ',' expected.
server/debug_bulkCreateProductsWithAccounting.ts(9534,3): error TS1434: Unexpected keyword or identifier.
server/debug_bulkCreateProductsWithAccounting.ts(9534,29): error TS1005: ',' expected.
server/debug_bulkCreateProductsWithAccounting.ts(9534,43): error TS1005: ',' expected.
server/debug_bulkCreateProductsWithAccounting.ts(9534,72): error TS1005: ';' expected.
server/debug_bulkCreateProductsWithAccounting.ts(9535,11): error TS1005: ':' expected.
server/debug_bulkCreateProductsWithAccounting.ts(9538,19): error TS1005: ',' expected.
server/debug_bulkCreateProductsWithAccounting.ts(9539,12): error TS1005: ':' expected.
server/debug_bulkCreateProductsWithAccounting.ts(9539,32): error TS1005: ',' expected.
server/debug_bulkCreateProductsWithAccounting.ts(9542,3): error TS1434: Unexpected keyword or identifier.
server/debug_bulkCreateProductsWithAccounting.ts(9542,29): error TS1005: ',' expected.
server/debug_bulkCreateProductsWithAccounting.ts(9542,38): error TS1005: ';' expected.
server/debug_bulkCreateProductsWithAccounting.ts(9542,52): error TS1109: Expression expected.
server/debug_bulkCreateProductsWithAccounting.ts(9543,11): error TS1005: ',' expected.
server/debug_bulkCreateProductsWithAccounting.ts(9543,13): error TS1005: ',' expected.
server/debug_bulkCreateProductsWithAccounting.ts(9543,65): error TS1005: ',' expected.
server/debug_bulkCreateProductsWithAccounting.ts(9546,3): error TS1434: Unexpected keyword or identifier.
server/debug_bulkCreateProductsWithAccounting.ts(9546,34): error TS1005: ',' expected.
server/debug_bulkCreateProductsWithAccounting.ts(9546,43): error TS1005: ';' expected.
server/debug_bulkCreateProductsWithAccounting.ts(9546,65): error TS1011: An element access expression should take an argument.
server/debug_bulkCreateProductsWithAccounting.ts(9547,12): error TS1005: ':' expected.
server/debug_bulkCreateProductsWithAccounting.ts(9553,47): error TS1005: ',' expected.
server/debug_bulkCreateProductsWithAccounting.ts(9558,3): error TS1434: Unexpected keyword or identifier.
server/debug_bulkCreateProductsWithAccounting.ts(9558,42): error TS1005: ',' expected.
server/debug_bulkCreateProductsWithAccounting.ts(9558,51): error TS1005: ';' expected.
server/debug_bulkCreateProductsWithAccounting.ts(9558,80): error TS1011: An element access expression should take an argument.
server/debug_bulkCreateProductsWithAccounting.ts(9559,12): error TS1005: ':' expected.
server/debug_bulkCreateProductsWithAccounting.ts(9561,88): error TS1005: ',' expected.
server/debug_bulkCreateProductsWithAccounting.ts(9564,3): error TS1434: Unexpected keyword or identifier.
server/debug_bulkCreateProductsWithAccounting.ts(9564,38): error TS1005: ',' expected.
server/debug_bulkCreateProductsWithAccounting.ts(9564,65): error TS1005: ';' expected.
server/debug_bulkCreateProductsWithAccounting.ts(9565,11): error TS1005: ':' expected.
server/debug_bulkCreateProductsWithAccounting.ts(9565,84): error TS1005: ',' expected.
server/debug_bulkCreateProductsWithAccounting.ts(9566,12): error TS1005: ':' expected.
server/debug_bulkCreateProductsWithAccounting.ts(9566,19): error TS1005: ',' expected.
server/debug_bulkCreateProductsWithAccounting.ts(9569,3): error TS1434: Unexpected keyword or identifier.
server/debug_bulkCreateProductsWithAccounting.ts(9569,36): error TS1005: ',' expected.
server/debug_bulkCreateProductsWithAccounting.ts(9569,50): error TS1005: ',' expected.
server/debug_bulkCreateProductsWithAccounting.ts(9569,86): error TS1005: ';' expected.
server/debug_bulkCreateProductsWithAccounting.ts(9570,11): error TS1005: ':' expected.
server/debug_bulkCreateProductsWithAccounting.ts(9573,19): error TS1005: ',' expected.
server/debug_bulkCreateProductsWithAccounting.ts(9574,12): error TS1005: ':' expected.
server/debug_bulkCreateProductsWithAccounting.ts(9574,32): error TS1005: ',' expected.
server/debug_bulkCreateProductsWithAccounting.ts(9577,3): error TS1434: Unexpected keyword or identifier.
server/debug_bulkCreateProductsWithAccounting.ts(9577,36): error TS1005: ',' expected.
server/debug_bulkCreateProductsWithAccounting.ts(9577,45): error TS1005: ';' expected.
server/debug_bulkCreateProductsWithAccounting.ts(9577,59): error TS1109: Expression expected.
server/debug_bulkCreateProductsWithAccounting.ts(9578,11): error TS1005: ',' expected.
server/debug_bulkCreateProductsWithAccounting.ts(9578,13): error TS1005: ',' expected.
server/debug_bulkCreateProductsWithAccounting.ts(9578,79): error TS1005: ',' expected.
server/debug_bulkCreateProductsWithAccounting.ts(9583,3): error TS1434: Unexpected keyword or identifier.
server/debug_bulkCreateProductsWithAccounting.ts(9583,35): error TS1005: ',' expected.
server/debug_bulkCreateProductsWithAccounting.ts(9583,55): error TS1005: ',' expected.
server/debug_bulkCreateProductsWithAccounting.ts(9583,73): error TS1005: ';' expected.
server/debug_bulkCreateProductsWithAccounting.ts(9583,99): error TS1011: An element access expression should take an argument.
server/debug_bulkCreateProductsWithAccounting.ts(9592,5): error TS1005: ',' expected.
server/debug_bulkCreateProductsWithAccounting.ts(9592,12): error TS1005: ':' expected.
server/debug_bulkCreateProductsWithAccounting.ts(9594,49): error TS1005: ',' expected.
server/debug_bulkCreateProductsWithAccounting.ts(9597,3): error TS1434: Unexpected keyword or identifier.
server/debug_bulkCreateProductsWithAccounting.ts(9597,35): error TS1005: ',' expected.
server/debug_bulkCreateProductsWithAccounting.ts(9597,59): error TS1005: ';' expected.
server/debug_bulkCreateProductsWithAccounting.ts(9598,11): error TS1005: ':' expected.
server/debug_bulkCreateProductsWithAccounting.ts(9598,86): error TS1005: ',' expected.
server/debug_bulkCreateProductsWithAccounting.ts(9599,12): error TS1005: ':' expected.
server/debug_bulkCreateProductsWithAccounting.ts(9599,24): error TS1005: ',' expected.
server/debug_bulkCreateProductsWithAccounting.ts(9602,3): error TS1434: Unexpected keyword or identifier.
server/debug_bulkCreateProductsWithAccounting.ts(9602,35): error TS1005: ',' expected.
server/debug_bulkCreateProductsWithAccounting.ts(9602,44): error TS1005: ';' expected.
server/debug_bulkCreateProductsWithAccounting.ts(9603,11): error TS1005: ':' expected.
server/debug_bulkCreateProductsWithAccounting.ts(9606,19): error TS1005: ',' expected.
server/debug_bulkCreateProductsWithAccounting.ts(9607,12): error TS1005: ':' expected.
server/debug_bulkCreateProductsWithAccounting.ts(9607,32): error TS1005: ',' expected.
server/debug_bulkCreateProductsWithAccounting.ts(9610,3): error TS1434: Unexpected keyword or identifier.
server/debug_bulkCreateProductsWithAccounting.ts(9610,43): error TS1005: ',' expected.
server/debug_bulkCreateProductsWithAccounting.ts(9610,52): error TS1005: ';' expected.
server/debug_bulkCreateProductsWithAccounting.ts(9610,66): error TS1109: Expression expected.
server/debug_bulkCreateProductsWithAccounting.ts(9611,11): error TS1005: ',' expected.
server/debug_bulkCreateProductsWithAccounting.ts(9611,13): error TS1005: ',' expected.
server/debug_bulkCreateProductsWithAccounting.ts(9616,9): error TS1005: ',' expected.
server/debug_bulkCreateProductsWithAccounting.ts(9621,3): error TS1434: Unexpected keyword or identifier.
server/debug_bulkCreateProductsWithAccounting.ts(9621,29): error TS1109: Expression expected.
server/debug_bulkCreateProductsWithAccounting.ts(9621,52): error TS1005: ',' expected.
server/debug_bulkCreateProductsWithAccounting.ts(9621,69): error TS1005: ',' expected.
server/debug_bulkCreateProductsWithAccounting.ts(9621,86): error TS1005: ',' expected.
server/debug_bulkCreateProductsWithAccounting.ts(9621,103): error TS1005: ',' expected.
server/debug_bulkCreateProductsWithAccounting.ts(9621,124): error TS1005: ',' expected.
server/debug_bulkCreateProductsWithAccounting.ts(9621,141): error TS1005: ',' expected.
server/debug_bulkCreateProductsWithAccounting.ts(9621,163): error TS1005: ';' expected.
server/debug_bulkCreateProductsWithAccounting.ts(9621,181): error TS1011: An element access expression should take an argument.
server/debug_bulkCreateProductsWithAccounting.ts(9622,11): error TS1005: ':' expected.
server/debug_bulkCreateProductsWithAccounting.ts(9622,21): error TS1005: ',' expected.
server/debug_bulkCreateProductsWithAccounting.ts(9622,26): error TS1005: ',' expected.
server/debug_bulkCreateProductsWithAccounting.ts(9622,27): error TS1109: Expression expected.
server/debug_bulkCreateProductsWithAccounting.ts(9622,29): error TS1005: ':' expected.
server/debug_bulkCreateProductsWithAccounting.ts(9622,33): error TS1005: ',' expected.
server/debug_bulkCreateProductsWithAccounting.ts(9624,16): error TS1005: ',' expected.
server/debug_bulkCreateProductsWithAccounting.ts(9627,5): error TS1005: ',' expected.
server/debug_bulkCreateProductsWithAccounting.ts(9627,16): error TS1005: ',' expected.
server/debug_bulkCreateProductsWithAccounting.ts(9630,5): error TS1005: ',' expected.
server/debug_bulkCreateProductsWithAccounting.ts(9630,16): error TS1005: ',' expected.
server/debug_bulkCreateProductsWithAccounting.ts(9633,5): error TS1005: ',' expected.
server/debug_bulkCreateProductsWithAccounting.ts(9633,16): error TS1005: ',' expected.
server/debug_bulkCreateProductsWithAccounting.ts(9636,5): error TS1005: ',' expected.
server/debug_bulkCreateProductsWithAccounting.ts(9636,16): error TS1005: ',' expected.
server/debug_bulkCreateProductsWithAccounting.ts(9639,5): error TS1005: ',' expected.
server/debug_bulkCreateProductsWithAccounting.ts(9639,16): error TS1005: ',' expected.
server/debug_bulkCreateProductsWithAccounting.ts(9642,5): error TS1005: ',' expected.
server/debug_bulkCreateProductsWithAccounting.ts(9642,16): error TS1005: ',' expected.
server/debug_bulkCreateProductsWithAccounting.ts(9646,5): error TS1005: ',' expected.
server/debug_bulkCreateProductsWithAccounting.ts(9646,19): error TS1005: ',' expected.
server/debug_bulkCreateProductsWithAccounting.ts(9646,30): error TS1005: ',' expected.
server/debug_bulkCreateProductsWithAccounting.ts(9646,32): error TS1136: Property assignment expected.
server/debug_bulkCreateProductsWithAccounting.ts(9652,3): error TS1128: Declaration or statement expected.
server/debug_bulkCreateProductsWithAccounting.ts(9654,3): error TS1434: Unexpected keyword or identifier.
server/debug_bulkCreateProductsWithAccounting.ts(9654,22): error TS1005: ',' expected.
server/debug_bulkCreateProductsWithAccounting.ts(9654,31): error TS1005: ';' expected.
server/debug_bulkCreateProductsWithAccounting.ts(9655,11): error TS1005: ':' expected.
server/debug_bulkCreateProductsWithAccounting.ts(9655,79): error TS1005: ',' expected.
server/debug_bulkCreateProductsWithAccounting.ts(9656,12): error TS1005: ':' expected.
server/debug_bulkCreateProductsWithAccounting.ts(9656,29): error TS1005: ',' expected.
server/debug_bulkCreateProductsWithAccounting.ts(9659,3): error TS1434: Unexpected keyword or identifier.
server/debug_bulkCreateProductsWithAccounting.ts(9659,27): error TS1005: ',' expected.
server/debug_bulkCreateProductsWithAccounting.ts(9659,43): error TS1005: ';' expected.
server/debug_bulkCreateProductsWithAccounting.ts(9660,11): error TS1005: ':' expected.
server/debug_bulkCreateProductsWithAccounting.ts(9660,70): error TS1005: ',' expected.
server/debug_bulkCreateProductsWithAccounting.ts(9661,12): error TS1005: ':' expected.
server/debug_bulkCreateProductsWithAccounting.ts(9661,16): error TS1005: ',' expected.
server/debug_bulkCreateProductsWithAccounting.ts(9664,3): error TS1434: Unexpected keyword or identifier.
server/debug_bulkCreateProductsWithAccounting.ts(9664,25): error TS1005: ',' expected.
server/debug_bulkCreateProductsWithAccounting.ts(9664,39): error TS1005: ',' expected.
server/debug_bulkCreateProductsWithAccounting.ts(9664,64): error TS1005: ';' expected.
server/debug_bulkCreateProductsWithAccounting.ts(9665,11): error TS1005: ':' expected.
server/debug_bulkCreateProductsWithAccounting.ts(9665,21): error TS1005: ',' expected.
server/debug_bulkCreateProductsWithAccounting.ts(9665,63): error TS1005: ',' expected.
server/debug_bulkCreateProductsWithAccounting.ts(9667,13): error TS1005: ',' expected.
server/debug_bulkCreateProductsWithAccounting.ts(9667,63): error TS1005: ',' expected.
server/debug_bulkCreateProductsWithAccounting.ts(9667,65): error TS1136: Property assignment expected.
server/debug_bulkCreateProductsWithAccounting.ts(9676,3): error TS1128: Declaration or statement expected.
server/debug_bulkCreateProductsWithAccounting.ts(9678,3): error TS1434: Unexpected keyword or identifier.
server/debug_bulkCreateProductsWithAccounting.ts(9678,25): error TS1005: ',' expected.
server/debug_bulkCreateProductsWithAccounting.ts(9678,34): error TS1005: ';' expected.
server/debug_bulkCreateProductsWithAccounting.ts(9678,48): error TS1109: Expression expected.
server/debug_bulkCreateProductsWithAccounting.ts(9679,11): error TS1005: ',' expected.
server/debug_bulkCreateProductsWithAccounting.ts(9679,13): error TS1005: ',' expected.
server/debug_bulkCreateProductsWithAccounting.ts(9679,57): error TS1005: ',' expected.
server/debug_bulkCreateProductsWithAccounting.ts(9684,3): error TS1434: Unexpected keyword or identifier.
server/debug_bulkCreateProductsWithAccounting.ts(9684,40): error TS1109: Expression expected.
server/debug_bulkCreateProductsWithAccounting.ts(9684,61): error TS1005: ',' expected.
server/debug_bulkCreateProductsWithAccounting.ts(9684,78): error TS1005: ',' expected.
server/debug_bulkCreateProductsWithAccounting.ts(9684,99): error TS1005: ',' expected.
server/debug_bulkCreateProductsWithAccounting.ts(9684,116): error TS1005: ',' expected.
server/debug_bulkCreateProductsWithAccounting.ts(9684,135): error TS1005: ',' expected.
server/debug_bulkCreateProductsWithAccounting.ts(9684,157): error TS1005: ',' expected.
server/debug_bulkCreateProductsWithAccounting.ts(9684,189): error TS1005: ';' expected.
server/debug_bulkCreateProductsWithAccounting.ts(9684,218): error TS1011: An element access expression should take an argument.
server/debug_bulkCreateProductsWithAccounting.ts(9685,11): error TS1005: ':' expected.
server/debug_bulkCreateProductsWithAccounting.ts(9685,21): error TS1005: ',' expected.
server/debug_bulkCreateProductsWithAccounting.ts(9685,26): error TS1005: ',' expected.
server/debug_bulkCreateProductsWithAccounting.ts(9685,27): error TS1109: Expression expected.
server/debug_bulkCreateProductsWithAccounting.ts(9685,29): error TS1005: ':' expected.
server/debug_bulkCreateProductsWithAccounting.ts(9685,33): error TS1005: ',' expected.
server/debug_bulkCreateProductsWithAccounting.ts(9687,16): error TS1005: ',' expected.
server/debug_bulkCreateProductsWithAccounting.ts(9690,5): error TS1005: ',' expected.
server/debug_bulkCreateProductsWithAccounting.ts(9690,16): error TS1005: ',' expected.
server/debug_bulkCreateProductsWithAccounting.ts(9693,5): error TS1005: ',' expected.
server/debug_bulkCreateProductsWithAccounting.ts(9693,16): error TS1005: ',' expected.
server/debug_bulkCreateProductsWithAccounting.ts(9696,5): error TS1005: ',' expected.
server/debug_bulkCreateProductsWithAccounting.ts(9696,16): error TS1005: ',' expected.
server/debug_bulkCreateProductsWithAccounting.ts(9699,5): error TS1005: ',' expected.
server/debug_bulkCreateProductsWithAccounting.ts(9699,16): error TS1005: ',' expected.
server/debug_bulkCreateProductsWithAccounting.ts(9702,5): error TS1005: ',' expected.
server/debug_bulkCreateProductsWithAccounting.ts(9702,16): error TS1005: ',' expected.
server/debug_bulkCreateProductsWithAccounting.ts(9705,5): error TS1005: ',' expected.
server/debug_bulkCreateProductsWithAccounting.ts(9705,16): error TS1005: ',' expected.
server/debug_bulkCreateProductsWithAccounting.ts(9712,5): error TS1005: ',' expected.
server/debug_bulkCreateProductsWithAccounting.ts(9712,19): error TS1005: ',' expected.
server/debug_bulkCreateProductsWithAccounting.ts(9712,30): error TS1005: ',' expected.
server/debug_bulkCreateProductsWithAccounting.ts(9712,32): error TS1136: Property assignment expected.
server/debug_bulkCreateProductsWithAccounting.ts(9716,3): error TS1128: Declaration or statement expected.
server/debug_bulkCreateProductsWithAccounting.ts(9718,3): error TS1434: Unexpected keyword or identifier.
server/debug_bulkCreateProductsWithAccounting.ts(9718,33): error TS1005: ',' expected.
server/debug_bulkCreateProductsWithAccounting.ts(9718,42): error TS1005: ';' expected.
server/debug_bulkCreateProductsWithAccounting.ts(9719,11): error TS1005: ':' expected.
server/debug_bulkCreateProductsWithAccounting.ts(9719,100): error TS1005: ',' expected.
server/debug_bulkCreateProductsWithAccounting.ts(9720,12): error TS1005: ':' expected.
server/debug_bulkCreateProductsWithAccounting.ts(9720,28): error TS1005: ',' expected.
server/debug_bulkCreateProductsWithAccounting.ts(9723,3): error TS1434: Unexpected keyword or identifier.
server/debug_bulkCreateProductsWithAccounting.ts(9723,38): error TS1005: ',' expected.
server/debug_bulkCreateProductsWithAccounting.ts(9723,65): error TS1005: ';' expected.
server/debug_bulkCreateProductsWithAccounting.ts(9724,11): error TS1005: ':' expected.
server/debug_bulkCreateProductsWithAccounting.ts(9724,80): error TS1005: ',' expected.
server/debug_bulkCreateProductsWithAccounting.ts(9725,12): error TS1005: ':' expected.
server/debug_bulkCreateProductsWithAccounting.ts(9725,15): error TS1005: ',' expected.
server/debug_bulkCreateProductsWithAccounting.ts(9728,3): error TS1434: Unexpected keyword or identifier.
server/debug_bulkCreateProductsWithAccounting.ts(9728,36): error TS1005: ',' expected.
server/debug_bulkCreateProductsWithAccounting.ts(9728,50): error TS1005: ',' expected.
server/debug_bulkCreateProductsWithAccounting.ts(9728,86): error TS1005: ';' expected.
server/debug_bulkCreateProductsWithAccounting.ts(9729,11): error TS1005: ':' expected.
server/debug_bulkCreateProductsWithAccounting.ts(9732,19): error TS1005: ',' expected.
server/debug_bulkCreateProductsWithAccounting.ts(9733,12): error TS1005: ':' expected.
server/debug_bulkCreateProductsWithAccounting.ts(9733,32): error TS1005: ',' expected.
server/debug_bulkCreateProductsWithAccounting.ts(9736,3): error TS1434: Unexpected keyword or identifier.
server/debug_bulkCreateProductsWithAccounting.ts(9736,36): error TS1005: ',' expected.
server/debug_bulkCreateProductsWithAccounting.ts(9736,45): error TS1005: ';' expected.
server/debug_bulkCreateProductsWithAccounting.ts(9736,59): error TS1109: Expression expected.
server/debug_bulkCreateProductsWithAccounting.ts(9737,11): error TS1005: ',' expected.
server/debug_bulkCreateProductsWithAccounting.ts(9737,13): error TS1005: ',' expected.
server/debug_bulkCreateProductsWithAccounting.ts(9737,83): error TS1005: ',' expected.
server/debug_bulkCreateProductsWithAccounting.ts(9738,11): error TS1005: ',' expected.
server/debug_bulkCreateProductsWithAccounting.ts(9738,13): error TS1005: ',' expected.
server/debug_bulkCreateProductsWithAccounting.ts(9738,79): error TS1005: ',' expected.
server/debug_bulkCreateProductsWithAccounting.ts(9741,3): error TS1434: Unexpected keyword or identifier.
server/debug_bulkCreateProductsWithAccounting.ts(9741,33): error TS1005: ';' expected.
server/debug_bulkCreateProductsWithAccounting.ts(9742,11): error TS1005: ':' expected.
server/debug_bulkCreateProductsWithAccounting.ts(9748,19): error TS1005: ',' expected.
server/debug_bulkCreateProductsWithAccounting.ts(9749,12): error TS1005: ':' expected.
server/debug_bulkCreateProductsWithAccounting.ts(9749,25): error TS1005: ',' expected.
server/debug_bulkCreateProductsWithAccounting.ts(9754,3): error TS1434: Unexpected keyword or identifier.
server/debug_bulkCreateProductsWithAccounting.ts(9754,40): error TS1005: ',' expected.
server/debug_bulkCreateProductsWithAccounting.ts(9754,49): error TS1005: ';' expected.
server/debug_bulkCreateProductsWithAccounting.ts(9754,76): error TS1011: An element access expression should take an argument.
server/debug_bulkCreateProductsWithAccounting.ts(9755,12): error TS1005: ':' expected.
server/debug_bulkCreateProductsWithAccounting.ts(9757,50): error TS1005: ',' expected.
server/debug_bulkCreateProductsWithAccounting.ts(9760,3): error TS1434: Unexpected keyword or identifier.
server/debug_bulkCreateProductsWithAccounting.ts(9760,36): error TS1005: ',' expected.
server/debug_bulkCreateProductsWithAccounting.ts(9760,61): error TS1005: ';' expected.
server/debug_bulkCreateProductsWithAccounting.ts(9761,11): error TS1005: ':' expected.
server/debug_bulkCreateProductsWithAccounting.ts(9761,78): error TS1005: ',' expected.
server/debug_bulkCreateProductsWithAccounting.ts(9762,12): error TS1005: ':' expected.
server/debug_bulkCreateProductsWithAccounting.ts(9762,15): error TS1005: ',' expected.
server/debug_bulkCreateProductsWithAccounting.ts(9767,3): error TS1434: Unexpected keyword or identifier.
server/debug_bulkCreateProductsWithAccounting.ts(9767,40): error TS1109: Expression expected.
server/debug_bulkCreateProductsWithAccounting.ts(9767,59): error TS1005: ',' expected.
server/debug_bulkCreateProductsWithAccounting.ts(9767,78): error TS1005: ',' expected.
server/debug_bulkCreateProductsWithAccounting.ts(9767,100): error TS1005: ',' expected.
server/debug_bulkCreateProductsWithAccounting.ts(9767,123): error TS1005: ';' expected.
server/debug_bulkCreateProductsWithAccounting.ts(9767,152): error TS1011: An element access expression should take an argument.
server/debug_bulkCreateProductsWithAccounting.ts(9768,11): error TS1005: ':' expected.
server/debug_bulkCreateProductsWithAccounting.ts(9768,21): error TS1005: ',' expected.
server/debug_bulkCreateProductsWithAccounting.ts(9768,26): error TS1005: ',' expected.
server/debug_bulkCreateProductsWithAccounting.ts(9768,27): error TS1109: Expression expected.
server/debug_bulkCreateProductsWithAccounting.ts(9768,29): error TS1005: ':' expected.
server/debug_bulkCreateProductsWithAccounting.ts(9768,33): error TS1005: ',' expected.
server/debug_bulkCreateProductsWithAccounting.ts(9770,16): error TS1005: ',' expected.
server/debug_bulkCreateProductsWithAccounting.ts(9773,5): error TS1005: ',' expected.
server/debug_bulkCreateProductsWithAccounting.ts(9773,16): error TS1005: ',' expected.
server/debug_bulkCreateProductsWithAccounting.ts(9776,5): error TS1005: ',' expected.
server/debug_bulkCreateProductsWithAccounting.ts(9776,16): error TS1005: ',' expected.
server/debug_bulkCreateProductsWithAccounting.ts(9779,5): error TS1005: ',' expected.
server/debug_bulkCreateProductsWithAccounting.ts(9779,16): error TS1005: ',' expected.
server/debug_bulkCreateProductsWithAccounting.ts(9779,27): error TS1005: ',' expected.
server/debug_bulkCreateProductsWithAccounting.ts(9779,40): error TS1005: ';' expected.
server/debug_bulkCreateProductsWithAccounting.ts(9787,3): error TS1128: Declaration or statement expected.
server/debug_bulkCreateProductsWithAccounting.ts(9789,3): error TS1128: Declaration or statement expected.
server/debug_bulkCreateProductsWithAccounting.ts(9789,41): error TS1005: ',' expected.
server/debug_bulkCreateProductsWithAccounting.ts(9789,57): error TS1005: ',' expected.
server/debug_bulkCreateProductsWithAccounting.ts(9789,76): error TS1109: Expression expected.
server/debug_bulkCreateProductsWithAccounting.ts(9789,102): error TS1109: Expression expected.
server/debug_bulkCreateProductsWithAccounting.ts(9789,109): error TS1005: ';' expected.
server/debug_bulkCreateProductsWithAccounting.ts(9789,111): error TS1434: Unexpected keyword or identifier.
server/debug_bulkCreateProductsWithAccounting.ts(9819,3): error TS1434: Unexpected keyword or identifier.
server/debug_bulkCreateProductsWithAccounting.ts(9819,33): error TS1005: ',' expected.
server/debug_bulkCreateProductsWithAccounting.ts(9819,42): error TS1005: ';' expected.
server/debug_bulkCreateProductsWithAccounting.ts(9820,11): error TS1005: ':' expected.
server/debug_bulkCreateProductsWithAccounting.ts(9820,105): error TS1005: ',' expected.
server/debug_bulkCreateProductsWithAccounting.ts(9821,12): error TS1005: ':' expected.
server/debug_bulkCreateProductsWithAccounting.ts(9821,33): error TS1005: ',' expected.
server/debug_bulkCreateProductsWithAccounting.ts(9824,3): error TS1434: Unexpected keyword or identifier.
server/debug_bulkCreateProductsWithAccounting.ts(9824,38): error TS1005: ',' expected.
server/debug_bulkCreateProductsWithAccounting.ts(9824,65): error TS1005: ';' expected.
server/debug_bulkCreateProductsWithAccounting.ts(9825,11): error TS1005: ':' expected.
server/debug_bulkCreateProductsWithAccounting.ts(9825,125): error TS1005: ',' expected.
server/debug_bulkCreateProductsWithAccounting.ts(9826,11): error TS1005: ':' expected.
server/debug_bulkCreateProductsWithAccounting.ts(9829,19): error TS1005: ',' expected.
server/debug_bulkCreateProductsWithAccounting.ts(9830,12): error TS1005: ':' expected.
server/debug_bulkCreateProductsWithAccounting.ts(9830,20): error TS1005: ',' expected.
server/debug_bulkCreateProductsWithAccounting.ts(9833,3): error TS1434: Unexpected keyword or identifier.
server/debug_bulkCreateProductsWithAccounting.ts(9833,36): error TS1005: ',' expected.
server/debug_bulkCreateProductsWithAccounting.ts(9833,50): error TS1005: ',' expected.
server/debug_bulkCreateProductsWithAccounting.ts(9833,86): error TS1005: ';' expected.
server/debug_bulkCreateProductsWithAccounting.ts(9834,11): error TS1005: ':' expected.
server/debug_bulkCreateProductsWithAccounting.ts(9834,105): error TS1005: ',' expected.
server/debug_bulkCreateProductsWithAccounting.ts(9835,9): error TS1003: Identifier expected.
server/debug_bulkCreateProductsWithAccounting.ts(9835,20): error TS1005: '{' expected.
server/debug_bulkCreateProductsWithAccounting.ts(9835,27): error TS1005: ':' expected.
server/debug_bulkCreateProductsWithAccounting.ts(9835,36): error TS1005: ',' expected.
server/debug_bulkCreateProductsWithAccounting.ts(9837,11): error TS1005: ':' expected.
server/debug_bulkCreateProductsWithAccounting.ts(9837,59): error TS1005: ',' expected.
server/debug_bulkCreateProductsWithAccounting.ts(9838,11): error TS1005: ':' expected.
server/debug_bulkCreateProductsWithAccounting.ts(9838,69): error TS1005: ',' expected.
server/debug_bulkCreateProductsWithAccounting.ts(9839,11): error TS1005: ':' expected.
server/debug_bulkCreateProductsWithAccounting.ts(9839,68): error TS1005: ',' expected.
server/debug_bulkCreateProductsWithAccounting.ts(9841,9): error TS1005: ',' expected.
server/debug_bulkCreateProductsWithAccounting.ts(9841,43): error TS1005: ',' expected.
server/debug_bulkCreateProductsWithAccounting.ts(9842,13): error TS1005: ',' expected.
server/debug_bulkCreateProductsWithAccounting.ts(9842,110): error TS1005: ',' expected.
server/debug_bulkCreateProductsWithAccounting.ts(9842,112): error TS1136: Property assignment expected.
server/debug_bulkCreateProductsWithAccounting.ts(9851,3): error TS1128: Declaration or statement expected.
server/debug_bulkCreateProductsWithAccounting.ts(9853,3): error TS1434: Unexpected keyword or identifier.
server/debug_bulkCreateProductsWithAccounting.ts(9853,36): error TS1005: ',' expected.
server/debug_bulkCreateProductsWithAccounting.ts(9853,45): error TS1005: ';' expected.
server/debug_bulkCreateProductsWithAccounting.ts(9853,59): error TS1109: Expression expected.
server/debug_bulkCreateProductsWithAccounting.ts(9854,11): error TS1005: ',' expected.
server/debug_bulkCreateProductsWithAccounting.ts(9854,13): error TS1005: ',' expected.
server/debug_bulkCreateProductsWithAccounting.ts(9854,79): error TS1005: ',' expected.
server/debug_bulkCreateProductsWithAccounting.ts(9857,3): error TS1434: Unexpected keyword or identifier.
server/debug_bulkCreateProductsWithAccounting.ts(9857,33): error TS1005: ',' expected.
server/debug_bulkCreateProductsWithAccounting.ts(9857,56): error TS1005: ',' expected.
server/debug_bulkCreateProductsWithAccounting.ts(9857,72): error TS1109: Expression expected.
server/debug_bulkCreateProductsWithAccounting.ts(9857,81): error TS1005: ';' expected.
server/debug_bulkCreateProductsWithAccounting.ts(9858,11): error TS1005: ':' expected.
server/debug_bulkCreateProductsWithAccounting.ts(9858,105): error TS1005: ',' expected.
server/debug_bulkCreateProductsWithAccounting.ts(9859,9): error TS1003: Identifier expected.
server/debug_bulkCreateProductsWithAccounting.ts(9859,20): error TS1005: '{' expected.
server/debug_bulkCreateProductsWithAccounting.ts(9859,26): error TS1005: ':' expected.
server/debug_bulkCreateProductsWithAccounting.ts(9859,57): error TS1005: ',' expected.
server/debug_bulkCreateProductsWithAccounting.ts(9861,11): error TS1005: ':' expected.
server/debug_bulkCreateProductsWithAccounting.ts(9861,54): error TS1005: ',' expected.
server/debug_bulkCreateProductsWithAccounting.ts(9862,16): error TS1005: ',' expected.
server/debug_bulkCreateProductsWithAccounting.ts(9862,20): error TS1005: ';' expected.
server/debug_bulkCreateProductsWithAccounting.ts(9924,3): error TS1128: Declaration or statement expected.
server/debug_bulkCreateProductsWithAccounting.ts(9926,3): error TS1434: Unexpected keyword or identifier.
server/debug_bulkCreateProductsWithAccounting.ts(9926,26): error TS1005: ';' expected.
server/debug_bulkCreateProductsWithAccounting.ts(9926,55): error TS1011: An element access expression should take an argument.
server/debug_bulkCreateProductsWithAccounting.ts(9927,12): error TS1005: ':' expected.
server/debug_bulkCreateProductsWithAccounting.ts(9932,53): error TS1005: ',' expected.
server/debug_bulkCreateProductsWithAccounting.ts(9937,3): error TS1434: Unexpected keyword or identifier.
server/debug_bulkCreateProductsWithAccounting.ts(9937,19): error TS1005: ';' expected.
server/debug_bulkCreateProductsWithAccounting.ts(9937,34): error TS1011: An element access expression should take an argument.
server/debug_bulkCreateProductsWithAccounting.ts(9938,12): error TS1005: ':' expected.
server/debug_bulkCreateProductsWithAccounting.ts(9938,60): error TS1005: ',' expected.
server/debug_bulkCreateProductsWithAccounting.ts(9941,3): error TS1434: Unexpected keyword or identifier.
server/debug_bulkCreateProductsWithAccounting.ts(9941,19): error TS1005: ',' expected.
server/debug_bulkCreateProductsWithAccounting.ts(9941,28): error TS1005: ';' expected.
server/debug_bulkCreateProductsWithAccounting.ts(9942,11): error TS1005: ':' expected.
server/debug_bulkCreateProductsWithAccounting.ts(9942,73): error TS1005: ',' expected.
server/debug_bulkCreateProductsWithAccounting.ts(9943,12): error TS1005: ':' expected.
server/debug_bulkCreateProductsWithAccounting.ts(9943,29): error TS1005: ',' expected.
server/debug_bulkCreateProductsWithAccounting.ts(9946,3): error TS1434: Unexpected keyword or identifier.
server/debug_bulkCreateProductsWithAccounting.ts(9946,27): error TS1005: ',' expected.
server/debug_bulkCreateProductsWithAccounting.ts(9946,36): error TS1005: ';' expected.
server/debug_bulkCreateProductsWithAccounting.ts(9947,11): error TS1005: ':' expected.
server/debug_bulkCreateProductsWithAccounting.ts(9947,77): error TS1005: ',' expected.
server/debug_bulkCreateProductsWithAccounting.ts(9948,12): error TS1005: ':' expected.
server/debug_bulkCreateProductsWithAccounting.ts(9948,29): error TS1005: ',' expected.
server/debug_bulkCreateProductsWithAccounting.ts(9951,3): error TS1434: Unexpected keyword or identifier.
server/debug_bulkCreateProductsWithAccounting.ts(9951,24): error TS1005: ',' expected.
server/debug_bulkCreateProductsWithAccounting.ts(9951,37): error TS1005: ';' expected.
server/debug_bulkCreateProductsWithAccounting.ts(9952,11): error TS1005: ':' expected.
server/debug_bulkCreateProductsWithAccounting.ts(9952,67): error TS1005: ',' expected.
server/debug_bulkCreateProductsWithAccounting.ts(9953,12): error TS1005: ':' expected.
server/debug_bulkCreateProductsWithAccounting.ts(9953,16): error TS1005: ',' expected.
server/debug_bulkCreateProductsWithAccounting.ts(9956,3): error TS1434: Unexpected keyword or identifier.
server/debug_bulkCreateProductsWithAccounting.ts(9956,22): error TS1005: ',' expected.
server/debug_bulkCreateProductsWithAccounting.ts(9956,36): error TS1005: ',' expected.
server/debug_bulkCreateProductsWithAccounting.ts(9956,58): error TS1005: ';' expected.
server/debug_bulkCreateProductsWithAccounting.ts(9957,11): error TS1005: ':' expected.
server/debug_bulkCreateProductsWithAccounting.ts(9960,19): error TS1005: ',' expected.
server/debug_bulkCreateProductsWithAccounting.ts(9961,12): error TS1005: ':' expected.
server/debug_bulkCreateProductsWithAccounting.ts(9961,32): error TS1005: ',' expected.
server/debug_bulkCreateProductsWithAccounting.ts(9964,3): error TS1434: Unexpected keyword or identifier.
server/debug_bulkCreateProductsWithAccounting.ts(9964,22): error TS1005: ',' expected.
server/debug_bulkCreateProductsWithAccounting.ts(9964,31): error TS1005: ';' expected.
server/debug_bulkCreateProductsWithAccounting.ts(9964,45): error TS1109: Expression expected.
server/debug_bulkCreateProductsWithAccounting.ts(9965,11): error TS1005: ':' expected.
server/debug_bulkCreateProductsWithAccounting.ts(9965,40): error TS1005: ',' expected.
server/debug_bulkCreateProductsWithAccounting.ts(9966,13): error TS1005: ',' expected.
server/debug_bulkCreateProductsWithAccounting.ts(9969,5): error TS1005: ',' expected.
server/debug_bulkCreateProductsWithAccounting.ts(9969,11): error TS1005: ',' expected.
server/debug_bulkCreateProductsWithAccounting.ts(9969,13): error TS1005: ',' expected.
server/debug_bulkCreateProductsWithAccounting.ts(9969,67): error TS1005: ',' expected.
server/debug_bulkCreateProductsWithAccounting.ts(9970,11): error TS1005: ',' expected.
server/debug_bulkCreateProductsWithAccounting.ts(9970,13): error TS1005: ',' expected.
server/debug_bulkCreateProductsWithAccounting.ts(9970,51): error TS1005: ',' expected.
server/debug_bulkCreateProductsWithAccounting.ts(9973,3): error TS1434: Unexpected keyword or identifier.
server/debug_bulkCreateProductsWithAccounting.ts(9973,21): error TS1005: ',' expected.
server/debug_bulkCreateProductsWithAccounting.ts(9973,38): error TS1005: ',' expected.
server/debug_bulkCreateProductsWithAccounting.ts(9973,47): error TS1005: ';' expected.
server/debug_bulkCreateProductsWithAccounting.ts(9974,11): error TS1005: ':' expected.
server/debug_bulkCreateProductsWithAccounting.ts(9974,46): error TS1005: ',' expected.
server/debug_bulkCreateProductsWithAccounting.ts(9975,9): error TS1003: Identifier expected.
server/debug_bulkCreateProductsWithAccounting.ts(9978,5): error TS1005: ',' expected.
server/debug_bulkCreateProductsWithAccounting.ts(9978,11): error TS1005: ':' expected.
server/debug_bulkCreateProductsWithAccounting.ts(9978,59): error TS1005: ',' expected.
server/debug_bulkCreateProductsWithAccounting.ts(9982,5): error TS1005: ',' expected.
server/debug_bulkCreateProductsWithAccounting.ts(9982,11): error TS1005: ':' expected.
server/debug_bulkCreateProductsWithAccounting.ts(9987,19): error TS1005: ',' expected.
server/debug_bulkCreateProductsWithAccounting.ts(9988,11): error TS1005: ':' expected.
server/debug_bulkCreateProductsWithAccounting.ts(9988,66): error TS1005: ',' expected.
server/debug_bulkCreateProductsWithAccounting.ts(9989,10): error TS1359: Identifier expected. 'const' is a reserved word that cannot be used here.
server/debug_bulkCreateProductsWithAccounting.ts(9989,16): error TS1005: ',' expected.
server/debug_bulkCreateProductsWithAccounting.ts(9989,21): error TS1005: ',' expected.
server/debug_bulkCreateProductsWithAccounting.ts(9989,24): error TS1005: ',' expected.
server/debug_bulkCreateProductsWithAccounting.ts(9997,5): error TS1005: ',' expected.
server/debug_bulkCreateProductsWithAccounting.ts(9997,12): error TS1005: ':' expected.
server/debug_bulkCreateProductsWithAccounting.ts(9997,19): error TS1005: ',' expected.
server/debug_bulkCreateProductsWithAccounting.ts(10000,3): error TS1434: Unexpected keyword or identifier.
server/debug_bulkCreateProductsWithAccounting.ts(10000,19): error TS1005: ';' expected.
server/debug_bulkCreateProductsWithAccounting.ts(10000,34): error TS1011: An element access expression should take an argument.
server/debug_bulkCreateProductsWithAccounting.ts(10001,12): error TS1005: ':' expected.
server/debug_bulkCreateProductsWithAccounting.ts(10001,65): error TS1005: ',' expected.
server/debug_bulkCreateProductsWithAccounting.ts(10004,3): error TS1434: Unexpected keyword or identifier.
server/debug_bulkCreateProductsWithAccounting.ts(10004,19): error TS1005: ',' expected.
server/debug_bulkCreateProductsWithAccounting.ts(10004,28): error TS1005: ';' expected.
server/debug_bulkCreateProductsWithAccounting.ts(10005,11): error TS1005: ':' expected.
server/debug_bulkCreateProductsWithAccounting.ts(10005,73): error TS1005: ',' expected.
server/debug_bulkCreateProductsWithAccounting.ts(10006,12): error TS1005: ':' expected.
server/debug_bulkCreateProductsWithAccounting.ts(10006,29): error TS1005: ',' expected.
server/debug_bulkCreateProductsWithAccounting.ts(10009,3): error TS1434: Unexpected keyword or identifier.
server/debug_bulkCreateProductsWithAccounting.ts(10009,24): error TS1005: ',' expected.
server/debug_bulkCreateProductsWithAccounting.ts(10009,37): error TS1005: ';' expected.
server/debug_bulkCreateProductsWithAccounting.ts(10010,11): error TS1005: ':' expected.
server/debug_bulkCreateProductsWithAccounting.ts(10010,67): error TS1005: ',' expected.
server/debug_bulkCreateProductsWithAccounting.ts(10011,12): error TS1005: ':' expected.
server/debug_bulkCreateProductsWithAccounting.ts(10011,16): error TS1005: ',' expected.
server/debug_bulkCreateProductsWithAccounting.ts(10014,3): error TS1434: Unexpected keyword or identifier.
server/debug_bulkCreateProductsWithAccounting.ts(10014,22): error TS1005: ',' expected.
server/debug_bulkCreateProductsWithAccounting.ts(10014,36): error TS1005: ',' expected.
server/debug_bulkCreateProductsWithAccounting.ts(10014,58): error TS1005: ';' expected.
server/debug_bulkCreateProductsWithAccounting.ts(10015,11): error TS1005: ':' expected.
server/debug_bulkCreateProductsWithAccounting.ts(10018,19): error TS1005: ',' expected.
server/debug_bulkCreateProductsWithAccounting.ts(10019,12): error TS1005: ':' expected.
server/debug_bulkCreateProductsWithAccounting.ts(10019,32): error TS1005: ',' expected.
server/debug_bulkCreateProductsWithAccounting.ts(10022,3): error TS1434: Unexpected keyword or identifier.
server/debug_bulkCreateProductsWithAccounting.ts(10022,22): error TS1005: ',' expected.
server/debug_bulkCreateProductsWithAccounting.ts(10022,31): error TS1005: ';' expected.
server/debug_bulkCreateProductsWithAccounting.ts(10022,45): error TS1109: Expression expected.
server/debug_bulkCreateProductsWithAccounting.ts(10023,11): error TS1005: ',' expected.
server/debug_bulkCreateProductsWithAccounting.ts(10023,13): error TS1005: ',' expected.
server/debug_bulkCreateProductsWithAccounting.ts(10023,67): error TS1005: ',' expected.
server/debug_bulkCreateProductsWithAccounting.ts(10024,11): error TS1005: ',' expected.
server/debug_bulkCreateProductsWithAccounting.ts(10024,13): error TS1005: ',' expected.
server/debug_bulkCreateProductsWithAccounting.ts(10024,51): error TS1005: ',' expected.
server/debug_bulkCreateProductsWithAccounting.ts(10027,3): error TS1434: Unexpected keyword or identifier.
server/debug_bulkCreateProductsWithAccounting.ts(10027,31): error TS1109: Expression expected.
server/debug_bulkCreateProductsWithAccounting.ts(10027,40): error TS1005: ';' expected.
server/debug_bulkCreateProductsWithAccounting.ts(10027,61): error TS1011: An element access expression should take an argument.
server/debug_bulkCreateProductsWithAccounting.ts(10031,5): error TS1005: ',' expected.
server/debug_bulkCreateProductsWithAccounting.ts(10031,12): error TS1005: ':' expected.
server/debug_bulkCreateProductsWithAccounting.ts(10031,41): error TS1005: ',' expected.
server/debug_bulkCreateProductsWithAccounting.ts(10034,3): error TS1434: Unexpected keyword or identifier.
server/debug_bulkCreateProductsWithAccounting.ts(10034,36): error TS1005: ',' expected.
server/debug_bulkCreateProductsWithAccounting.ts(10034,45): error TS1005: ';' expected.
server/debug_bulkCreateProductsWithAccounting.ts(10034,66): error TS1011: An element access expression should take an argument.
server/debug_bulkCreateProductsWithAccounting.ts(10035,12): error TS1005: ':' expected.
server/debug_bulkCreateProductsWithAccounting.ts(10035,79): error TS1005: ',' expected.
server/debug_bulkCreateProductsWithAccounting.ts(10038,3): error TS1434: Unexpected keyword or identifier.
server/debug_bulkCreateProductsWithAccounting.ts(10038,34): error TS1005: ',' expected.
server/debug_bulkCreateProductsWithAccounting.ts(10038,43): error TS1005: ';' expected.
server/debug_bulkCreateProductsWithAccounting.ts(10039,11): error TS1005: ':' expected.
server/debug_bulkCreateProductsWithAccounting.ts(10039,77): error TS1005: ',' expected.
server/debug_bulkCreateProductsWithAccounting.ts(10040,9): error TS1003: Identifier expected.
server/debug_bulkCreateProductsWithAccounting.ts(10040,14): error TS1005: ',' expected.
server/debug_bulkCreateProductsWithAccounting.ts(10043,5): error TS1005: ',' expected.
server/debug_bulkCreateProductsWithAccounting.ts(10043,11): error TS1005: ':' expected.
server/debug_bulkCreateProductsWithAccounting.ts(10053,50): error TS1005: ',' expected.
server/debug_bulkCreateProductsWithAccounting.ts(10054,12): error TS1005: ':' expected.
server/debug_bulkCreateProductsWithAccounting.ts(10054,27): error TS1005: ',' expected.
server/debug_bulkCreateProductsWithAccounting.ts(10057,3): error TS1434: Unexpected keyword or identifier.
server/debug_bulkCreateProductsWithAccounting.ts(10057,29): error TS1005: ',' expected.
server/debug_bulkCreateProductsWithAccounting.ts(10057,45): error TS1005: ',' expected.
server/debug_bulkCreateProductsWithAccounting.ts(10057,62): error TS1005: ',' expected.
server/debug_bulkCreateProductsWithAccounting.ts(10057,81): error TS1005: ',' expected.
server/debug_bulkCreateProductsWithAccounting.ts(10057,91): error TS1005: ';' expected.
server/debug_bulkCreateProductsWithAccounting.ts(10058,11): error TS1005: ':' expected.
server/debug_bulkCreateProductsWithAccounting.ts(10059,82): error TS1005: ',' expected.
server/debug_bulkCreateProductsWithAccounting.ts(10066,7): error TS1005: ',' expected.
server/debug_bulkCreateProductsWithAccounting.ts(10066,12): error TS1005: ':' expected.
server/debug_bulkCreateProductsWithAccounting.ts(10067,13): error TS1005: ':' expected.
server/debug_bulkCreateProductsWithAccounting.ts(10072,21): error TS1005: ',' expected.
server/debug_bulkCreateProductsWithAccounting.ts(10073,14): error TS1005: ':' expected.
server/debug_bulkCreateProductsWithAccounting.ts(10073,21): error TS1005: ',' expected.
server/debug_bulkCreateProductsWithAccounting.ts(10077,3): error TS1434: Unexpected keyword or identifier.
server/debug_bulkCreateProductsWithAccounting.ts(10077,39): error TS1005: ',' expected.
server/debug_bulkCreateProductsWithAccounting.ts(10077,48): error TS1005: ';' expected.
server/debug_bulkCreateProductsWithAccounting.ts(10077,62): error TS1109: Expression expected.
server/debug_bulkCreateProductsWithAccounting.ts(10078,11): error TS1005: ',' expected.
server/debug_bulkCreateProductsWithAccounting.ts(10078,13): error TS1005: ',' expected.
server/debug_bulkCreateProductsWithAccounting.ts(10078,71): error TS1005: ',' expected.
server/debug_bulkCreateProductsWithAccounting.ts(10081,3): error TS1434: Unexpected keyword or identifier.
server/debug_bulkCreateProductsWithAccounting.ts(10081,27): error TS1005: ';' expected.
server/debug_bulkCreateProductsWithAccounting.ts(10081,41): error TS1109: Expression expected.
server/debug_bulkCreateProductsWithAccounting.ts(10082,11): error TS1005: ':' expected.
server/debug_bulkCreateProductsWithAccounting.ts(10082,48): error TS1005: ',' expected.
server/debug_bulkCreateProductsWithAccounting.ts(10083,22): error TS1005: ',' expected.
server/debug_bulkCreateProductsWithAccounting.ts(10083,33): error TS1005: ',' expected.
server/debug_bulkCreateProductsWithAccounting.ts(10083,41): error TS1005: ':' expected.
server/debug_bulkCreateProductsWithAccounting.ts(10085,11): error TS1005: ':' expected.
server/debug_bulkCreateProductsWithAccounting.ts(10122,6): error TS1005: ',' expected.
server/debug_bulkCreateProductsWithAccounting.ts(10124,10): error TS1359: Identifier expected. 'const' is a reserved word that cannot be used here.
server/debug_bulkCreateProductsWithAccounting.ts(10124,16): error TS1005: ',' expected.
server/debug_bulkCreateProductsWithAccounting.ts(10124,21): error TS1005: ',' expected.
server/debug_bulkCreateProductsWithAccounting.ts(10124,24): error TS1005: ',' expected.
server/debug_bulkCreateProductsWithAccounting.ts(10127,5): error TS1005: ',' expected.
server/debug_bulkCreateProductsWithAccounting.ts(10127,12): error TS1005: ',' expected.
server/debug_bulkCreateProductsWithAccounting.ts(10127,72): error TS1005: ',' expected.
server/debug_bulkCreateProductsWithAccounting.ts(10130,3): error TS1434: Unexpected keyword or identifier.
server/debug_bulkCreateProductsWithAccounting.ts(10130,41): error TS1005: ',' expected.
server/debug_bulkCreateProductsWithAccounting.ts(10130,61): error TS1109: Expression expected.
server/debug_bulkCreateProductsWithAccounting.ts(10130,79): error TS1109: Expression expected.
server/debug_bulkCreateProductsWithAccounting.ts(10130,88): error TS1005: ';' expected.
server/debug_bulkCreateProductsWithAccounting.ts(10130,102): error TS1011: An element access expression should take an argument.
server/debug_bulkCreateProductsWithAccounting.ts(10131,11): error TS1005: ':' expected.
server/debug_bulkCreateProductsWithAccounting.ts(10131,59): error TS1005: ',' expected.
server/debug_bulkCreateProductsWithAccounting.ts(10136,5): error TS1005: ',' expected.
server/debug_bulkCreateProductsWithAccounting.ts(10140,5): error TS1005: ',' expected.
server/debug_bulkCreateProductsWithAccounting.ts(10140,12): error TS1005: ':' expected.
server/debug_bulkCreateProductsWithAccounting.ts(10158,36): error TS1005: ',' expected.
server/debug_bulkCreateProductsWithAccounting.ts(10160,1): error TS1128: Declaration or statement expected.
